[3.692s] Invoking command in '/root/ros2_ws/build/examples_rclpy_minimal_action_server': PYTHONPATH=/root/ros2_ws/build/examples_rclpy_minimal_action_server/prefix_override:/usr/lib/python3/dist-packages/colcon_core/task/python/colcon_distutils_commands:/root/ros2_ws/install/examples_rclpy_minimal_action_server/lib/python3.10/site-packages:${PYTHONPATH} /usr/bin/python3 -W ignore:setup.py install is deprecated -W ignore:easy_install command is deprecated setup.py develop --editable --build-directory /root/ros2_ws/build/examples_rclpy_minimal_action_server/build --no-deps symlink_data
[4.778s] running develop
[5.453s] running egg_info
[5.457s] creating examples_rclpy_minimal_action_server.egg-info
[5.457s] writing examples_rclpy_minimal_action_server.egg-info/PKG-INFO
[5.458s] writing dependency_links to examples_rclpy_minimal_action_server.egg-info/dependency_links.txt
[5.458s] writing entry points to examples_rclpy_minimal_action_server.egg-info/entry_points.txt
[5.458s] writing requirements to examples_rclpy_minimal_action_server.egg-info/requires.txt
[5.458s] writing top-level names to examples_rclpy_minimal_action_server.egg-info/top_level.txt
[5.463s] writing manifest file 'examples_rclpy_minimal_action_server.egg-info/SOURCES.txt'
[5.465s] reading manifest file 'examples_rclpy_minimal_action_server.egg-info/SOURCES.txt'
[5.470s] writing manifest file 'examples_rclpy_minimal_action_server.egg-info/SOURCES.txt'
[5.474s] running build_ext
[5.474s] Creating /root/ros2_ws/install/examples_rclpy_minimal_action_server/lib/python3.10/site-packages/examples-rclpy-minimal-action-server.egg-link (link to .)
[5.478s] Installing server script to /root/ros2_ws/install/examples_rclpy_minimal_action_server/lib/examples_rclpy_minimal_action_server
[5.478s] Installing server_defer script to /root/ros2_ws/install/examples_rclpy_minimal_action_server/lib/examples_rclpy_minimal_action_server
[5.478s] Installing server_not_composable script to /root/ros2_ws/install/examples_rclpy_minimal_action_server/lib/examples_rclpy_minimal_action_server
[5.482s] Installing server_queue_goals script to /root/ros2_ws/install/examples_rclpy_minimal_action_server/lib/examples_rclpy_minimal_action_server
[5.482s] Installing server_single_goal script to /root/ros2_ws/install/examples_rclpy_minimal_action_server/lib/examples_rclpy_minimal_action_server
[5.482s] 
[5.483s] Installed /root/ros2_ws/build/examples_rclpy_minimal_action_server
[5.483s] running symlink_data
[5.483s] creating /root/ros2_ws/install/examples_rclpy_minimal_action_server/share/ament_index
[5.483s] creating /root/ros2_ws/install/examples_rclpy_minimal_action_server/share/ament_index/resource_index
[5.483s] creating /root/ros2_ws/install/examples_rclpy_minimal_action_server/share/ament_index/resource_index/packages
[5.487s] symbolically linking /root/ros2_ws/build/examples_rclpy_minimal_action_server/resource/examples_rclpy_minimal_action_server -> /root/ros2_ws/install/examples_rclpy_minimal_action_server/share/ament_index/resource_index/packages
[5.487s] symbolically linking /root/ros2_ws/build/examples_rclpy_minimal_action_server/package.xml -> /root/ros2_ws/install/examples_rclpy_minimal_action_server/share/examples_rclpy_minimal_action_server
[5.701s] Invoked command in '/root/ros2_ws/build/examples_rclpy_minimal_action_server' returned '0': PYTHONPATH=/root/ros2_ws/build/examples_rclpy_minimal_action_server/prefix_override:/usr/lib/python3/dist-packages/colcon_core/task/python/colcon_distutils_commands:/root/ros2_ws/install/examples_rclpy_minimal_action_server/lib/python3.10/site-packages:${PYTHONPATH} /usr/bin/python3 -W ignore:setup.py install is deprecated -W ignore:easy_install command is deprecated setup.py develop --editable --build-directory /root/ros2_ws/build/examples_rclpy_minimal_action_server/build --no-deps symlink_data
