[0.040s] Invoking command in '/root/ros2_ws/build/task5': CMAKE_PREFIX_PATH=/opt/ros/humble /usr/bin/cmake --build /root/ros2_ws/build/task5 -- -j28 -l28
[0.591s] [  3%] Built target task5__cpp
[0.591s] [  6%] Built target task5__rs
[0.591s] [ 15%] Built target task5__rosidl_generator_c
[0.591s] [ 15%] Built target ament_cmake_python_copy_task5
[0.591s] [ 25%] Built target task5__rosidl_typesupport_cpp
[0.591s] [ 34%] Built target task5__rosidl_typesupport_introspection_c
[0.591s] [ 50%] Built target task5__rosidl_typesupport_c
[0.591s] [ 53%] Built target task5__rosidl_typesupport_introspection_cpp
[0.591s] [ 62%] Built target task5__rosidl_typesupport_fastrtps_c
[0.592s] [ 71%] Built target task5__rosidl_typesupport_fastrtps_cpp
[0.592s] [ 71%] Built target task5
[0.592s] [ 75%] Built target task5__py
[0.592s] [ 81%] Built target task5__rosidl_generator_py
[0.592s] [ 87%] Built target task5__rosidl_typesupport_fastrtps_c__pyext
[0.592s] [ 93%] Built target task5__rosidl_typesupport_introspection_c__pyext
[0.592s] [100%] Built target task5__rosidl_typesupport_c__pyext
[0.592s] running egg_info
[0.592s] writing task5.egg-info/PKG-INFO
[0.592s] writing dependency_links to task5.egg-info/dependency_links.txt
[0.592s] writing top-level names to task5.egg-info/top_level.txt
[0.592s] reading manifest file 'task5.egg-info/SOURCES.txt'
[0.592s] writing manifest file 'task5.egg-info/SOURCES.txt'
[0.592s] [100%] Built target ament_cmake_python_build_task5_egg
[0.859s] Invoked command in '/root/ros2_ws/build/task5' returned '0': CMAKE_PREFIX_PATH=/opt/ros/humble /usr/bin/cmake --build /root/ros2_ws/build/task5 -- -j28 -l28
[0.861s] Invoking command in '/root/ros2_ws/build/task5': CMAKE_PREFIX_PATH=/opt/ros/humble /usr/bin/cmake --install /root/ros2_ws/build/task5
[0.876s] -- Install configuration: ""
[0.876s] -- Up-to-date: /root/ros2_ws/install/task5/share/ament_index/resource_index/rosidl_interfaces/task5
[0.876s] -- Up-to-date: /root/ros2_ws/install/task5/include/task5/task5
[0.876s] -- Up-to-date: /root/ros2_ws/install/task5/include/task5/task5/msg
[0.876s] -- Up-to-date: /root/ros2_ws/install/task5/include/task5/task5/msg/rosidl_generator_c__visibility_control.h
[0.876s] -- Up-to-date: /root/ros2_ws/install/task5/include/task5/task5/action
[0.876s] -- Up-to-date: /root/ros2_ws/install/task5/include/task5/task5/action/detail
[0.876s] -- Up-to-date: /root/ros2_ws/install/task5/include/task5/task5/action/detail/track_goal__functions.c
[0.876s] -- Up-to-date: /root/ros2_ws/install/task5/include/task5/task5/action/detail/track_goal__struct.h
[0.876s] -- Up-to-date: /root/ros2_ws/install/task5/include/task5/task5/action/detail/track_goal__functions.h
[0.876s] -- Up-to-date: /root/ros2_ws/install/task5/include/task5/task5/action/detail/track_goal__type_support.h
[0.877s] -- Up-to-date: /root/ros2_ws/install/task5/include/task5/task5/action/track_goal.h
[0.877s] -- Up-to-date: /root/ros2_ws/install/task5/share/task5/environment/library_path.sh
[0.877s] -- Up-to-date: /root/ros2_ws/install/task5/share/task5/environment/library_path.dsv
[0.877s] -- Up-to-date: /root/ros2_ws/install/task5/lib/libtask5__rosidl_generator_c.so
[0.877s] -- Up-to-date: /root/ros2_ws/install/task5/include/task5/task5
[0.877s] -- Up-to-date: /root/ros2_ws/install/task5/include/task5/task5/msg
[0.877s] -- Up-to-date: /root/ros2_ws/install/task5/include/task5/task5/msg/rosidl_typesupport_fastrtps_c__visibility_control.h
[0.877s] -- Up-to-date: /root/ros2_ws/install/task5/include/task5/task5/action
[0.877s] -- Up-to-date: /root/ros2_ws/install/task5/include/task5/task5/action/detail
[0.877s] -- Up-to-date: /root/ros2_ws/install/task5/include/task5/task5/action/detail/track_goal__rosidl_typesupport_fastrtps_c.h
[0.878s] -- Up-to-date: /root/ros2_ws/install/task5/lib/libtask5__rosidl_typesupport_fastrtps_c.so
[0.878s] -- Up-to-date: /root/ros2_ws/install/task5/include/task5/task5
[0.878s] -- Up-to-date: /root/ros2_ws/install/task5/include/task5/task5/msg
[0.878s] -- Up-to-date: /root/ros2_ws/install/task5/include/task5/task5/msg/rosidl_typesupport_introspection_c__visibility_control.h
[0.878s] -- Up-to-date: /root/ros2_ws/install/task5/include/task5/task5/action
[0.878s] -- Up-to-date: /root/ros2_ws/install/task5/include/task5/task5/action/detail
[0.878s] -- Up-to-date: /root/ros2_ws/install/task5/include/task5/task5/action/detail/track_goal__type_support.c
[0.878s] -- Up-to-date: /root/ros2_ws/install/task5/include/task5/task5/action/detail/track_goal__rosidl_typesupport_introspection_c.h
[0.879s] -- Up-to-date: /root/ros2_ws/install/task5/lib/libtask5__rosidl_typesupport_introspection_c.so
[0.879s] -- Up-to-date: /root/ros2_ws/install/task5/lib/libtask5__rosidl_typesupport_c.so
[0.879s] -- Up-to-date: /root/ros2_ws/install/task5/include/task5/task5
[0.879s] -- Up-to-date: /root/ros2_ws/install/task5/include/task5/task5/msg
[0.879s] -- Up-to-date: /root/ros2_ws/install/task5/include/task5/task5/msg/rosidl_generator_cpp__visibility_control.hpp
[0.879s] -- Up-to-date: /root/ros2_ws/install/task5/include/task5/task5/action
[0.879s] -- Up-to-date: /root/ros2_ws/install/task5/include/task5/task5/action/detail
[0.879s] -- Up-to-date: /root/ros2_ws/install/task5/include/task5/task5/action/detail/track_goal__traits.hpp
[0.879s] -- Up-to-date: /root/ros2_ws/install/task5/include/task5/task5/action/detail/track_goal__builder.hpp
[0.879s] -- Up-to-date: /root/ros2_ws/install/task5/include/task5/task5/action/detail/track_goal__type_support.hpp
[0.879s] -- Up-to-date: /root/ros2_ws/install/task5/include/task5/task5/action/detail/track_goal__struct.hpp
[0.879s] -- Up-to-date: /root/ros2_ws/install/task5/include/task5/task5/action/track_goal.hpp
[0.879s] -- Up-to-date: /root/ros2_ws/install/task5/include/task5/task5
[0.879s] -- Up-to-date: /root/ros2_ws/install/task5/include/task5/task5/msg
[0.880s] -- Up-to-date: /root/ros2_ws/install/task5/include/task5/task5/msg/rosidl_typesupport_fastrtps_cpp__visibility_control.h
[0.880s] -- Up-to-date: /root/ros2_ws/install/task5/include/task5/task5/action
[0.880s] -- Up-to-date: /root/ros2_ws/install/task5/include/task5/task5/action/detail
[0.880s] -- Up-to-date: /root/ros2_ws/install/task5/include/task5/task5/action/detail/track_goal__rosidl_typesupport_fastrtps_cpp.hpp
[0.880s] -- Up-to-date: /root/ros2_ws/install/task5/include/task5/task5/action/detail/dds_fastrtps
[0.880s] -- Up-to-date: /root/ros2_ws/install/task5/lib/libtask5__rosidl_typesupport_fastrtps_cpp.so
[0.880s] -- Up-to-date: /root/ros2_ws/install/task5/include/task5/task5
[0.880s] -- Up-to-date: /root/ros2_ws/install/task5/include/task5/task5/action
[0.880s] -- Up-to-date: /root/ros2_ws/install/task5/include/task5/task5/action/detail
[0.880s] -- Up-to-date: /root/ros2_ws/install/task5/include/task5/task5/action/detail/track_goal__type_support.cpp
[0.880s] -- Up-to-date: /root/ros2_ws/install/task5/include/task5/task5/action/detail/track_goal__rosidl_typesupport_introspection_cpp.hpp
[0.880s] -- Up-to-date: /root/ros2_ws/install/task5/lib/libtask5__rosidl_typesupport_introspection_cpp.so
[0.880s] -- Up-to-date: /root/ros2_ws/install/task5/lib/libtask5__rosidl_typesupport_cpp.so
[0.880s] -- Up-to-date: /root/ros2_ws/install/task5/share/task5/environment/pythonpath.sh
[0.880s] -- Up-to-date: /root/ros2_ws/install/task5/share/task5/environment/pythonpath.dsv
[0.881s] -- Up-to-date: /root/ros2_ws/install/task5/local/lib/python3.10/dist-packages/task5-0.0.0-py3.10.egg-info
[0.881s] -- Installing: /root/ros2_ws/install/task5/local/lib/python3.10/dist-packages/task5-0.0.0-py3.10.egg-info/PKG-INFO
[0.881s] -- Installing: /root/ros2_ws/install/task5/local/lib/python3.10/dist-packages/task5-0.0.0-py3.10.egg-info/top_level.txt
[0.881s] -- Installing: /root/ros2_ws/install/task5/local/lib/python3.10/dist-packages/task5-0.0.0-py3.10.egg-info/dependency_links.txt
[0.881s] -- Installing: /root/ros2_ws/install/task5/local/lib/python3.10/dist-packages/task5-0.0.0-py3.10.egg-info/SOURCES.txt
[0.881s] -- Up-to-date: /root/ros2_ws/install/task5/local/lib/python3.10/dist-packages/task5
[0.881s] -- Up-to-date: /root/ros2_ws/install/task5/local/lib/python3.10/dist-packages/task5/_task5_s.ep.rosidl_typesupport_introspection_c.c
[0.881s] -- Up-to-date: /root/ros2_ws/install/task5/local/lib/python3.10/dist-packages/task5/task5_s__rosidl_typesupport_c.cpython-310-x86_64-linux-gnu.so
[0.881s] -- Up-to-date: /root/ros2_ws/install/task5/local/lib/python3.10/dist-packages/task5/task5_s__rosidl_typesupport_introspection_c.cpython-310-x86_64-linux-gnu.so
[0.881s] -- Up-to-date: /root/ros2_ws/install/task5/local/lib/python3.10/dist-packages/task5/task5_s__rosidl_typesupport_fastrtps_c.cpython-310-x86_64-linux-gnu.so
[0.881s] -- Up-to-date: /root/ros2_ws/install/task5/local/lib/python3.10/dist-packages/task5/action
[0.881s] -- Up-to-date: /root/ros2_ws/install/task5/local/lib/python3.10/dist-packages/task5/action/_track_goal_s.c
[0.881s] -- Up-to-date: /root/ros2_ws/install/task5/local/lib/python3.10/dist-packages/task5/action/_track_goal.py
[0.881s] -- Up-to-date: /root/ros2_ws/install/task5/local/lib/python3.10/dist-packages/task5/action/__init__.py
[0.881s] -- Up-to-date: /root/ros2_ws/install/task5/local/lib/python3.10/dist-packages/task5/libtask5__rosidl_generator_py.so
[0.881s] -- Up-to-date: /root/ros2_ws/install/task5/local/lib/python3.10/dist-packages/task5/_task5_s.ep.rosidl_typesupport_fastrtps_c.c
[0.881s] -- Up-to-date: /root/ros2_ws/install/task5/local/lib/python3.10/dist-packages/task5/__init__.py
[0.882s] -- Up-to-date: /root/ros2_ws/install/task5/local/lib/python3.10/dist-packages/task5/_task5_s.ep.rosidl_typesupport_c.c
[0.919s] Listing '/root/ros2_ws/install/task5/local/lib/python3.10/dist-packages/task5'...
[0.919s] Listing '/root/ros2_ws/install/task5/local/lib/python3.10/dist-packages/task5/action'...
[0.923s] -- Up-to-date: /root/ros2_ws/install/task5/local/lib/python3.10/dist-packages/task5/task5_s__rosidl_typesupport_fastrtps_c.cpython-310-x86_64-linux-gnu.so
[0.923s] -- Up-to-date: /root/ros2_ws/install/task5/local/lib/python3.10/dist-packages/task5/task5_s__rosidl_typesupport_introspection_c.cpython-310-x86_64-linux-gnu.so
[0.925s] -- Up-to-date: /root/ros2_ws/install/task5/local/lib/python3.10/dist-packages/task5/task5_s__rosidl_typesupport_c.cpython-310-x86_64-linux-gnu.so
[0.925s] -- Up-to-date: /root/ros2_ws/install/task5/lib/libtask5__rosidl_generator_py.so
[0.925s] -- Up-to-date: /root/ros2_ws/install/task5/share/ament_index/resource_index/rust_packages/task5
[0.925s] -- Up-to-date: /root/ros2_ws/install/task5/share/task5/rust
[0.925s] -- Up-to-date: /root/ros2_ws/install/task5/share/task5/rust/Cargo.toml
[0.925s] -- Up-to-date: /root/ros2_ws/install/task5/share/task5/rust/src
[0.925s] -- Up-to-date: /root/ros2_ws/install/task5/share/task5/rust/src/action
[0.925s] -- Up-to-date: /root/ros2_ws/install/task5/share/task5/rust/src/action/rmw.rs
[0.925s] -- Up-to-date: /root/ros2_ws/install/task5/share/task5/rust/src/action.rs
[0.925s] -- Up-to-date: /root/ros2_ws/install/task5/share/task5/rust/src/lib.rs
[0.925s] -- Up-to-date: /root/ros2_ws/install/task5/share/task5/rust/build.rs
[0.925s] -- Up-to-date: /root/ros2_ws/install/task5/share/task5/action/TrackGoal.idl
[0.926s] -- Up-to-date: /root/ros2_ws/install/task5/share/task5/action/TrackGoal.action
[0.926s] -- Up-to-date: /root/ros2_ws/install/task5/share/ament_index/resource_index/package_run_dependencies/task5
[0.926s] -- Up-to-date: /root/ros2_ws/install/task5/share/ament_index/resource_index/parent_prefix_path/task5
[0.926s] -- Up-to-date: /root/ros2_ws/install/task5/share/task5/environment/ament_prefix_path.sh
[0.926s] -- Up-to-date: /root/ros2_ws/install/task5/share/task5/environment/ament_prefix_path.dsv
[0.926s] -- Up-to-date: /root/ros2_ws/install/task5/share/task5/environment/path.sh
[0.926s] -- Up-to-date: /root/ros2_ws/install/task5/share/task5/environment/path.dsv
[0.926s] -- Up-to-date: /root/ros2_ws/install/task5/share/task5/local_setup.bash
[0.926s] -- Up-to-date: /root/ros2_ws/install/task5/share/task5/local_setup.sh
[0.926s] -- Up-to-date: /root/ros2_ws/install/task5/share/task5/local_setup.zsh
[0.926s] -- Up-to-date: /root/ros2_ws/install/task5/share/task5/local_setup.dsv
[0.926s] -- Installing: /root/ros2_ws/install/task5/share/task5/package.dsv
[0.927s] -- Up-to-date: /root/ros2_ws/install/task5/share/ament_index/resource_index/packages/task5
[0.927s] -- Up-to-date: /root/ros2_ws/install/task5/share/task5/cmake/export_task5__rosidl_generator_cExport.cmake
[0.927s] -- Up-to-date: /root/ros2_ws/install/task5/share/task5/cmake/export_task5__rosidl_generator_cExport-noconfig.cmake
[0.927s] -- Up-to-date: /root/ros2_ws/install/task5/share/task5/cmake/export_task5__rosidl_typesupport_fastrtps_cExport.cmake
[0.927s] -- Up-to-date: /root/ros2_ws/install/task5/share/task5/cmake/export_task5__rosidl_typesupport_fastrtps_cExport-noconfig.cmake
[0.927s] -- Up-to-date: /root/ros2_ws/install/task5/share/task5/cmake/task5__rosidl_typesupport_introspection_cExport.cmake
[0.927s] -- Up-to-date: /root/ros2_ws/install/task5/share/task5/cmake/task5__rosidl_typesupport_introspection_cExport-noconfig.cmake
[0.927s] -- Up-to-date: /root/ros2_ws/install/task5/share/task5/cmake/task5__rosidl_typesupport_cExport.cmake
[0.927s] -- Up-to-date: /root/ros2_ws/install/task5/share/task5/cmake/task5__rosidl_typesupport_cExport-noconfig.cmake
[0.927s] -- Up-to-date: /root/ros2_ws/install/task5/share/task5/cmake/export_task5__rosidl_generator_cppExport.cmake
[0.927s] -- Up-to-date: /root/ros2_ws/install/task5/share/task5/cmake/export_task5__rosidl_typesupport_fastrtps_cppExport.cmake
[0.927s] -- Up-to-date: /root/ros2_ws/install/task5/share/task5/cmake/export_task5__rosidl_typesupport_fastrtps_cppExport-noconfig.cmake
[0.927s] -- Up-to-date: /root/ros2_ws/install/task5/share/task5/cmake/task5__rosidl_typesupport_introspection_cppExport.cmake
[0.927s] -- Up-to-date: /root/ros2_ws/install/task5/share/task5/cmake/task5__rosidl_typesupport_introspection_cppExport-noconfig.cmake
[0.928s] -- Up-to-date: /root/ros2_ws/install/task5/share/task5/cmake/task5__rosidl_typesupport_cppExport.cmake
[0.928s] -- Up-to-date: /root/ros2_ws/install/task5/share/task5/cmake/task5__rosidl_typesupport_cppExport-noconfig.cmake
[0.928s] -- Up-to-date: /root/ros2_ws/install/task5/share/task5/cmake/export_task5__rosidl_generator_pyExport.cmake
[0.928s] -- Up-to-date: /root/ros2_ws/install/task5/share/task5/cmake/export_task5__rosidl_generator_pyExport-noconfig.cmake
[0.928s] -- Up-to-date: /root/ros2_ws/install/task5/share/task5/cmake/rosidl_cmake-extras.cmake
[0.928s] -- Up-to-date: /root/ros2_ws/install/task5/share/task5/cmake/ament_cmake_export_dependencies-extras.cmake
[0.928s] -- Up-to-date: /root/ros2_ws/install/task5/share/task5/cmake/ament_cmake_export_include_directories-extras.cmake
[0.928s] -- Up-to-date: /root/ros2_ws/install/task5/share/task5/cmake/ament_cmake_export_libraries-extras.cmake
[0.928s] -- Up-to-date: /root/ros2_ws/install/task5/share/task5/cmake/ament_cmake_export_targets-extras.cmake
[0.928s] -- Up-to-date: /root/ros2_ws/install/task5/share/task5/cmake/rosidl_cmake_export_typesupport_targets-extras.cmake
[0.928s] -- Up-to-date: /root/ros2_ws/install/task5/share/task5/cmake/rosidl_cmake_export_typesupport_libraries-extras.cmake
[0.928s] -- Up-to-date: /root/ros2_ws/install/task5/share/task5/cmake/task5Config.cmake
[0.928s] -- Up-to-date: /root/ros2_ws/install/task5/share/task5/cmake/task5Config-version.cmake
[0.928s] -- Up-to-date: /root/ros2_ws/install/task5/share/task5/package.xml
[0.963s] Invoked command in '/root/ros2_ws/build/task5' returned '0': CMAKE_PREFIX_PATH=/opt/ros/humble /usr/bin/cmake --install /root/ros2_ws/build/task5
