[4.949s] Invoking command in '/root/ros2_ws/build/examples_rclpy_minimal_subscriber': PYTHONPATH=/root/ros2_ws/build/examples_rclpy_minimal_subscriber/prefix_override:/usr/lib/python3/dist-packages/colcon_core/task/python/colcon_distutils_commands:/root/ros2_ws/install/examples_rclpy_minimal_subscriber/lib/python3.10/site-packages:${PYTHONPATH} /usr/bin/python3 -W ignore:setup.py install is deprecated -W ignore:easy_install command is deprecated setup.py develop --editable --build-directory /root/ros2_ws/build/examples_rclpy_minimal_subscriber/build --no-deps symlink_data
[6.184s] running develop
[6.841s] running egg_info
[6.841s] creating examples_rclpy_minimal_subscriber.egg-info
[6.841s] writing examples_rclpy_minimal_subscriber.egg-info/PKG-INFO
[6.842s] writing dependency_links to examples_rclpy_minimal_subscriber.egg-info/dependency_links.txt
[6.842s] writing entry points to examples_rclpy_minimal_subscriber.egg-info/entry_points.txt
[6.842s] writing requirements to examples_rclpy_minimal_subscriber.egg-info/requires.txt
[6.845s] writing top-level names to examples_rclpy_minimal_subscriber.egg-info/top_level.txt
[6.846s] writing manifest file 'examples_rclpy_minimal_subscriber.egg-info/SOURCES.txt'
[6.849s] reading manifest file 'examples_rclpy_minimal_subscriber.egg-info/SOURCES.txt'
[6.850s] writing manifest file 'examples_rclpy_minimal_subscriber.egg-info/SOURCES.txt'
[6.856s] running build_ext
[6.856s] Creating /root/ros2_ws/install/examples_rclpy_minimal_subscriber/lib/python3.10/site-packages/examples-rclpy-minimal-subscriber.egg-link (link to .)
[6.861s] Installing subscriber_lambda script to /root/ros2_ws/install/examples_rclpy_minimal_subscriber/lib/examples_rclpy_minimal_subscriber
[6.861s] Installing subscriber_member_function script to /root/ros2_ws/install/examples_rclpy_minimal_subscriber/lib/examples_rclpy_minimal_subscriber
[6.866s] Installing subscriber_old_school script to /root/ros2_ws/install/examples_rclpy_minimal_subscriber/lib/examples_rclpy_minimal_subscriber
[6.866s] 
[6.866s] Installed /root/ros2_ws/build/examples_rclpy_minimal_subscriber
[6.866s] running symlink_data
[6.871s] creating /root/ros2_ws/install/examples_rclpy_minimal_subscriber/share/ament_index
[6.872s] creating /root/ros2_ws/install/examples_rclpy_minimal_subscriber/share/ament_index/resource_index
[6.872s] creating /root/ros2_ws/install/examples_rclpy_minimal_subscriber/share/ament_index/resource_index/packages
[6.872s] symbolically linking /root/ros2_ws/build/examples_rclpy_minimal_subscriber/resource/examples_rclpy_minimal_subscriber -> /root/ros2_ws/install/examples_rclpy_minimal_subscriber/share/ament_index/resource_index/packages
[6.872s] symbolically linking /root/ros2_ws/build/examples_rclpy_minimal_subscriber/package.xml -> /root/ros2_ws/install/examples_rclpy_minimal_subscriber/share/examples_rclpy_minimal_subscriber
[7.055s] Invoked command in '/root/ros2_ws/build/examples_rclpy_minimal_subscriber' returned '0': PYTHONPATH=/root/ros2_ws/build/examples_rclpy_minimal_subscriber/prefix_override:/usr/lib/python3/dist-packages/colcon_core/task/python/colcon_distutils_commands:/root/ros2_ws/install/examples_rclpy_minimal_subscriber/lib/python3.10/site-packages:${PYTHONPATH} /usr/bin/python3 -W ignore:setup.py install is deprecated -W ignore:easy_install command is deprecated setup.py develop --editable --build-directory /root/ros2_ws/build/examples_rclpy_minimal_subscriber/build --no-deps symlink_data
