[0mCMake Deprecation Warning at CMakeLists.txt:1 (cmake_minimum_required):
  Compatibility with CMake < 3.10 will be removed from a future version of
  CMake.

  Update the VERSION argument <min> value.  Or, use the <min>...<max> syntax
  to tell CMake that the project requires at least <min> but has been updated
  to work with policies introduced by <max> or earlier.

[0m
-- The C compiler identification is GNU 11.4.0
-- The CXX compiler identification is GNU 11.4.0
-- Detecting C compiler ABI info
-- Detecting C compiler ABI info - done
-- Check for working C compiler: /usr/bin/cc - skipped
-- Detecting C compile features
-- Detecting C compile features - done
-- Detecting CXX compiler ABI info
-- Detecting CXX compiler ABI info - done
-- Check for working CXX compiler: /usr/bin/c++ - skipped
-- Detecting CXX compile features
-- Detecting CXX compile features - done
-- Found ament_cmake: 1.3.14 (/opt/ros/humble/share/ament_cmake/cmake)
-- Found Python3: /usr/bin/python3 (found version "3.10.12") found components: Interpreter
-- Found ament_lint_auto: 0.12.15 (/opt/ros/humble/share/ament_lint_auto/cmake)
-- Added test 'lint_cmake' to check CMake code style
-- Added test 'xmllint' to check XML markup files
-- Configuring done (0.7s)
-- Generating done (0.0s)
-- Build files have been written to: /root/ros2_ws/build/task2
-- Install configuration: ""
-- Installing: /root/ros2_ws/install/task2/share/ament_index/resource_index/package_run_dependencies/task2
-- Installing: /root/ros2_ws/install/task2/share/ament_index/resource_index/parent_prefix_path/task2
-- Installing: /root/ros2_ws/install/task2/share/task2/environment/ament_prefix_path.sh
-- Installing: /root/ros2_ws/install/task2/share/task2/environment/ament_prefix_path.dsv
-- Installing: /root/ros2_ws/install/task2/share/task2/environment/path.sh
-- Installing: /root/ros2_ws/install/task2/share/task2/environment/path.dsv
-- Installing: /root/ros2_ws/install/task2/share/task2/local_setup.bash
-- Installing: /root/ros2_ws/install/task2/share/task2/local_setup.sh
-- Installing: /root/ros2_ws/install/task2/share/task2/local_setup.zsh
-- Installing: /root/ros2_ws/install/task2/share/task2/local_setup.dsv
-- Installing: /root/ros2_ws/install/task2/share/task2/package.dsv
-- Installing: /root/ros2_ws/install/task2/share/ament_index/resource_index/packages/task2
-- Installing: /root/ros2_ws/install/task2/share/task2/cmake/task2Config.cmake
-- Installing: /root/ros2_ws/install/task2/share/task2/cmake/task2Config-version.cmake
-- Installing: /root/ros2_ws/install/task2/share/task2/package.xml
