[0.884s] Invoking command in '/root/ros2_ws/src/task1': PYTHONPATH=/root/ros2_ws/build/task1/prefix_override:/usr/lib/python3/dist-packages/colcon_core/task/python/colcon_distutils_commands:/root/ros2_ws/install/task1/lib/python3.10/site-packages:${PYTHONPATH} /usr/bin/python3 -W ignore:setup.py install is deprecated -W ignore:easy_install command is deprecated setup.py egg_info --egg-base ../../build/task1 build --build-base /root/ros2_ws/build/task1/build install --record /root/ros2_ws/build/task1/install.log --single-version-externally-managed install_data
[1.043s] running egg_info
[1.043s] writing ../../build/task1/task1.egg-info/PKG-INFO
[1.043s] writing dependency_links to ../../build/task1/task1.egg-info/dependency_links.txt
[1.043s] writing entry points to ../../build/task1/task1.egg-info/entry_points.txt
[1.043s] writing requirements to ../../build/task1/task1.egg-info/requires.txt
[1.043s] writing top-level names to ../../build/task1/task1.egg-info/top_level.txt
[1.045s] reading manifest file '../../build/task1/task1.egg-info/SOURCES.txt'
[1.045s] adding license file 'LICENSE'
[1.045s] writing manifest file '../../build/task1/task1.egg-info/SOURCES.txt'
[1.045s] running build
[1.045s] running build_py
[1.045s] running install
[1.045s] running install_lib
[1.046s] running install_data
[1.046s] running install_egg_info
[1.047s] removing '/root/ros2_ws/install/task1/lib/python3.10/site-packages/task1-0.0.0-py3.10.egg-info' (and everything under it)
[1.047s] Copying ../../build/task1/task1.egg-info to /root/ros2_ws/install/task1/lib/python3.10/site-packages/task1-0.0.0-py3.10.egg-info
[1.047s] running install_scripts
[1.062s] Installing logger script to /root/ros2_ws/install/task1/lib/task1
[1.063s] Installing processor script to /root/ros2_ws/install/task1/lib/task1
[1.063s] Installing sensor script to /root/ros2_ws/install/task1/lib/task1
[1.063s] writing list of installed files to '/root/ros2_ws/build/task1/install.log'
[1.085s] Invoked command in '/root/ros2_ws/src/task1' returned '0': PYTHONPATH=/root/ros2_ws/build/task1/prefix_override:/usr/lib/python3/dist-packages/colcon_core/task/python/colcon_distutils_commands:/root/ros2_ws/install/task1/lib/python3.10/site-packages:${PYTHONPATH} /usr/bin/python3 -W ignore:setup.py install is deprecated -W ignore:easy_install command is deprecated setup.py egg_info --egg-base ../../build/task1 build --build-base /root/ros2_ws/build/task1/build install --record /root/ros2_ws/build/task1/install.log --single-version-externally-managed install_data
