[5.313s] Invoking command in '/root/ros2_ws/build/examples_rclpy_guard_conditions': PYTHONPATH=/root/ros2_ws/build/examples_rclpy_guard_conditions/prefix_override:/usr/lib/python3/dist-packages/colcon_core/task/python/colcon_distutils_commands:/root/ros2_ws/install/examples_rclpy_guard_conditions/lib/python3.10/site-packages:${PYTHONPATH} /usr/bin/python3 -W ignore:setup.py install is deprecated -W ignore:easy_install command is deprecated setup.py develop --editable --build-directory /root/ros2_ws/build/examples_rclpy_guard_conditions/build --no-deps symlink_data
[6.722s] running develop
[7.377s] running egg_info
[7.377s] creating examples_rclpy_guard_conditions.egg-info
[7.386s] writing examples_rclpy_guard_conditions.egg-info/PKG-INFO
[7.386s] writing dependency_links to examples_rclpy_guard_conditions.egg-info/dependency_links.txt
[7.386s] writing entry points to examples_rclpy_guard_conditions.egg-info/entry_points.txt
[7.386s] writing requirements to examples_rclpy_guard_conditions.egg-info/requires.txt
[7.386s] writing top-level names to examples_rclpy_guard_conditions.egg-info/top_level.txt
[7.386s] writing manifest file 'examples_rclpy_guard_conditions.egg-info/SOURCES.txt'
[7.391s] reading manifest file 'examples_rclpy_guard_conditions.egg-info/SOURCES.txt'
[7.391s] writing manifest file 'examples_rclpy_guard_conditions.egg-info/SOURCES.txt'
[7.399s] running build_ext
[7.400s] Creating /root/ros2_ws/install/examples_rclpy_guard_conditions/lib/python3.10/site-packages/examples-rclpy-guard-conditions.egg-link (link to .)
[7.403s] Installing trigger_guard_condition script to /root/ros2_ws/install/examples_rclpy_guard_conditions/lib/examples_rclpy_guard_conditions
[7.404s] 
[7.404s] Installed /root/ros2_ws/build/examples_rclpy_guard_conditions
[7.404s] running symlink_data
[7.404s] creating /root/ros2_ws/install/examples_rclpy_guard_conditions/share/ament_index
[7.404s] creating /root/ros2_ws/install/examples_rclpy_guard_conditions/share/ament_index/resource_index
[7.405s] creating /root/ros2_ws/install/examples_rclpy_guard_conditions/share/ament_index/resource_index/packages
[7.405s] symbolically linking /root/ros2_ws/build/examples_rclpy_guard_conditions/resource/examples_rclpy_guard_conditions -> /root/ros2_ws/install/examples_rclpy_guard_conditions/share/ament_index/resource_index/packages
[7.405s] symbolically linking /root/ros2_ws/build/examples_rclpy_guard_conditions/package.xml -> /root/ros2_ws/install/examples_rclpy_guard_conditions/share/examples_rclpy_guard_conditions
[7.579s] Invoked command in '/root/ros2_ws/build/examples_rclpy_guard_conditions' returned '0': PYTHONPATH=/root/ros2_ws/build/examples_rclpy_guard_conditions/prefix_override:/usr/lib/python3/dist-packages/colcon_core/task/python/colcon_distutils_commands:/root/ros2_ws/install/examples_rclpy_guard_conditions/lib/python3.10/site-packages:${PYTHONPATH} /usr/bin/python3 -W ignore:setup.py install is deprecated -W ignore:easy_install command is deprecated setup.py develop --editable --build-directory /root/ros2_ws/build/examples_rclpy_guard_conditions/build --no-deps symlink_data
