[0.854s] Invoking command in '/root/ros2_ws/src/task1': PYTHONPATH=/root/ros2_ws/build/task1/prefix_override:/usr/lib/python3/dist-packages/colcon_core/task/python/colcon_distutils_commands:/root/ros2_ws/install/task1/lib/python3.10/site-packages:${PYTHONPATH} /usr/bin/python3 -W ignore:setup.py install is deprecated -W ignore:easy_install command is deprecated setup.py egg_info --egg-base ../../build/task1 build --build-base /root/ros2_ws/build/task1/build install --record /root/ros2_ws/build/task1/install.log --single-version-externally-managed install_data
[1.017s] running egg_info
[1.017s] writing ../../build/task1/task1.egg-info/PKG-INFO
[1.017s] writing dependency_links to ../../build/task1/task1.egg-info/dependency_links.txt
[1.017s] writing entry points to ../../build/task1/task1.egg-info/entry_points.txt
[1.017s] writing requirements to ../../build/task1/task1.egg-info/requires.txt
[1.017s] writing top-level names to ../../build/task1/task1.egg-info/top_level.txt
[1.018s] reading manifest file '../../build/task1/task1.egg-info/SOURCES.txt'
[1.018s] adding license file 'LICENSE'
[1.019s] writing manifest file '../../build/task1/task1.egg-info/SOURCES.txt'
[1.019s] running build
[1.019s] running build_py
[1.019s] running install
[1.019s] running install_lib
[1.020s] running install_data
[1.020s] running install_egg_info
[1.021s] removing '/root/ros2_ws/install/task1/lib/python3.10/site-packages/task1-0.0.0-py3.10.egg-info' (and everything under it)
[1.022s] Copying ../../build/task1/task1.egg-info to /root/ros2_ws/install/task1/lib/python3.10/site-packages/task1-0.0.0-py3.10.egg-info
[1.022s] running install_scripts
[1.037s] Installing logger script to /root/ros2_ws/install/task1/lib/task1
[1.037s] Installing processor script to /root/ros2_ws/install/task1/lib/task1
[1.038s] Installing sensor script to /root/ros2_ws/install/task1/lib/task1
[1.038s] writing list of installed files to '/root/ros2_ws/build/task1/install.log'
[1.053s] Invoked command in '/root/ros2_ws/src/task1' returned '0': PYTHONPATH=/root/ros2_ws/build/task1/prefix_override:/usr/lib/python3/dist-packages/colcon_core/task/python/colcon_distutils_commands:/root/ros2_ws/install/task1/lib/python3.10/site-packages:${PYTHONPATH} /usr/bin/python3 -W ignore:setup.py install is deprecated -W ignore:easy_install command is deprecated setup.py egg_info --egg-base ../../build/task1 build --build-base /root/ros2_ws/build/task1/build install --record /root/ros2_ws/build/task1/install.log --single-version-externally-managed install_data
