running egg_info
creating ../../build/py_pubsub/py_pubsub.egg-info
writing ../../build/py_pubsub/py_pubsub.egg-info/PKG-INFO
writing dependency_links to ../../build/py_pubsub/py_pubsub.egg-info/dependency_links.txt
writing entry points to ../../build/py_pubsub/py_pubsub.egg-info/entry_points.txt
writing requirements to ../../build/py_pubsub/py_pubsub.egg-info/requires.txt
writing top-level names to ../../build/py_pubsub/py_pubsub.egg-info/top_level.txt
writing manifest file '../../build/py_pubsub/py_pubsub.egg-info/SOURCES.txt'
reading manifest file '../../build/py_pubsub/py_pubsub.egg-info/SOURCES.txt'
adding license file 'LICENSE'
writing manifest file '../../build/py_pubsub/py_pubsub.egg-info/SOURCES.txt'
running build
running build_py
creating /root/ros2_ws/build/py_pubsub/build
creating /root/ros2_ws/build/py_pubsub/build/lib
creating /root/ros2_ws/build/py_pubsub/build/lib/task1
copying task1/processor_node.py -> /root/ros2_ws/build/py_pubsub/build/lib/task1
copying task1/sensor_node.py -> /root/ros2_ws/build/py_pubsub/build/lib/task1
copying task1/logger_node.py -> /root/ros2_ws/build/py_pubsub/build/lib/task1
copying task1/__init__.py -> /root/ros2_ws/build/py_pubsub/build/lib/task1
running install
running install_lib
creating /root/ros2_ws/install/py_pubsub/lib/python3.10/site-packages/task1
copying /root/ros2_ws/build/py_pubsub/build/lib/task1/processor_node.py -> /root/ros2_ws/install/py_pubsub/lib/python3.10/site-packages/task1
copying /root/ros2_ws/build/py_pubsub/build/lib/task1/sensor_node.py -> /root/ros2_ws/install/py_pubsub/lib/python3.10/site-packages/task1
copying /root/ros2_ws/build/py_pubsub/build/lib/task1/logger_node.py -> /root/ros2_ws/install/py_pubsub/lib/python3.10/site-packages/task1
copying /root/ros2_ws/build/py_pubsub/build/lib/task1/__init__.py -> /root/ros2_ws/install/py_pubsub/lib/python3.10/site-packages/task1
byte-compiling /root/ros2_ws/install/py_pubsub/lib/python3.10/site-packages/task1/processor_node.py to processor_node.cpython-310.pyc
byte-compiling /root/ros2_ws/install/py_pubsub/lib/python3.10/site-packages/task1/sensor_node.py to sensor_node.cpython-310.pyc
byte-compiling /root/ros2_ws/install/py_pubsub/lib/python3.10/site-packages/task1/logger_node.py to logger_node.cpython-310.pyc
byte-compiling /root/ros2_ws/install/py_pubsub/lib/python3.10/site-packages/task1/__init__.py to __init__.cpython-310.pyc
running install_data
creating /root/ros2_ws/install/py_pubsub/share/ament_index
creating /root/ros2_ws/install/py_pubsub/share/ament_index/resource_index
creating /root/ros2_ws/install/py_pubsub/share/ament_index/resource_index/packages
