[0.440s] Invoking command in '/root/ros2_ws/src/task1': PYTHONPATH=/root/ros2_ws/build/py_pubsub/prefix_override:/usr/lib/python3/dist-packages/colcon_core/task/python/colcon_distutils_commands:/root/ros2_ws/install/py_pubsub/lib/python3.10/site-packages:${PYTHONPATH} /usr/bin/python3 -W ignore:setup.py install is deprecated -W ignore:easy_install command is deprecated setup.py egg_info --egg-base ../../build/py_pubsub build --build-base /root/ros2_ws/build/py_pubsub/build install --record /root/ros2_ws/build/py_pubsub/install.log --single-version-externally-managed install_data
[0.578s] running egg_info
[0.578s] creating ../../build/py_pubsub/py_pubsub.egg-info
[0.578s] writing ../../build/py_pubsub/py_pubsub.egg-info/PKG-INFO
[0.578s] writing dependency_links to ../../build/py_pubsub/py_pubsub.egg-info/dependency_links.txt
[0.578s] writing entry points to ../../build/py_pubsub/py_pubsub.egg-info/entry_points.txt
[0.578s] writing requirements to ../../build/py_pubsub/py_pubsub.egg-info/requires.txt
[0.578s] writing top-level names to ../../build/py_pubsub/py_pubsub.egg-info/top_level.txt
[0.578s] writing manifest file '../../build/py_pubsub/py_pubsub.egg-info/SOURCES.txt'
[0.579s] reading manifest file '../../build/py_pubsub/py_pubsub.egg-info/SOURCES.txt'
[0.579s] adding license file 'LICENSE'
[0.579s] writing manifest file '../../build/py_pubsub/py_pubsub.egg-info/SOURCES.txt'
[0.580s] running build
[0.580s] running build_py
[0.580s] creating /root/ros2_ws/build/py_pubsub/build
[0.580s] creating /root/ros2_ws/build/py_pubsub/build/lib
[0.580s] creating /root/ros2_ws/build/py_pubsub/build/lib/task1
[0.580s] copying task1/processor_node.py -> /root/ros2_ws/build/py_pubsub/build/lib/task1
[0.580s] copying task1/sensor_node.py -> /root/ros2_ws/build/py_pubsub/build/lib/task1
[0.580s] copying task1/logger_node.py -> /root/ros2_ws/build/py_pubsub/build/lib/task1
[0.580s] copying task1/__init__.py -> /root/ros2_ws/build/py_pubsub/build/lib/task1
[0.580s] running install
[0.580s] running install_lib
[0.580s] creating /root/ros2_ws/install/py_pubsub/lib/python3.10/site-packages/task1
[0.580s] copying /root/ros2_ws/build/py_pubsub/build/lib/task1/processor_node.py -> /root/ros2_ws/install/py_pubsub/lib/python3.10/site-packages/task1
[0.580s] copying /root/ros2_ws/build/py_pubsub/build/lib/task1/sensor_node.py -> /root/ros2_ws/install/py_pubsub/lib/python3.10/site-packages/task1
[0.580s] copying /root/ros2_ws/build/py_pubsub/build/lib/task1/logger_node.py -> /root/ros2_ws/install/py_pubsub/lib/python3.10/site-packages/task1
[0.580s] copying /root/ros2_ws/build/py_pubsub/build/lib/task1/__init__.py -> /root/ros2_ws/install/py_pubsub/lib/python3.10/site-packages/task1
[0.581s] byte-compiling /root/ros2_ws/install/py_pubsub/lib/python3.10/site-packages/task1/processor_node.py to processor_node.cpython-310.pyc
[0.581s] byte-compiling /root/ros2_ws/install/py_pubsub/lib/python3.10/site-packages/task1/sensor_node.py to sensor_node.cpython-310.pyc
[0.581s] byte-compiling /root/ros2_ws/install/py_pubsub/lib/python3.10/site-packages/task1/logger_node.py to logger_node.cpython-310.pyc
[0.581s] byte-compiling /root/ros2_ws/install/py_pubsub/lib/python3.10/site-packages/task1/__init__.py to __init__.cpython-310.pyc
[0.582s] running install_data
[0.582s] creating /root/ros2_ws/install/py_pubsub/share/ament_index
[0.582s] creating /root/ros2_ws/install/py_pubsub/share/ament_index/resource_index
[0.582s] creating /root/ros2_ws/install/py_pubsub/share/ament_index/resource_index/packages
[0.582s] error: can't copy 'resource/py_pubsub': doesn't exist or not a regular file
[0.592s] Invoked command in '/root/ros2_ws/src/task1' returned '1': PYTHONPATH=/root/ros2_ws/build/py_pubsub/prefix_override:/usr/lib/python3/dist-packages/colcon_core/task/python/colcon_distutils_commands:/root/ros2_ws/install/py_pubsub/lib/python3.10/site-packages:${PYTHONPATH} /usr/bin/python3 -W ignore:setup.py install is deprecated -W ignore:easy_install command is deprecated setup.py egg_info --egg-base ../../build/py_pubsub build --build-base /root/ros2_ws/build/py_pubsub/build install --record /root/ros2_ws/build/py_pubsub/install.log --single-version-externally-managed install_data
