[  3%] Built target task5__rs
[ 12%] Built target task5__rosidl_generator_c
[ 15%] Built target task5__cpp
[ 15%] Built target ament_cmake_python_copy_task5
[ 25%] Built target task5__rosidl_typesupport_introspection_c
[ 34%] Built target task5__rosidl_typesupport_cpp
[ 43%] Built target task5__rosidl_typesupport_fastrtps_cpp
[ 53%] Built target task5__rosidl_typesupport_fastrtps_c
[ 62%] Built target task5__rosidl_typesupport_introspection_cpp
[ 71%] Built target task5__rosidl_typesupport_c
[ 71%] Built target task5
[ 75%] Built target task5__py
[ 81%] Built target task5__rosidl_generator_py
[ 87%] Built target task5__rosidl_typesupport_fastrtps_c__pyext
[ 93%] Built target task5__rosidl_typesupport_introspection_c__pyext
[100%] Built target task5__rosidl_typesupport_c__pyext
running egg_info
writing task5.egg-info/PKG-INFO
writing dependency_links to task5.egg-info/dependency_links.txt
writing top-level names to task5.egg-info/top_level.txt
reading manifest file 'task5.egg-info/SOURCES.txt'
writing manifest file 'task5.egg-info/SOURCES.txt'
[100%] Built target ament_cmake_python_build_task5_egg
-- Install configuration: ""
-- Up-to-date: /root/ros2_ws/install/task5/share/ament_index/resource_index/rosidl_interfaces/task5
-- Up-to-date: /root/ros2_ws/install/task5/include/task5/task5
-- Up-to-date: /root/ros2_ws/install/task5/include/task5/task5/msg
-- Up-to-date: /root/ros2_ws/install/task5/include/task5/task5/msg/rosidl_generator_c__visibility_control.h
-- Up-to-date: /root/ros2_ws/install/task5/include/task5/task5/action
-- Up-to-date: /root/ros2_ws/install/task5/include/task5/task5/action/detail
-- Up-to-date: /root/ros2_ws/install/task5/include/task5/task5/action/detail/track_goal__functions.c
-- Up-to-date: /root/ros2_ws/install/task5/include/task5/task5/action/detail/track_goal__struct.h
-- Up-to-date: /root/ros2_ws/install/task5/include/task5/task5/action/detail/track_goal__functions.h
-- Up-to-date: /root/ros2_ws/install/task5/include/task5/task5/action/detail/track_goal__type_support.h
-- Up-to-date: /root/ros2_ws/install/task5/include/task5/task5/action/track_goal.h
-- Up-to-date: /root/ros2_ws/install/task5/share/task5/environment/library_path.sh
-- Up-to-date: /root/ros2_ws/install/task5/share/task5/environment/library_path.dsv
-- Up-to-date: /root/ros2_ws/install/task5/lib/libtask5__rosidl_generator_c.so
-- Up-to-date: /root/ros2_ws/install/task5/include/task5/task5
-- Up-to-date: /root/ros2_ws/install/task5/include/task5/task5/msg
-- Up-to-date: /root/ros2_ws/install/task5/include/task5/task5/msg/rosidl_typesupport_fastrtps_c__visibility_control.h
-- Up-to-date: /root/ros2_ws/install/task5/include/task5/task5/action
-- Up-to-date: /root/ros2_ws/install/task5/include/task5/task5/action/detail
-- Up-to-date: /root/ros2_ws/install/task5/include/task5/task5/action/detail/track_goal__rosidl_typesupport_fastrtps_c.h
-- Up-to-date: /root/ros2_ws/install/task5/lib/libtask5__rosidl_typesupport_fastrtps_c.so
-- Up-to-date: /root/ros2_ws/install/task5/include/task5/task5
-- Up-to-date: /root/ros2_ws/install/task5/include/task5/task5/msg
-- Up-to-date: /root/ros2_ws/install/task5/include/task5/task5/msg/rosidl_typesupport_introspection_c__visibility_control.h
-- Up-to-date: /root/ros2_ws/install/task5/include/task5/task5/action
-- Up-to-date: /root/ros2_ws/install/task5/include/task5/task5/action/detail
-- Up-to-date: /root/ros2_ws/install/task5/include/task5/task5/action/detail/track_goal__type_support.c
-- Up-to-date: /root/ros2_ws/install/task5/include/task5/task5/action/detail/track_goal__rosidl_typesupport_introspection_c.h
-- Up-to-date: /root/ros2_ws/install/task5/lib/libtask5__rosidl_typesupport_introspection_c.so
-- Up-to-date: /root/ros2_ws/install/task5/lib/libtask5__rosidl_typesupport_c.so
-- Up-to-date: /root/ros2_ws/install/task5/include/task5/task5
-- Up-to-date: /root/ros2_ws/install/task5/include/task5/task5/msg
-- Up-to-date: /root/ros2_ws/install/task5/include/task5/task5/msg/rosidl_generator_cpp__visibility_control.hpp
-- Up-to-date: /root/ros2_ws/install/task5/include/task5/task5/action
-- Up-to-date: /root/ros2_ws/install/task5/include/task5/task5/action/detail
-- Up-to-date: /root/ros2_ws/install/task5/include/task5/task5/action/detail/track_goal__traits.hpp
-- Up-to-date: /root/ros2_ws/install/task5/include/task5/task5/action/detail/track_goal__builder.hpp
-- Up-to-date: /root/ros2_ws/install/task5/include/task5/task5/action/detail/track_goal__type_support.hpp
-- Up-to-date: /root/ros2_ws/install/task5/include/task5/task5/action/detail/track_goal__struct.hpp
-- Up-to-date: /root/ros2_ws/install/task5/include/task5/task5/action/track_goal.hpp
-- Up-to-date: /root/ros2_ws/install/task5/include/task5/task5
-- Up-to-date: /root/ros2_ws/install/task5/include/task5/task5/msg
-- Up-to-date: /root/ros2_ws/install/task5/include/task5/task5/msg/rosidl_typesupport_fastrtps_cpp__visibility_control.h
-- Up-to-date: /root/ros2_ws/install/task5/include/task5/task5/action
-- Up-to-date: /root/ros2_ws/install/task5/include/task5/task5/action/detail
-- Up-to-date: /root/ros2_ws/install/task5/include/task5/task5/action/detail/track_goal__rosidl_typesupport_fastrtps_cpp.hpp
-- Up-to-date: /root/ros2_ws/install/task5/include/task5/task5/action/detail/dds_fastrtps
-- Up-to-date: /root/ros2_ws/install/task5/lib/libtask5__rosidl_typesupport_fastrtps_cpp.so
-- Up-to-date: /root/ros2_ws/install/task5/include/task5/task5
-- Up-to-date: /root/ros2_ws/install/task5/include/task5/task5/action
-- Up-to-date: /root/ros2_ws/install/task5/include/task5/task5/action/detail
-- Up-to-date: /root/ros2_ws/install/task5/include/task5/task5/action/detail/track_goal__type_support.cpp
-- Up-to-date: /root/ros2_ws/install/task5/include/task5/task5/action/detail/track_goal__rosidl_typesupport_introspection_cpp.hpp
-- Up-to-date: /root/ros2_ws/install/task5/lib/libtask5__rosidl_typesupport_introspection_cpp.so
-- Up-to-date: /root/ros2_ws/install/task5/lib/libtask5__rosidl_typesupport_cpp.so
-- Up-to-date: /root/ros2_ws/install/task5/share/task5/environment/pythonpath.sh
-- Up-to-date: /root/ros2_ws/install/task5/share/task5/environment/pythonpath.dsv
-- Up-to-date: /root/ros2_ws/install/task5/local/lib/python3.10/dist-packages/task5-0.0.0-py3.10.egg-info
-- Installing: /root/ros2_ws/install/task5/local/lib/python3.10/dist-packages/task5-0.0.0-py3.10.egg-info/PKG-INFO
-- Installing: /root/ros2_ws/install/task5/local/lib/python3.10/dist-packages/task5-0.0.0-py3.10.egg-info/top_level.txt
-- Installing: /root/ros2_ws/install/task5/local/lib/python3.10/dist-packages/task5-0.0.0-py3.10.egg-info/dependency_links.txt
-- Installing: /root/ros2_ws/install/task5/local/lib/python3.10/dist-packages/task5-0.0.0-py3.10.egg-info/SOURCES.txt
-- Up-to-date: /root/ros2_ws/install/task5/local/lib/python3.10/dist-packages/task5
-- Up-to-date: /root/ros2_ws/install/task5/local/lib/python3.10/dist-packages/task5/_task5_s.ep.rosidl_typesupport_introspection_c.c
-- Up-to-date: /root/ros2_ws/install/task5/local/lib/python3.10/dist-packages/task5/task5_s__rosidl_typesupport_c.cpython-310-x86_64-linux-gnu.so
-- Up-to-date: /root/ros2_ws/install/task5/local/lib/python3.10/dist-packages/task5/task5_s__rosidl_typesupport_introspection_c.cpython-310-x86_64-linux-gnu.so
-- Up-to-date: /root/ros2_ws/install/task5/local/lib/python3.10/dist-packages/task5/task5_s__rosidl_typesupport_fastrtps_c.cpython-310-x86_64-linux-gnu.so
-- Up-to-date: /root/ros2_ws/install/task5/local/lib/python3.10/dist-packages/task5/action
-- Up-to-date: /root/ros2_ws/install/task5/local/lib/python3.10/dist-packages/task5/action/_track_goal_s.c
-- Up-to-date: /root/ros2_ws/install/task5/local/lib/python3.10/dist-packages/task5/action/_track_goal.py
-- Up-to-date: /root/ros2_ws/install/task5/local/lib/python3.10/dist-packages/task5/action/__init__.py
-- Up-to-date: /root/ros2_ws/install/task5/local/lib/python3.10/dist-packages/task5/libtask5__rosidl_generator_py.so
-- Up-to-date: /root/ros2_ws/install/task5/local/lib/python3.10/dist-packages/task5/_task5_s.ep.rosidl_typesupport_fastrtps_c.c
-- Up-to-date: /root/ros2_ws/install/task5/local/lib/python3.10/dist-packages/task5/__init__.py
-- Up-to-date: /root/ros2_ws/install/task5/local/lib/python3.10/dist-packages/task5/_task5_s.ep.rosidl_typesupport_c.c
Listing '/root/ros2_ws/install/task5/local/lib/python3.10/dist-packages/task5'...
Listing '/root/ros2_ws/install/task5/local/lib/python3.10/dist-packages/task5/action'...
-- Up-to-date: /root/ros2_ws/install/task5/local/lib/python3.10/dist-packages/task5/task5_s__rosidl_typesupport_fastrtps_c.cpython-310-x86_64-linux-gnu.so
-- Up-to-date: /root/ros2_ws/install/task5/local/lib/python3.10/dist-packages/task5/task5_s__rosidl_typesupport_introspection_c.cpython-310-x86_64-linux-gnu.so
-- Up-to-date: /root/ros2_ws/install/task5/local/lib/python3.10/dist-packages/task5/task5_s__rosidl_typesupport_c.cpython-310-x86_64-linux-gnu.so
-- Up-to-date: /root/ros2_ws/install/task5/lib/libtask5__rosidl_generator_py.so
-- Up-to-date: /root/ros2_ws/install/task5/share/ament_index/resource_index/rust_packages/task5
-- Up-to-date: /root/ros2_ws/install/task5/share/task5/rust
-- Up-to-date: /root/ros2_ws/install/task5/share/task5/rust/Cargo.toml
-- Up-to-date: /root/ros2_ws/install/task5/share/task5/rust/src
-- Up-to-date: /root/ros2_ws/install/task5/share/task5/rust/src/action
-- Up-to-date: /root/ros2_ws/install/task5/share/task5/rust/src/action/rmw.rs
-- Up-to-date: /root/ros2_ws/install/task5/share/task5/rust/src/action.rs
-- Up-to-date: /root/ros2_ws/install/task5/share/task5/rust/src/lib.rs
-- Up-to-date: /root/ros2_ws/install/task5/share/task5/rust/build.rs
-- Up-to-date: /root/ros2_ws/install/task5/share/task5/action/TrackGoal.idl
-- Up-to-date: /root/ros2_ws/install/task5/share/task5/action/TrackGoal.action
-- Up-to-date: /root/ros2_ws/install/task5/share/ament_index/resource_index/package_run_dependencies/task5
-- Up-to-date: /root/ros2_ws/install/task5/share/ament_index/resource_index/parent_prefix_path/task5
-- Up-to-date: /root/ros2_ws/install/task5/share/task5/environment/ament_prefix_path.sh
-- Up-to-date: /root/ros2_ws/install/task5/share/task5/environment/ament_prefix_path.dsv
-- Up-to-date: /root/ros2_ws/install/task5/share/task5/environment/path.sh
-- Up-to-date: /root/ros2_ws/install/task5/share/task5/environment/path.dsv
-- Up-to-date: /root/ros2_ws/install/task5/share/task5/local_setup.bash
-- Up-to-date: /root/ros2_ws/install/task5/share/task5/local_setup.sh
-- Up-to-date: /root/ros2_ws/install/task5/share/task5/local_setup.zsh
-- Up-to-date: /root/ros2_ws/install/task5/share/task5/local_setup.dsv
-- Installing: /root/ros2_ws/install/task5/share/task5/package.dsv
-- Up-to-date: /root/ros2_ws/install/task5/share/ament_index/resource_index/packages/task5
-- Up-to-date: /root/ros2_ws/install/task5/share/task5/cmake/export_task5__rosidl_generator_cExport.cmake
-- Up-to-date: /root/ros2_ws/install/task5/share/task5/cmake/export_task5__rosidl_generator_cExport-noconfig.cmake
-- Up-to-date: /root/ros2_ws/install/task5/share/task5/cmake/export_task5__rosidl_typesupport_fastrtps_cExport.cmake
-- Up-to-date: /root/ros2_ws/install/task5/share/task5/cmake/export_task5__rosidl_typesupport_fastrtps_cExport-noconfig.cmake
-- Up-to-date: /root/ros2_ws/install/task5/share/task5/cmake/task5__rosidl_typesupport_introspection_cExport.cmake
-- Up-to-date: /root/ros2_ws/install/task5/share/task5/cmake/task5__rosidl_typesupport_introspection_cExport-noconfig.cmake
-- Up-to-date: /root/ros2_ws/install/task5/share/task5/cmake/task5__rosidl_typesupport_cExport.cmake
-- Up-to-date: /root/ros2_ws/install/task5/share/task5/cmake/task5__rosidl_typesupport_cExport-noconfig.cmake
-- Up-to-date: /root/ros2_ws/install/task5/share/task5/cmake/export_task5__rosidl_generator_cppExport.cmake
-- Up-to-date: /root/ros2_ws/install/task5/share/task5/cmake/export_task5__rosidl_typesupport_fastrtps_cppExport.cmake
-- Up-to-date: /root/ros2_ws/install/task5/share/task5/cmake/export_task5__rosidl_typesupport_fastrtps_cppExport-noconfig.cmake
-- Up-to-date: /root/ros2_ws/install/task5/share/task5/cmake/task5__rosidl_typesupport_introspection_cppExport.cmake
-- Up-to-date: /root/ros2_ws/install/task5/share/task5/cmake/task5__rosidl_typesupport_introspection_cppExport-noconfig.cmake
-- Up-to-date: /root/ros2_ws/install/task5/share/task5/cmake/task5__rosidl_typesupport_cppExport.cmake
-- Up-to-date: /root/ros2_ws/install/task5/share/task5/cmake/task5__rosidl_typesupport_cppExport-noconfig.cmake
-- Up-to-date: /root/ros2_ws/install/task5/share/task5/cmake/export_task5__rosidl_generator_pyExport.cmake
-- Up-to-date: /root/ros2_ws/install/task5/share/task5/cmake/export_task5__rosidl_generator_pyExport-noconfig.cmake
-- Up-to-date: /root/ros2_ws/install/task5/share/task5/cmake/rosidl_cmake-extras.cmake
-- Up-to-date: /root/ros2_ws/install/task5/share/task5/cmake/ament_cmake_export_dependencies-extras.cmake
-- Up-to-date: /root/ros2_ws/install/task5/share/task5/cmake/ament_cmake_export_include_directories-extras.cmake
-- Up-to-date: /root/ros2_ws/install/task5/share/task5/cmake/ament_cmake_export_libraries-extras.cmake
-- Up-to-date: /root/ros2_ws/install/task5/share/task5/cmake/ament_cmake_export_targets-extras.cmake
-- Up-to-date: /root/ros2_ws/install/task5/share/task5/cmake/rosidl_cmake_export_typesupport_targets-extras.cmake
-- Up-to-date: /root/ros2_ws/install/task5/share/task5/cmake/rosidl_cmake_export_typesupport_libraries-extras.cmake
-- Up-to-date: /root/ros2_ws/install/task5/share/task5/cmake/task5Config.cmake
-- Up-to-date: /root/ros2_ws/install/task5/share/task5/cmake/task5Config-version.cmake
-- Up-to-date: /root/ros2_ws/install/task5/share/task5/package.xml
