[0.066s] Invoking command in '/root/ros2_ws/build/task3': CMAKE_PREFIX_PATH=${CMAKE_PREFIX_PATH}:/root/ros2_ws/install/task5_tester:/root/ros2_ws/install/task4_tester:/root/ros2_ws/install/task3_tester:/root/ros2_ws/install/task2_tester:/root/ros2_ws/install/task1:/root/ros2_ws/install/py_srvcli:/root/ros2_ws/install/py_pubsub:/root/ros2_ws/install/my_action_pkg:/root/ros2_ws/install/launch_testing_examples:/root/ros2_ws/install/examples_rclpy_pointcloud_publisher:/root/ros2_ws/install/examples_rclpy_minimal_subscriber:/root/ros2_ws/install/examples_rclpy_minimal_service:/root/ros2_ws/install/examples_rclpy_minimal_publisher:/root/ros2_ws/install/examples_rclpy_minimal_client:/root/ros2_ws/install/examples_rclpy_minimal_action_server:/root/ros2_ws/install/examples_rclpy_minimal_action_client:/root/ros2_ws/install/examples_rclpy_guard_conditions:/root/ros2_ws/install/examples_rclpy_executors:/root/ros2_ws/src/task1/install/task1:/opt/ros/humble /usr/bin/cmake --build /root/ros2_ws/build/task3 -- -j28 -l28
[0.743s] [  3%] Built target task3__rs
[0.743s] [  6%] Built target task3__cpp
[0.743s] [ 15%] Built target task3__rosidl_generator_c
[0.743s] [ 15%] Built target ament_cmake_python_copy_task3
[0.743s] [ 25%] Built target task3__rosidl_typesupport_cpp
[0.743s] [ 34%] Built target task3__rosidl_typesupport_c
[0.743s] [ 43%] Built target task3__rosidl_typesupport_introspection_c
[0.744s] [ 62%] Built target task3__rosidl_typesupport_introspection_cpp
[0.744s] [ 62%] Built target task3__rosidl_typesupport_fastrtps_cpp
[0.744s] [ 71%] Built target task3__rosidl_typesupport_fastrtps_c
[0.744s] [ 71%] Built target task3
[0.744s] [ 75%] Built target task3__py
[0.744s] [ 81%] Built target task3__rosidl_generator_py
[0.744s] [ 87%] Built target task3__rosidl_typesupport_c__pyext
[0.744s] [ 93%] Built target task3__rosidl_typesupport_fastrtps_c__pyext
[0.744s] [100%] Built target task3__rosidl_typesupport_introspection_c__pyext
[0.744s] running egg_info
[0.744s] writing task3.egg-info/PKG-INFO
[0.744s] writing dependency_links to task3.egg-info/dependency_links.txt
[0.744s] writing top-level names to task3.egg-info/top_level.txt
[0.744s] reading manifest file 'task3.egg-info/SOURCES.txt'
[0.744s] writing manifest file 'task3.egg-info/SOURCES.txt'
[0.744s] [100%] Built target ament_cmake_python_build_task3_egg
[1.078s] Invoked command in '/root/ros2_ws/build/task3' returned '0': CMAKE_PREFIX_PATH=${CMAKE_PREFIX_PATH}:/root/ros2_ws/install/task5_tester:/root/ros2_ws/install/task4_tester:/root/ros2_ws/install/task3_tester:/root/ros2_ws/install/task2_tester:/root/ros2_ws/install/task1:/root/ros2_ws/install/py_srvcli:/root/ros2_ws/install/py_pubsub:/root/ros2_ws/install/my_action_pkg:/root/ros2_ws/install/launch_testing_examples:/root/ros2_ws/install/examples_rclpy_pointcloud_publisher:/root/ros2_ws/install/examples_rclpy_minimal_subscriber:/root/ros2_ws/install/examples_rclpy_minimal_service:/root/ros2_ws/install/examples_rclpy_minimal_publisher:/root/ros2_ws/install/examples_rclpy_minimal_client:/root/ros2_ws/install/examples_rclpy_minimal_action_server:/root/ros2_ws/install/examples_rclpy_minimal_action_client:/root/ros2_ws/install/examples_rclpy_guard_conditions:/root/ros2_ws/install/examples_rclpy_executors:/root/ros2_ws/src/task1/install/task1:/opt/ros/humble /usr/bin/cmake --build /root/ros2_ws/build/task3 -- -j28 -l28
[1.079s] Invoking command in '/root/ros2_ws/build/task3': CMAKE_PREFIX_PATH=${CMAKE_PREFIX_PATH}:/root/ros2_ws/install/task5_tester:/root/ros2_ws/install/task4_tester:/root/ros2_ws/install/task3_tester:/root/ros2_ws/install/task2_tester:/root/ros2_ws/install/task1:/root/ros2_ws/install/py_srvcli:/root/ros2_ws/install/py_pubsub:/root/ros2_ws/install/my_action_pkg:/root/ros2_ws/install/launch_testing_examples:/root/ros2_ws/install/examples_rclpy_pointcloud_publisher:/root/ros2_ws/install/examples_rclpy_minimal_subscriber:/root/ros2_ws/install/examples_rclpy_minimal_service:/root/ros2_ws/install/examples_rclpy_minimal_publisher:/root/ros2_ws/install/examples_rclpy_minimal_client:/root/ros2_ws/install/examples_rclpy_minimal_action_server:/root/ros2_ws/install/examples_rclpy_minimal_action_client:/root/ros2_ws/install/examples_rclpy_guard_conditions:/root/ros2_ws/install/examples_rclpy_executors:/root/ros2_ws/src/task1/install/task1:/opt/ros/humble /usr/bin/cmake --install /root/ros2_ws/build/task3
[1.095s] -- Install configuration: ""
[1.095s] -- Up-to-date: /root/ros2_ws/install/task3/share/ament_index/resource_index/rosidl_interfaces/task3
[1.095s] -- Up-to-date: /root/ros2_ws/install/task3/include/task3/task3
[1.095s] -- Up-to-date: /root/ros2_ws/install/task3/include/task3/task3/msg
[1.096s] -- Up-to-date: /root/ros2_ws/install/task3/include/task3/task3/msg/rosidl_generator_c__visibility_control.h
[1.096s] -- Up-to-date: /root/ros2_ws/install/task3/include/task3/task3/srv
[1.096s] -- Up-to-date: /root/ros2_ws/install/task3/include/task3/task3/srv/add_two.h
[1.096s] -- Up-to-date: /root/ros2_ws/install/task3/include/task3/task3/srv/detail
[1.096s] -- Up-to-date: /root/ros2_ws/install/task3/include/task3/task3/srv/detail/add_two__struct.h
[1.096s] -- Up-to-date: /root/ros2_ws/install/task3/include/task3/task3/srv/detail/add_two__functions.h
[1.096s] -- Up-to-date: /root/ros2_ws/install/task3/include/task3/task3/srv/detail/add_two__type_support.h
[1.096s] -- Up-to-date: /root/ros2_ws/install/task3/include/task3/task3/srv/detail/add_two__functions.c
[1.096s] -- Up-to-date: /root/ros2_ws/install/task3/share/task3/environment/library_path.sh
[1.096s] -- Up-to-date: /root/ros2_ws/install/task3/share/task3/environment/library_path.dsv
[1.096s] -- Up-to-date: /root/ros2_ws/install/task3/lib/libtask3__rosidl_generator_c.so
[1.096s] -- Up-to-date: /root/ros2_ws/install/task3/include/task3/task3
[1.096s] -- Up-to-date: /root/ros2_ws/install/task3/include/task3/task3/msg
[1.096s] -- Up-to-date: /root/ros2_ws/install/task3/include/task3/task3/msg/rosidl_typesupport_fastrtps_c__visibility_control.h
[1.096s] -- Up-to-date: /root/ros2_ws/install/task3/include/task3/task3/srv
[1.096s] -- Up-to-date: /root/ros2_ws/install/task3/include/task3/task3/srv/detail
[1.096s] -- Up-to-date: /root/ros2_ws/install/task3/include/task3/task3/srv/detail/add_two__rosidl_typesupport_fastrtps_c.h
[1.096s] -- Up-to-date: /root/ros2_ws/install/task3/lib/libtask3__rosidl_typesupport_fastrtps_c.so
[1.096s] -- Up-to-date: /root/ros2_ws/install/task3/include/task3/task3
[1.097s] -- Up-to-date: /root/ros2_ws/install/task3/include/task3/task3/msg
[1.097s] -- Up-to-date: /root/ros2_ws/install/task3/include/task3/task3/msg/rosidl_generator_cpp__visibility_control.hpp
[1.097s] -- Up-to-date: /root/ros2_ws/install/task3/include/task3/task3/srv
[1.097s] -- Up-to-date: /root/ros2_ws/install/task3/include/task3/task3/srv/detail
[1.097s] -- Up-to-date: /root/ros2_ws/install/task3/include/task3/task3/srv/detail/add_two__builder.hpp
[1.097s] -- Up-to-date: /root/ros2_ws/install/task3/include/task3/task3/srv/detail/add_two__struct.hpp
[1.097s] -- Up-to-date: /root/ros2_ws/install/task3/include/task3/task3/srv/detail/add_two__traits.hpp
[1.097s] -- Up-to-date: /root/ros2_ws/install/task3/include/task3/task3/srv/detail/add_two__type_support.hpp
[1.097s] -- Up-to-date: /root/ros2_ws/install/task3/include/task3/task3/srv/add_two.hpp
[1.097s] -- Up-to-date: /root/ros2_ws/install/task3/include/task3/task3
[1.097s] -- Up-to-date: /root/ros2_ws/install/task3/include/task3/task3/msg
[1.097s] -- Up-to-date: /root/ros2_ws/install/task3/include/task3/task3/msg/rosidl_typesupport_fastrtps_cpp__visibility_control.h
[1.097s] -- Up-to-date: /root/ros2_ws/install/task3/include/task3/task3/srv
[1.097s] -- Up-to-date: /root/ros2_ws/install/task3/include/task3/task3/srv/detail
[1.097s] -- Up-to-date: /root/ros2_ws/install/task3/include/task3/task3/srv/detail/add_two__rosidl_typesupport_fastrtps_cpp.hpp
[1.097s] -- Up-to-date: /root/ros2_ws/install/task3/include/task3/task3/srv/detail/dds_fastrtps
[1.097s] -- Up-to-date: /root/ros2_ws/install/task3/lib/libtask3__rosidl_typesupport_fastrtps_cpp.so
[1.098s] -- Up-to-date: /root/ros2_ws/install/task3/include/task3/task3
[1.098s] -- Up-to-date: /root/ros2_ws/install/task3/include/task3/task3/msg
[1.098s] -- Up-to-date: /root/ros2_ws/install/task3/include/task3/task3/msg/rosidl_typesupport_introspection_c__visibility_control.h
[1.098s] -- Up-to-date: /root/ros2_ws/install/task3/include/task3/task3/srv
[1.098s] -- Up-to-date: /root/ros2_ws/install/task3/include/task3/task3/srv/detail
[1.098s] -- Up-to-date: /root/ros2_ws/install/task3/include/task3/task3/srv/detail/add_two__rosidl_typesupport_introspection_c.h
[1.098s] -- Up-to-date: /root/ros2_ws/install/task3/include/task3/task3/srv/detail/add_two__type_support.c
[1.098s] -- Up-to-date: /root/ros2_ws/install/task3/lib/libtask3__rosidl_typesupport_introspection_c.so
[1.098s] -- Up-to-date: /root/ros2_ws/install/task3/lib/libtask3__rosidl_typesupport_c.so
[1.098s] -- Up-to-date: /root/ros2_ws/install/task3/include/task3/task3
[1.098s] -- Up-to-date: /root/ros2_ws/install/task3/include/task3/task3/srv
[1.098s] -- Up-to-date: /root/ros2_ws/install/task3/include/task3/task3/srv/detail
[1.098s] -- Up-to-date: /root/ros2_ws/install/task3/include/task3/task3/srv/detail/add_two__type_support.cpp
[1.098s] -- Up-to-date: /root/ros2_ws/install/task3/include/task3/task3/srv/detail/add_two__rosidl_typesupport_introspection_cpp.hpp
[1.098s] -- Up-to-date: /root/ros2_ws/install/task3/lib/libtask3__rosidl_typesupport_introspection_cpp.so
[1.098s] -- Up-to-date: /root/ros2_ws/install/task3/lib/libtask3__rosidl_typesupport_cpp.so
[1.098s] -- Up-to-date: /root/ros2_ws/install/task3/share/task3/environment/pythonpath.sh
[1.098s] -- Up-to-date: /root/ros2_ws/install/task3/share/task3/environment/pythonpath.dsv
[1.098s] -- Up-to-date: /root/ros2_ws/install/task3/local/lib/python3.10/dist-packages/task3-0.0.0-py3.10.egg-info
[1.098s] -- Installing: /root/ros2_ws/install/task3/local/lib/python3.10/dist-packages/task3-0.0.0-py3.10.egg-info/PKG-INFO
[1.099s] -- Installing: /root/ros2_ws/install/task3/local/lib/python3.10/dist-packages/task3-0.0.0-py3.10.egg-info/top_level.txt
[1.099s] -- Installing: /root/ros2_ws/install/task3/local/lib/python3.10/dist-packages/task3-0.0.0-py3.10.egg-info/dependency_links.txt
[1.099s] -- Installing: /root/ros2_ws/install/task3/local/lib/python3.10/dist-packages/task3-0.0.0-py3.10.egg-info/SOURCES.txt
[1.099s] -- Up-to-date: /root/ros2_ws/install/task3/local/lib/python3.10/dist-packages/task3
[1.099s] -- Up-to-date: /root/ros2_ws/install/task3/local/lib/python3.10/dist-packages/task3/_task3_s.ep.rosidl_typesupport_c.c
[1.099s] -- Up-to-date: /root/ros2_ws/install/task3/local/lib/python3.10/dist-packages/task3/task3_s__rosidl_typesupport_fastrtps_c.cpython-310-x86_64-linux-gnu.so
[1.099s] -- Up-to-date: /root/ros2_ws/install/task3/local/lib/python3.10/dist-packages/task3/libtask3__rosidl_generator_py.so
[1.099s] -- Up-to-date: /root/ros2_ws/install/task3/local/lib/python3.10/dist-packages/task3/task3_s__rosidl_typesupport_introspection_c.cpython-310-x86_64-linux-gnu.so
[1.099s] -- Up-to-date: /root/ros2_ws/install/task3/local/lib/python3.10/dist-packages/task3/_task3_s.ep.rosidl_typesupport_introspection_c.c
[1.099s] -- Up-to-date: /root/ros2_ws/install/task3/local/lib/python3.10/dist-packages/task3/srv
[1.099s] -- Up-to-date: /root/ros2_ws/install/task3/local/lib/python3.10/dist-packages/task3/srv/_add_two_s.c
[1.099s] -- Up-to-date: /root/ros2_ws/install/task3/local/lib/python3.10/dist-packages/task3/srv/_add_two.py
[1.099s] -- Up-to-date: /root/ros2_ws/install/task3/local/lib/python3.10/dist-packages/task3/srv/__init__.py
[1.099s] -- Up-to-date: /root/ros2_ws/install/task3/local/lib/python3.10/dist-packages/task3/task3_s__rosidl_typesupport_c.cpython-310-x86_64-linux-gnu.so
[1.099s] -- Up-to-date: /root/ros2_ws/install/task3/local/lib/python3.10/dist-packages/task3/_task3_s.ep.rosidl_typesupport_fastrtps_c.c
[1.099s] -- Up-to-date: /root/ros2_ws/install/task3/local/lib/python3.10/dist-packages/task3/__init__.py
[1.141s] Listing '/root/ros2_ws/install/task3/local/lib/python3.10/dist-packages/task3'...
[1.142s] Listing '/root/ros2_ws/install/task3/local/lib/python3.10/dist-packages/task3/srv'...
[1.146s] -- Up-to-date: /root/ros2_ws/install/task3/local/lib/python3.10/dist-packages/task3/task3_s__rosidl_typesupport_fastrtps_c.cpython-310-x86_64-linux-gnu.so
[1.147s] -- Up-to-date: /root/ros2_ws/install/task3/local/lib/python3.10/dist-packages/task3/task3_s__rosidl_typesupport_introspection_c.cpython-310-x86_64-linux-gnu.so
[1.147s] -- Up-to-date: /root/ros2_ws/install/task3/local/lib/python3.10/dist-packages/task3/task3_s__rosidl_typesupport_c.cpython-310-x86_64-linux-gnu.so
[1.148s] -- Up-to-date: /root/ros2_ws/install/task3/lib/libtask3__rosidl_generator_py.so
[1.148s] -- Up-to-date: /root/ros2_ws/install/task3/share/ament_index/resource_index/rust_packages/task3
[1.148s] -- Up-to-date: /root/ros2_ws/install/task3/share/task3/rust
[1.148s] -- Up-to-date: /root/ros2_ws/install/task3/share/task3/rust/Cargo.toml
[1.148s] -- Up-to-date: /root/ros2_ws/install/task3/share/task3/rust/src
[1.148s] -- Up-to-date: /root/ros2_ws/install/task3/share/task3/rust/src/srv
[1.148s] -- Up-to-date: /root/ros2_ws/install/task3/share/task3/rust/src/srv/rmw.rs
[1.148s] -- Up-to-date: /root/ros2_ws/install/task3/share/task3/rust/src/srv.rs
[1.148s] -- Up-to-date: /root/ros2_ws/install/task3/share/task3/rust/src/lib.rs
[1.148s] -- Up-to-date: /root/ros2_ws/install/task3/share/task3/rust/build.rs
[1.148s] -- Up-to-date: /root/ros2_ws/install/task3/share/task3/srv/AddTwo.idl
[1.149s] -- Up-to-date: /root/ros2_ws/install/task3/share/task3/srv/AddTwo.srv
[1.149s] -- Up-to-date: /root/ros2_ws/install/task3/share/task3/srv/AddTwo_Request.msg
[1.149s] -- Up-to-date: /root/ros2_ws/install/task3/share/task3/srv/AddTwo_Response.msg
[1.149s] -- Up-to-date: /root/ros2_ws/install/task3/share/ament_index/resource_index/package_run_dependencies/task3
[1.149s] -- Up-to-date: /root/ros2_ws/install/task3/share/ament_index/resource_index/parent_prefix_path/task3
[1.149s] -- Up-to-date: /root/ros2_ws/install/task3/share/task3/environment/ament_prefix_path.sh
[1.149s] -- Up-to-date: /root/ros2_ws/install/task3/share/task3/environment/ament_prefix_path.dsv
[1.149s] -- Up-to-date: /root/ros2_ws/install/task3/share/task3/environment/path.sh
[1.149s] -- Up-to-date: /root/ros2_ws/install/task3/share/task3/environment/path.dsv
[1.149s] -- Up-to-date: /root/ros2_ws/install/task3/share/task3/local_setup.bash
[1.149s] -- Up-to-date: /root/ros2_ws/install/task3/share/task3/local_setup.sh
[1.150s] -- Up-to-date: /root/ros2_ws/install/task3/share/task3/local_setup.zsh
[1.150s] -- Up-to-date: /root/ros2_ws/install/task3/share/task3/local_setup.dsv
[1.150s] -- Installing: /root/ros2_ws/install/task3/share/task3/package.dsv
[1.150s] -- Up-to-date: /root/ros2_ws/install/task3/share/ament_index/resource_index/packages/task3
[1.150s] -- Up-to-date: /root/ros2_ws/install/task3/share/task3/cmake/export_task3__rosidl_generator_cExport.cmake
[1.150s] -- Up-to-date: /root/ros2_ws/install/task3/share/task3/cmake/export_task3__rosidl_generator_cExport-noconfig.cmake
[1.151s] -- Up-to-date: /root/ros2_ws/install/task3/share/task3/cmake/export_task3__rosidl_typesupport_fastrtps_cExport.cmake
[1.152s] -- Up-to-date: /root/ros2_ws/install/task3/share/task3/cmake/export_task3__rosidl_typesupport_fastrtps_cExport-noconfig.cmake
[1.152s] -- Up-to-date: /root/ros2_ws/install/task3/share/task3/cmake/export_task3__rosidl_generator_cppExport.cmake
[1.152s] -- Up-to-date: /root/ros2_ws/install/task3/share/task3/cmake/export_task3__rosidl_typesupport_fastrtps_cppExport.cmake
[1.153s] -- Up-to-date: /root/ros2_ws/install/task3/share/task3/cmake/export_task3__rosidl_typesupport_fastrtps_cppExport-noconfig.cmake
[1.153s] -- Up-to-date: /root/ros2_ws/install/task3/share/task3/cmake/task3__rosidl_typesupport_introspection_cExport.cmake
[1.153s] -- Up-to-date: /root/ros2_ws/install/task3/share/task3/cmake/task3__rosidl_typesupport_introspection_cExport-noconfig.cmake
[1.153s] -- Up-to-date: /root/ros2_ws/install/task3/share/task3/cmake/task3__rosidl_typesupport_cExport.cmake
[1.153s] -- Up-to-date: /root/ros2_ws/install/task3/share/task3/cmake/task3__rosidl_typesupport_cExport-noconfig.cmake
[1.153s] -- Up-to-date: /root/ros2_ws/install/task3/share/task3/cmake/task3__rosidl_typesupport_introspection_cppExport.cmake
[1.153s] -- Up-to-date: /root/ros2_ws/install/task3/share/task3/cmake/task3__rosidl_typesupport_introspection_cppExport-noconfig.cmake
[1.153s] -- Up-to-date: /root/ros2_ws/install/task3/share/task3/cmake/task3__rosidl_typesupport_cppExport.cmake
[1.153s] -- Up-to-date: /root/ros2_ws/install/task3/share/task3/cmake/task3__rosidl_typesupport_cppExport-noconfig.cmake
[1.153s] -- Up-to-date: /root/ros2_ws/install/task3/share/task3/cmake/export_task3__rosidl_generator_pyExport.cmake
[1.153s] -- Up-to-date: /root/ros2_ws/install/task3/share/task3/cmake/export_task3__rosidl_generator_pyExport-noconfig.cmake
[1.153s] -- Up-to-date: /root/ros2_ws/install/task3/share/task3/cmake/rosidl_cmake-extras.cmake
[1.153s] -- Up-to-date: /root/ros2_ws/install/task3/share/task3/cmake/ament_cmake_export_dependencies-extras.cmake
[1.153s] -- Up-to-date: /root/ros2_ws/install/task3/share/task3/cmake/ament_cmake_export_include_directories-extras.cmake
[1.153s] -- Up-to-date: /root/ros2_ws/install/task3/share/task3/cmake/ament_cmake_export_libraries-extras.cmake
[1.154s] -- Up-to-date: /root/ros2_ws/install/task3/share/task3/cmake/ament_cmake_export_targets-extras.cmake
[1.154s] -- Up-to-date: /root/ros2_ws/install/task3/share/task3/cmake/rosidl_cmake_export_typesupport_targets-extras.cmake
[1.154s] -- Up-to-date: /root/ros2_ws/install/task3/share/task3/cmake/rosidl_cmake_export_typesupport_libraries-extras.cmake
[1.154s] -- Up-to-date: /root/ros2_ws/install/task3/share/task3/cmake/task3Config.cmake
[1.154s] -- Up-to-date: /root/ros2_ws/install/task3/share/task3/cmake/task3Config-version.cmake
[1.154s] -- Up-to-date: /root/ros2_ws/install/task3/share/task3/package.xml
[1.156s] Invoked command in '/root/ros2_ws/build/task3' returned '0': CMAKE_PREFIX_PATH=${CMAKE_PREFIX_PATH}:/root/ros2_ws/install/task5_tester:/root/ros2_ws/install/task4_tester:/root/ros2_ws/install/task3_tester:/root/ros2_ws/install/task2_tester:/root/ros2_ws/install/task1:/root/ros2_ws/install/py_srvcli:/root/ros2_ws/install/py_pubsub:/root/ros2_ws/install/my_action_pkg:/root/ros2_ws/install/launch_testing_examples:/root/ros2_ws/install/examples_rclpy_pointcloud_publisher:/root/ros2_ws/install/examples_rclpy_minimal_subscriber:/root/ros2_ws/install/examples_rclpy_minimal_service:/root/ros2_ws/install/examples_rclpy_minimal_publisher:/root/ros2_ws/install/examples_rclpy_minimal_client:/root/ros2_ws/install/examples_rclpy_minimal_action_server:/root/ros2_ws/install/examples_rclpy_minimal_action_client:/root/ros2_ws/install/examples_rclpy_guard_conditions:/root/ros2_ws/install/examples_rclpy_executors:/root/ros2_ws/src/task1/install/task1:/opt/ros/humble /usr/bin/cmake --install /root/ros2_ws/build/task3
