[0.119s] Invoking command in '/root/ros2_ws/build/examples_rclcpp_cbg_executor': CMAKE_PREFIX_PATH=/opt/ros/humble /usr/bin/cmake /root/ros2_ws/src/examples/rclcpp/executors/cbg_executor -DAMENT_CMAKE_SYMLINK_INSTALL=1 -DCMAKE_INSTALL_PREFIX=/root/ros2_ws/install/examples_rclcpp_cbg_executor
[2.681s] -- The C compiler identification is GNU 11.4.0
[2.681s] -- The CXX compiler identification is GNU 11.4.0
[2.681s] -- Detecting C compiler ABI info
[2.681s] -- Detecting C compiler ABI info - done
[2.681s] -- Check for working C compiler: /usr/bin/cc - skipped
[2.681s] -- Detecting C compile features
[2.681s] -- Detecting C compile features - done
[2.681s] -- Detecting CXX compiler ABI info
[2.681s] -- Detecting CXX compiler ABI info - done
[2.681s] -- Check for working CXX compiler: /usr/bin/c++ - skipped
[2.681s] -- Detecting CXX compile features
[2.681s] -- Detecting CXX compile features - done
[2.681s] -- Found ament_cmake: 1.3.14 (/opt/ros/humble/share/ament_cmake/cmake)
[2.681s] -- Found Python3: /usr/bin/python3 (found version "3.10.12") found components: Interpreter
[2.681s] -- Override CMake install command with custom implementation using symlinks instead of copying resources
[2.681s] -- Found rclcpp: 16.0.19 (/opt/ros/humble/share/rclcpp/cmake)
[2.682s] -- Found rosidl_generator_c: 3.1.8 (/opt/ros/humble/share/rosidl_generator_c/cmake)
[2.682s] -- Found rosidl_adapter: 3.1.8 (/opt/ros/humble/share/rosidl_adapter/cmake)
[2.682s] -- Found rosidl_generator_cpp: 3.1.8 (/opt/ros/humble/share/rosidl_generator_cpp/cmake)
[2.682s] -- Using all available rosidl_typesupport_c: rosidl_typesupport_fastrtps_c;rosidl_typesupport_introspection_c
[2.682s] -- Using all available rosidl_typesupport_cpp: rosidl_typesupport_fastrtps_cpp;rosidl_typesupport_introspection_cpp
[2.682s] -- Found rmw_implementation_cmake: 6.1.2 (/opt/ros/humble/share/rmw_implementation_cmake/cmake)
[2.682s] -- Found rmw_fastrtps_cpp: 6.2.10 (/opt/ros/humble/share/rmw_fastrtps_cpp/cmake)
[2.682s] -- Found OpenSSL: /usr/lib/x86_64-linux-gnu/libcrypto.so (found version "3.0.2")
[2.682s] -- Found FastRTPS: /opt/ros/humble/include
[2.682s] -- Using RMW implementation 'rmw_fastrtps_cpp' as default
[2.682s] -- Performing Test CMAKE_HAVE_LIBC_PTHREAD
[2.682s] -- Performing Test CMAKE_HAVE_LIBC_PTHREAD - Success
[2.682s] -- Found Threads: TRUE
[2.682s] -- Found ament_lint_auto: 0.12.15 (/opt/ros/humble/share/ament_lint_auto/cmake)
[2.682s] -- Added test 'copyright' to check source files copyright and LICENSE
[2.682s] -- Added test 'cppcheck' to perform static code analysis on C / C++ code
[2.682s] -- Configured cppcheck include dirs: /root/ros2_ws/src/examples/rclcpp/executors/cbg_executor/include
[2.682s] -- Configured cppcheck exclude dirs and/or files: 
[2.682s] -- Added test 'cpplint' to check C / C++ code against the Google style
[2.682s] -- Configured cpplint exclude dirs and/or files: 
[2.682s] -- Added test 'lint_cmake' to check CMake code style
[2.683s] -- Added test 'uncrustify' to check C / C++ code style
[2.683s] -- Configured uncrustify additional arguments: 
[2.683s] -- Added test 'xmllint' to check XML markup files
[2.683s] -- Configuring done (1.7s)
[2.683s] -- Generating done (0.0s)
[2.683s] -- Build files have been written to: /root/ros2_ws/build/examples_rclcpp_cbg_executor
[2.685s] [0mCMake Deprecation Warning at CMakeLists.txt:1 (cmake_minimum_required):
[2.685s]   Compatibility with CMake < 3.10 will be removed from a future version of
[2.686s]   CMake.
[2.686s] 
[2.686s]   Update the VERSION argument <min> value.  Or, use the <min>...<max> syntax
[2.686s]   to tell CMake that the project requires at least <min> but has been updated
[2.686s]   to work with policies introduced by <max> or earlier.
[2.686s] 
[2.686s] [0m
[2.724s] Invoked command in '/root/ros2_ws/build/examples_rclcpp_cbg_executor' returned '0': CMAKE_PREFIX_PATH=/opt/ros/humble /usr/bin/cmake /root/ros2_ws/src/examples/rclcpp/executors/cbg_executor -DAMENT_CMAKE_SYMLINK_INSTALL=1 -DCMAKE_INSTALL_PREFIX=/root/ros2_ws/install/examples_rclcpp_cbg_executor
[2.725s] Invoking command in '/root/ros2_ws/build/examples_rclcpp_cbg_executor': CMAKE_PREFIX_PATH=/opt/ros/humble /usr/bin/cmake --build /root/ros2_ws/build/examples_rclcpp_cbg_executor -- -j28 -l28
[2.786s] [ 10%] [32mBuilding CXX object CMakeFiles/ping_pong.dir/src/ping_pong.cpp.o[0m
[2.786s] [ 30%] [32mBuilding CXX object CMakeFiles/ping.dir/src/ping.cpp.o[0m
[2.786s] [ 30%] [32mBuilding CXX object CMakeFiles/pong.dir/src/pong.cpp.o[0m
[2.787s] [ 40%] [32mBuilding CXX object CMakeFiles/ping_pong.dir/src/examples_rclcpp_cbg_executor/ping_node.cpp.o[0m
[2.787s] [ 50%] [32mBuilding CXX object CMakeFiles/pong.dir/src/examples_rclcpp_cbg_executor/pong_node.cpp.o[0m
[2.787s] [ 60%] [32mBuilding CXX object CMakeFiles/ping.dir/src/examples_rclcpp_cbg_executor/ping_node.cpp.o[0m
[2.787s] [ 70%] [32mBuilding CXX object CMakeFiles/ping_pong.dir/src/examples_rclcpp_cbg_executor/pong_node.cpp.o[0m
