[0.029s] Invoking command in '/root/ros2_ws/build/task3': CMAKE_PREFIX_PATH=${CMAKE_PREFIX_PATH}:/root/ros2_ws/install/task3_tester:/root/ros2_ws/install/task2_tester:/root/ros2_ws/install/task1:/root/ros2_ws/install/py_srvcli:/root/ros2_ws/install/py_pubsub:/root/ros2_ws/install/my_action_pkg:/root/ros2_ws/install/launch_testing_examples:/root/ros2_ws/install/examples_rclpy_pointcloud_publisher:/root/ros2_ws/install/examples_rclpy_minimal_subscriber:/root/ros2_ws/install/examples_rclpy_minimal_service:/root/ros2_ws/install/examples_rclpy_minimal_publisher:/root/ros2_ws/install/examples_rclpy_minimal_client:/root/ros2_ws/install/examples_rclpy_minimal_action_server:/root/ros2_ws/install/examples_rclpy_minimal_action_client:/root/ros2_ws/install/examples_rclpy_guard_conditions:/root/ros2_ws/install/examples_rclpy_executors:/opt/ros/humble /usr/bin/cmake --build /root/ros2_ws/build/task3 -- -j28 -l28
[0.394s] [  6%] Built target task3__rs
[0.394s] [  6%] Built target task3__cpp
[0.394s] [ 15%] Built target task3__rosidl_generator_c
[0.394s] [ 15%] Built target ament_cmake_python_copy_task3
[0.394s] [ 25%] Built target task3__rosidl_typesupport_c
[0.394s] [ 43%] Built target task3__rosidl_typesupport_cpp
[0.394s] [ 43%] Built target task3__rosidl_typesupport_introspection_c
[0.394s] [ 53%] Built target task3__rosidl_typesupport_introspection_cpp
[0.394s] [ 62%] Built target task3__rosidl_typesupport_fastrtps_c
[0.394s] [ 71%] Built target task3__rosidl_typesupport_fastrtps_cpp
[0.394s] [ 71%] Built target task3
[0.394s] [ 75%] Built target task3__py
[0.394s] [ 81%] Built target task3__rosidl_generator_py
[0.394s] [ 87%] Built target task3__rosidl_typesupport_fastrtps_c__pyext
[0.394s] [ 93%] Built target task3__rosidl_typesupport_introspection_c__pyext
[0.394s] [100%] Built target task3__rosidl_typesupport_c__pyext
[0.394s] running egg_info
[0.394s] writing task3.egg-info/PKG-INFO
[0.394s] writing dependency_links to task3.egg-info/dependency_links.txt
[0.394s] writing top-level names to task3.egg-info/top_level.txt
[0.394s] reading manifest file 'task3.egg-info/SOURCES.txt'
[0.395s] writing manifest file 'task3.egg-info/SOURCES.txt'
[0.395s] [100%] Built target ament_cmake_python_build_task3_egg
[0.575s] Invoked command in '/root/ros2_ws/build/task3' returned '0': CMAKE_PREFIX_PATH=${CMAKE_PREFIX_PATH}:/root/ros2_ws/install/task3_tester:/root/ros2_ws/install/task2_tester:/root/ros2_ws/install/task1:/root/ros2_ws/install/py_srvcli:/root/ros2_ws/install/py_pubsub:/root/ros2_ws/install/my_action_pkg:/root/ros2_ws/install/launch_testing_examples:/root/ros2_ws/install/examples_rclpy_pointcloud_publisher:/root/ros2_ws/install/examples_rclpy_minimal_subscriber:/root/ros2_ws/install/examples_rclpy_minimal_service:/root/ros2_ws/install/examples_rclpy_minimal_publisher:/root/ros2_ws/install/examples_rclpy_minimal_client:/root/ros2_ws/install/examples_rclpy_minimal_action_server:/root/ros2_ws/install/examples_rclpy_minimal_action_client:/root/ros2_ws/install/examples_rclpy_guard_conditions:/root/ros2_ws/install/examples_rclpy_executors:/opt/ros/humble /usr/bin/cmake --build /root/ros2_ws/build/task3 -- -j28 -l28
[0.577s] Invoking command in '/root/ros2_ws/build/task3': CMAKE_PREFIX_PATH=${CMAKE_PREFIX_PATH}:/root/ros2_ws/install/task3_tester:/root/ros2_ws/install/task2_tester:/root/ros2_ws/install/task1:/root/ros2_ws/install/py_srvcli:/root/ros2_ws/install/py_pubsub:/root/ros2_ws/install/my_action_pkg:/root/ros2_ws/install/launch_testing_examples:/root/ros2_ws/install/examples_rclpy_pointcloud_publisher:/root/ros2_ws/install/examples_rclpy_minimal_subscriber:/root/ros2_ws/install/examples_rclpy_minimal_service:/root/ros2_ws/install/examples_rclpy_minimal_publisher:/root/ros2_ws/install/examples_rclpy_minimal_client:/root/ros2_ws/install/examples_rclpy_minimal_action_server:/root/ros2_ws/install/examples_rclpy_minimal_action_client:/root/ros2_ws/install/examples_rclpy_guard_conditions:/root/ros2_ws/install/examples_rclpy_executors:/opt/ros/humble /usr/bin/cmake --install /root/ros2_ws/build/task3
[0.583s] -- Install configuration: ""
[0.583s] -- Up-to-date: /root/ros2_ws/install/task3/share/ament_index/resource_index/rosidl_interfaces/task3
[0.583s] -- Up-to-date: /root/ros2_ws/install/task3/include/task3/task3
[0.583s] -- Up-to-date: /root/ros2_ws/install/task3/include/task3/task3/msg
[0.583s] -- Up-to-date: /root/ros2_ws/install/task3/include/task3/task3/msg/rosidl_generator_c__visibility_control.h
[0.584s] -- Up-to-date: /root/ros2_ws/install/task3/include/task3/task3/srv
[0.584s] -- Up-to-date: /root/ros2_ws/install/task3/include/task3/task3/srv/add_two.h
[0.585s] -- Up-to-date: /root/ros2_ws/install/task3/include/task3/task3/srv/detail
[0.586s] -- Up-to-date: /root/ros2_ws/install/task3/include/task3/task3/srv/detail/add_two__struct.h
[0.586s] -- Up-to-date: /root/ros2_ws/install/task3/include/task3/task3/srv/detail/add_two__functions.h
[0.586s] -- Up-to-date: /root/ros2_ws/install/task3/include/task3/task3/srv/detail/add_two__type_support.h
[0.586s] -- Up-to-date: /root/ros2_ws/install/task3/include/task3/task3/srv/detail/add_two__functions.c
[0.586s] -- Up-to-date: /root/ros2_ws/install/task3/share/task3/environment/library_path.sh
[0.587s] -- Up-to-date: /root/ros2_ws/install/task3/share/task3/environment/library_path.dsv
[0.588s] -- Up-to-date: /root/ros2_ws/install/task3/lib/libtask3__rosidl_generator_c.so
[0.588s] -- Up-to-date: /root/ros2_ws/install/task3/include/task3/task3
[0.588s] -- Up-to-date: /root/ros2_ws/install/task3/include/task3/task3/msg
[0.588s] -- Up-to-date: /root/ros2_ws/install/task3/include/task3/task3/msg/rosidl_typesupport_fastrtps_c__visibility_control.h
[0.588s] -- Up-to-date: /root/ros2_ws/install/task3/include/task3/task3/srv
[0.588s] -- Up-to-date: /root/ros2_ws/install/task3/include/task3/task3/srv/detail
[0.588s] -- Up-to-date: /root/ros2_ws/install/task3/include/task3/task3/srv/detail/add_two__rosidl_typesupport_fastrtps_c.h
[0.588s] -- Up-to-date: /root/ros2_ws/install/task3/lib/libtask3__rosidl_typesupport_fastrtps_c.so
[0.589s] -- Up-to-date: /root/ros2_ws/install/task3/include/task3/task3
[0.589s] -- Up-to-date: /root/ros2_ws/install/task3/include/task3/task3/msg
[0.589s] -- Up-to-date: /root/ros2_ws/install/task3/include/task3/task3/msg/rosidl_generator_cpp__visibility_control.hpp
[0.589s] -- Up-to-date: /root/ros2_ws/install/task3/include/task3/task3/srv
[0.589s] -- Up-to-date: /root/ros2_ws/install/task3/include/task3/task3/srv/detail
[0.589s] -- Up-to-date: /root/ros2_ws/install/task3/include/task3/task3/srv/detail/add_two__builder.hpp
[0.589s] -- Up-to-date: /root/ros2_ws/install/task3/include/task3/task3/srv/detail/add_two__struct.hpp
[0.589s] -- Up-to-date: /root/ros2_ws/install/task3/include/task3/task3/srv/detail/add_two__traits.hpp
[0.590s] -- Up-to-date: /root/ros2_ws/install/task3/include/task3/task3/srv/detail/add_two__type_support.hpp
[0.590s] -- Up-to-date: /root/ros2_ws/install/task3/include/task3/task3/srv/add_two.hpp
[0.590s] -- Up-to-date: /root/ros2_ws/install/task3/include/task3/task3
[0.590s] -- Up-to-date: /root/ros2_ws/install/task3/include/task3/task3/msg
[0.590s] -- Up-to-date: /root/ros2_ws/install/task3/include/task3/task3/msg/rosidl_typesupport_fastrtps_cpp__visibility_control.h
[0.590s] -- Up-to-date: /root/ros2_ws/install/task3/include/task3/task3/srv
[0.590s] -- Up-to-date: /root/ros2_ws/install/task3/include/task3/task3/srv/detail
[0.590s] -- Up-to-date: /root/ros2_ws/install/task3/include/task3/task3/srv/detail/add_two__rosidl_typesupport_fastrtps_cpp.hpp
[0.591s] -- Up-to-date: /root/ros2_ws/install/task3/include/task3/task3/srv/detail/dds_fastrtps
[0.591s] -- Up-to-date: /root/ros2_ws/install/task3/lib/libtask3__rosidl_typesupport_fastrtps_cpp.so
[0.591s] -- Up-to-date: /root/ros2_ws/install/task3/include/task3/task3
[0.591s] -- Up-to-date: /root/ros2_ws/install/task3/include/task3/task3/msg
[0.591s] -- Up-to-date: /root/ros2_ws/install/task3/include/task3/task3/msg/rosidl_typesupport_introspection_c__visibility_control.h
[0.591s] -- Up-to-date: /root/ros2_ws/install/task3/include/task3/task3/srv
[0.591s] -- Up-to-date: /root/ros2_ws/install/task3/include/task3/task3/srv/detail
[0.591s] -- Up-to-date: /root/ros2_ws/install/task3/include/task3/task3/srv/detail/add_two__rosidl_typesupport_introspection_c.h
[0.591s] -- Up-to-date: /root/ros2_ws/install/task3/include/task3/task3/srv/detail/add_two__type_support.c
[0.592s] -- Up-to-date: /root/ros2_ws/install/task3/lib/libtask3__rosidl_typesupport_introspection_c.so
[0.592s] -- Up-to-date: /root/ros2_ws/install/task3/lib/libtask3__rosidl_typesupport_c.so
[0.592s] -- Up-to-date: /root/ros2_ws/install/task3/include/task3/task3
[0.592s] -- Up-to-date: /root/ros2_ws/install/task3/include/task3/task3/srv
[0.592s] -- Up-to-date: /root/ros2_ws/install/task3/include/task3/task3/srv/detail
[0.592s] -- Up-to-date: /root/ros2_ws/install/task3/include/task3/task3/srv/detail/add_two__type_support.cpp
[0.592s] -- Up-to-date: /root/ros2_ws/install/task3/include/task3/task3/srv/detail/add_two__rosidl_typesupport_introspection_cpp.hpp
[0.592s] -- Up-to-date: /root/ros2_ws/install/task3/lib/libtask3__rosidl_typesupport_introspection_cpp.so
[0.593s] -- Up-to-date: /root/ros2_ws/install/task3/lib/libtask3__rosidl_typesupport_cpp.so
[0.593s] -- Up-to-date: /root/ros2_ws/install/task3/share/task3/environment/pythonpath.sh
[0.593s] -- Up-to-date: /root/ros2_ws/install/task3/share/task3/environment/pythonpath.dsv
[0.593s] -- Up-to-date: /root/ros2_ws/install/task3/local/lib/python3.10/dist-packages/task3-0.0.0-py3.10.egg-info
[0.593s] -- Installing: /root/ros2_ws/install/task3/local/lib/python3.10/dist-packages/task3-0.0.0-py3.10.egg-info/PKG-INFO
[0.593s] -- Installing: /root/ros2_ws/install/task3/local/lib/python3.10/dist-packages/task3-0.0.0-py3.10.egg-info/top_level.txt
[0.594s] -- Installing: /root/ros2_ws/install/task3/local/lib/python3.10/dist-packages/task3-0.0.0-py3.10.egg-info/dependency_links.txt
[0.594s] -- Installing: /root/ros2_ws/install/task3/local/lib/python3.10/dist-packages/task3-0.0.0-py3.10.egg-info/SOURCES.txt
[0.594s] -- Up-to-date: /root/ros2_ws/install/task3/local/lib/python3.10/dist-packages/task3
[0.594s] -- Up-to-date: /root/ros2_ws/install/task3/local/lib/python3.10/dist-packages/task3/_task3_s.ep.rosidl_typesupport_c.c
[0.594s] -- Up-to-date: /root/ros2_ws/install/task3/local/lib/python3.10/dist-packages/task3/task3_s__rosidl_typesupport_fastrtps_c.cpython-310-x86_64-linux-gnu.so
[0.599s] -- Up-to-date: /root/ros2_ws/install/task3/local/lib/python3.10/dist-packages/task3/libtask3__rosidl_generator_py.so
[0.599s] -- Up-to-date: /root/ros2_ws/install/task3/local/lib/python3.10/dist-packages/task3/task3_s__rosidl_typesupport_introspection_c.cpython-310-x86_64-linux-gnu.so
[0.599s] -- Up-to-date: /root/ros2_ws/install/task3/local/lib/python3.10/dist-packages/task3/_task3_s.ep.rosidl_typesupport_introspection_c.c
[0.599s] -- Up-to-date: /root/ros2_ws/install/task3/local/lib/python3.10/dist-packages/task3/srv
[0.599s] -- Up-to-date: /root/ros2_ws/install/task3/local/lib/python3.10/dist-packages/task3/srv/_add_two_s.c
[0.599s] -- Up-to-date: /root/ros2_ws/install/task3/local/lib/python3.10/dist-packages/task3/srv/_add_two.py
[0.600s] -- Up-to-date: /root/ros2_ws/install/task3/local/lib/python3.10/dist-packages/task3/srv/__init__.py
[0.600s] -- Up-to-date: /root/ros2_ws/install/task3/local/lib/python3.10/dist-packages/task3/task3_s__rosidl_typesupport_c.cpython-310-x86_64-linux-gnu.so
[0.600s] -- Up-to-date: /root/ros2_ws/install/task3/local/lib/python3.10/dist-packages/task3/_task3_s.ep.rosidl_typesupport_fastrtps_c.c
[0.600s] -- Up-to-date: /root/ros2_ws/install/task3/local/lib/python3.10/dist-packages/task3/__init__.py
[0.620s] Listing '/root/ros2_ws/install/task3/local/lib/python3.10/dist-packages/task3'...
[0.620s] Listing '/root/ros2_ws/install/task3/local/lib/python3.10/dist-packages/task3/srv'...
[0.623s] -- Up-to-date: /root/ros2_ws/install/task3/local/lib/python3.10/dist-packages/task3/task3_s__rosidl_typesupport_fastrtps_c.cpython-310-x86_64-linux-gnu.so
[0.624s] -- Up-to-date: /root/ros2_ws/install/task3/local/lib/python3.10/dist-packages/task3/task3_s__rosidl_typesupport_introspection_c.cpython-310-x86_64-linux-gnu.so
[0.624s] -- Up-to-date: /root/ros2_ws/install/task3/local/lib/python3.10/dist-packages/task3/task3_s__rosidl_typesupport_c.cpython-310-x86_64-linux-gnu.so
[0.624s] -- Up-to-date: /root/ros2_ws/install/task3/lib/libtask3__rosidl_generator_py.so
[0.624s] -- Up-to-date: /root/ros2_ws/install/task3/share/ament_index/resource_index/rust_packages/task3
[0.624s] -- Up-to-date: /root/ros2_ws/install/task3/share/task3/rust
[0.624s] -- Up-to-date: /root/ros2_ws/install/task3/share/task3/rust/Cargo.toml
[0.624s] -- Up-to-date: /root/ros2_ws/install/task3/share/task3/rust/src
[0.624s] -- Up-to-date: /root/ros2_ws/install/task3/share/task3/rust/src/srv
[0.625s] -- Up-to-date: /root/ros2_ws/install/task3/share/task3/rust/src/srv/rmw.rs
[0.625s] -- Up-to-date: /root/ros2_ws/install/task3/share/task3/rust/src/srv.rs
[0.625s] -- Up-to-date: /root/ros2_ws/install/task3/share/task3/rust/src/lib.rs
[0.625s] -- Up-to-date: /root/ros2_ws/install/task3/share/task3/rust/build.rs
[0.625s] -- Up-to-date: /root/ros2_ws/install/task3/share/task3/srv/AddTwo.idl
[0.625s] -- Up-to-date: /root/ros2_ws/install/task3/share/task3/srv/AddTwo.srv
[0.625s] -- Up-to-date: /root/ros2_ws/install/task3/share/task3/srv/AddTwo_Request.msg
[0.625s] -- Up-to-date: /root/ros2_ws/install/task3/share/task3/srv/AddTwo_Response.msg
[0.625s] -- Up-to-date: /root/ros2_ws/install/task3/share/ament_index/resource_index/package_run_dependencies/task3
[0.625s] -- Up-to-date: /root/ros2_ws/install/task3/share/ament_index/resource_index/parent_prefix_path/task3
[0.625s] -- Up-to-date: /root/ros2_ws/install/task3/share/task3/environment/ament_prefix_path.sh
[0.625s] -- Up-to-date: /root/ros2_ws/install/task3/share/task3/environment/ament_prefix_path.dsv
[0.625s] -- Up-to-date: /root/ros2_ws/install/task3/share/task3/environment/path.sh
[0.625s] -- Up-to-date: /root/ros2_ws/install/task3/share/task3/environment/path.dsv
[0.625s] -- Up-to-date: /root/ros2_ws/install/task3/share/task3/local_setup.bash
[0.625s] -- Up-to-date: /root/ros2_ws/install/task3/share/task3/local_setup.sh
[0.625s] -- Up-to-date: /root/ros2_ws/install/task3/share/task3/local_setup.zsh
[0.625s] -- Up-to-date: /root/ros2_ws/install/task3/share/task3/local_setup.dsv
[0.625s] -- Installing: /root/ros2_ws/install/task3/share/task3/package.dsv
[0.625s] -- Up-to-date: /root/ros2_ws/install/task3/share/ament_index/resource_index/packages/task3
[0.625s] -- Up-to-date: /root/ros2_ws/install/task3/share/task3/cmake/export_task3__rosidl_generator_cExport.cmake
[0.625s] -- Up-to-date: /root/ros2_ws/install/task3/share/task3/cmake/export_task3__rosidl_generator_cExport-noconfig.cmake
[0.625s] -- Up-to-date: /root/ros2_ws/install/task3/share/task3/cmake/export_task3__rosidl_typesupport_fastrtps_cExport.cmake
[0.625s] -- Up-to-date: /root/ros2_ws/install/task3/share/task3/cmake/export_task3__rosidl_typesupport_fastrtps_cExport-noconfig.cmake
[0.626s] -- Up-to-date: /root/ros2_ws/install/task3/share/task3/cmake/export_task3__rosidl_generator_cppExport.cmake
[0.626s] -- Up-to-date: /root/ros2_ws/install/task3/share/task3/cmake/export_task3__rosidl_typesupport_fastrtps_cppExport.cmake
[0.626s] -- Up-to-date: /root/ros2_ws/install/task3/share/task3/cmake/export_task3__rosidl_typesupport_fastrtps_cppExport-noconfig.cmake
[0.626s] -- Up-to-date: /root/ros2_ws/install/task3/share/task3/cmake/task3__rosidl_typesupport_introspection_cExport.cmake
[0.626s] -- Up-to-date: /root/ros2_ws/install/task3/share/task3/cmake/task3__rosidl_typesupport_introspection_cExport-noconfig.cmake
[0.626s] -- Up-to-date: /root/ros2_ws/install/task3/share/task3/cmake/task3__rosidl_typesupport_cExport.cmake
[0.626s] -- Up-to-date: /root/ros2_ws/install/task3/share/task3/cmake/task3__rosidl_typesupport_cExport-noconfig.cmake
[0.626s] -- Up-to-date: /root/ros2_ws/install/task3/share/task3/cmake/task3__rosidl_typesupport_introspection_cppExport.cmake
[0.626s] -- Up-to-date: /root/ros2_ws/install/task3/share/task3/cmake/task3__rosidl_typesupport_introspection_cppExport-noconfig.cmake
[0.626s] -- Up-to-date: /root/ros2_ws/install/task3/share/task3/cmake/task3__rosidl_typesupport_cppExport.cmake
[0.627s] -- Up-to-date: /root/ros2_ws/install/task3/share/task3/cmake/task3__rosidl_typesupport_cppExport-noconfig.cmake
[0.627s] -- Up-to-date: /root/ros2_ws/install/task3/share/task3/cmake/export_task3__rosidl_generator_pyExport.cmake
[0.627s] -- Up-to-date: /root/ros2_ws/install/task3/share/task3/cmake/export_task3__rosidl_generator_pyExport-noconfig.cmake
[0.627s] -- Up-to-date: /root/ros2_ws/install/task3/share/task3/cmake/rosidl_cmake-extras.cmake
[0.627s] -- Up-to-date: /root/ros2_ws/install/task3/share/task3/cmake/ament_cmake_export_dependencies-extras.cmake
[0.627s] -- Up-to-date: /root/ros2_ws/install/task3/share/task3/cmake/ament_cmake_export_include_directories-extras.cmake
[0.627s] -- Up-to-date: /root/ros2_ws/install/task3/share/task3/cmake/ament_cmake_export_libraries-extras.cmake
[0.627s] -- Up-to-date: /root/ros2_ws/install/task3/share/task3/cmake/ament_cmake_export_targets-extras.cmake
[0.627s] -- Up-to-date: /root/ros2_ws/install/task3/share/task3/cmake/rosidl_cmake_export_typesupport_targets-extras.cmake
[0.627s] -- Up-to-date: /root/ros2_ws/install/task3/share/task3/cmake/rosidl_cmake_export_typesupport_libraries-extras.cmake
[0.627s] -- Up-to-date: /root/ros2_ws/install/task3/share/task3/cmake/task3Config.cmake
[0.627s] -- Up-to-date: /root/ros2_ws/install/task3/share/task3/cmake/task3Config-version.cmake
[0.627s] -- Up-to-date: /root/ros2_ws/install/task3/share/task3/package.xml
[0.637s] Invoked command in '/root/ros2_ws/build/task3' returned '0': CMAKE_PREFIX_PATH=${CMAKE_PREFIX_PATH}:/root/ros2_ws/install/task3_tester:/root/ros2_ws/install/task2_tester:/root/ros2_ws/install/task1:/root/ros2_ws/install/py_srvcli:/root/ros2_ws/install/py_pubsub:/root/ros2_ws/install/my_action_pkg:/root/ros2_ws/install/launch_testing_examples:/root/ros2_ws/install/examples_rclpy_pointcloud_publisher:/root/ros2_ws/install/examples_rclpy_minimal_subscriber:/root/ros2_ws/install/examples_rclpy_minimal_service:/root/ros2_ws/install/examples_rclpy_minimal_publisher:/root/ros2_ws/install/examples_rclpy_minimal_client:/root/ros2_ws/install/examples_rclpy_minimal_action_server:/root/ros2_ws/install/examples_rclpy_minimal_action_client:/root/ros2_ws/install/examples_rclpy_guard_conditions:/root/ros2_ws/install/examples_rclpy_executors:/opt/ros/humble /usr/bin/cmake --install /root/ros2_ws/build/task3
