[0.420s] Invoking command in '/root/ros2_ws/src/task1': PYTHONPATH=/root/ros2_ws/build/task1/prefix_override:/usr/lib/python3/dist-packages/colcon_core/task/python/colcon_distutils_commands:/root/ros2_ws/install/task1/lib/python3.10/site-packages:${PYTHONPATH} /usr/bin/python3 -W ignore:setup.py install is deprecated -W ignore:easy_install command is deprecated setup.py egg_info --egg-base ../../build/task1 build --build-base /root/ros2_ws/build/task1/build install --record /root/ros2_ws/build/task1/install.log --single-version-externally-managed install_data
[0.577s] running egg_info
[0.577s] writing ../../build/task1/task1.egg-info/PKG-INFO
[0.578s] writing dependency_links to ../../build/task1/task1.egg-info/dependency_links.txt
[0.578s] writing entry points to ../../build/task1/task1.egg-info/entry_points.txt
[0.578s] writing requirements to ../../build/task1/task1.egg-info/requires.txt
[0.578s] writing top-level names to ../../build/task1/task1.egg-info/top_level.txt
[0.579s] reading manifest file '../../build/task1/task1.egg-info/SOURCES.txt'
[0.579s] adding license file 'LICENSE'
[0.579s] writing manifest file '../../build/task1/task1.egg-info/SOURCES.txt'
[0.579s] running build
[0.579s] running build_py
[0.580s] running install
[0.580s] running install_lib
[0.580s] running install_data
[0.581s] running install_egg_info
[0.582s] removing '/root/ros2_ws/install/task1/lib/python3.10/site-packages/task1-0.0.0-py3.10.egg-info' (and everything under it)
[0.582s] Copying ../../build/task1/task1.egg-info to /root/ros2_ws/install/task1/lib/python3.10/site-packages/task1-0.0.0-py3.10.egg-info
[0.582s] running install_scripts
[0.597s] Installing logger script to /root/ros2_ws/install/task1/lib/task1
[0.598s] Installing processor script to /root/ros2_ws/install/task1/lib/task1
[0.598s] Installing sensor script to /root/ros2_ws/install/task1/lib/task1
[0.598s] writing list of installed files to '/root/ros2_ws/build/task1/install.log'
[0.612s] Invoked command in '/root/ros2_ws/src/task1' returned '0': PYTHONPATH=/root/ros2_ws/build/task1/prefix_override:/usr/lib/python3/dist-packages/colcon_core/task/python/colcon_distutils_commands:/root/ros2_ws/install/task1/lib/python3.10/site-packages:${PYTHONPATH} /usr/bin/python3 -W ignore:setup.py install is deprecated -W ignore:easy_install command is deprecated setup.py egg_info --egg-base ../../build/task1 build --build-base /root/ros2_ws/build/task1/build install --record /root/ros2_ws/build/task1/install.log --single-version-externally-managed install_data
