[  3%] Built target task2__cpp
[  6%] Built target task2__rs
[ 15%] Built target task2__rosidl_generator_c
[ 15%] Built target ament_cmake_python_copy_task2
[ 25%] Built target task2__rosidl_typesupport_fastrtps_cpp
[ 34%] Built target task2__rosidl_typesupport_introspection_cpp
[ 50%] Built target task2__rosidl_typesupport_c
[ 53%] Built target task2__rosidl_typesupport_cpp
[ 62%] Built target task2__rosidl_typesupport_introspection_c
[ 71%] Built target task2__rosidl_typesupport_fastrtps_c
[ 71%] Built target task2
[ 75%] Built target task2__py
[ 81%] Built target task2__rosidl_generator_py
[ 87%] Built target task2__rosidl_typesupport_fastrtps_c__pyext
[ 93%] Built target task2__rosidl_typesupport_c__pyext
[100%] Built target task2__rosidl_typesupport_introspection_c__pyext
running egg_info
writing task2.egg-info/PKG-INFO
writing dependency_links to task2.egg-info/dependency_links.txt
writing top-level names to task2.egg-info/top_level.txt
reading manifest file 'task2.egg-info/SOURCES.txt'
writing manifest file 'task2.egg-info/SOURCES.txt'
[100%] Built target ament_cmake_python_build_task2_egg
-- Install configuration: ""
-- Up-to-date: /root/ros2_ws/install/task2/share/ament_index/resource_index/rosidl_interfaces/task2
-- Up-to-date: /root/ros2_ws/install/task2/include/task2/task2
-- Up-to-date: /root/ros2_ws/install/task2/include/task2/task2/msg
-- Up-to-date: /root/ros2_ws/install/task2/include/task2/task2/msg/detail
-- Up-to-date: /root/ros2_ws/install/task2/include/task2/task2/msg/detail/robot_status__type_support.h
-- Up-to-date: /root/ros2_ws/install/task2/include/task2/task2/msg/detail/robo_status__functions.c
-- Up-to-date: /root/ros2_ws/install/task2/include/task2/task2/msg/detail/robot_status__struct.h
-- Up-to-date: /root/ros2_ws/install/task2/include/task2/task2/msg/detail/robo_status__type_support.h
-- Up-to-date: /root/ros2_ws/install/task2/include/task2/task2/msg/detail/robo_status__struct.h
-- Up-to-date: /root/ros2_ws/install/task2/include/task2/task2/msg/detail/robot_status__functions.h
-- Up-to-date: /root/ros2_ws/install/task2/include/task2/task2/msg/detail/robot_status__functions.c
-- Up-to-date: /root/ros2_ws/install/task2/include/task2/task2/msg/detail/robo_status__functions.h
-- Up-to-date: /root/ros2_ws/install/task2/include/task2/task2/msg/robot_status.h
-- Up-to-date: /root/ros2_ws/install/task2/include/task2/task2/msg/rosidl_generator_c__visibility_control.h
-- Up-to-date: /root/ros2_ws/install/task2/include/task2/task2/msg/robo_status.h
-- Up-to-date: /root/ros2_ws/install/task2/share/task2/environment/library_path.sh
-- Up-to-date: /root/ros2_ws/install/task2/share/task2/environment/library_path.dsv
-- Up-to-date: /root/ros2_ws/install/task2/lib/libtask2__rosidl_generator_c.so
-- Up-to-date: /root/ros2_ws/install/task2/include/task2/task2
-- Up-to-date: /root/ros2_ws/install/task2/include/task2/task2/msg
-- Up-to-date: /root/ros2_ws/install/task2/include/task2/task2/msg/detail
-- Up-to-date: /root/ros2_ws/install/task2/include/task2/task2/msg/detail/robot_status__rosidl_typesupport_fastrtps_c.h
-- Up-to-date: /root/ros2_ws/install/task2/include/task2/task2/msg/detail/robo_status__rosidl_typesupport_fastrtps_c.h
-- Up-to-date: /root/ros2_ws/install/task2/include/task2/task2/msg/rosidl_typesupport_fastrtps_c__visibility_control.h
-- Up-to-date: /root/ros2_ws/install/task2/lib/libtask2__rosidl_typesupport_fastrtps_c.so
-- Up-to-date: /root/ros2_ws/install/task2/include/task2/task2
-- Up-to-date: /root/ros2_ws/install/task2/include/task2/task2/msg
-- Up-to-date: /root/ros2_ws/install/task2/include/task2/task2/msg/detail
-- Up-to-date: /root/ros2_ws/install/task2/include/task2/task2/msg/detail/robo_status__rosidl_typesupport_introspection_c.h
-- Up-to-date: /root/ros2_ws/install/task2/include/task2/task2/msg/detail/robot_status__type_support.c
-- Up-to-date: /root/ros2_ws/install/task2/include/task2/task2/msg/detail/robo_status__type_support.c
-- Up-to-date: /root/ros2_ws/install/task2/include/task2/task2/msg/detail/robot_status__rosidl_typesupport_introspection_c.h
-- Up-to-date: /root/ros2_ws/install/task2/include/task2/task2/msg/rosidl_typesupport_introspection_c__visibility_control.h
-- Up-to-date: /root/ros2_ws/install/task2/lib/libtask2__rosidl_typesupport_introspection_c.so
-- Up-to-date: /root/ros2_ws/install/task2/lib/libtask2__rosidl_typesupport_c.so
-- Up-to-date: /root/ros2_ws/install/task2/include/task2/task2
-- Up-to-date: /root/ros2_ws/install/task2/include/task2/task2/msg
-- Up-to-date: /root/ros2_ws/install/task2/include/task2/task2/msg/detail
-- Up-to-date: /root/ros2_ws/install/task2/include/task2/task2/msg/detail/robot_status__type_support.hpp
-- Up-to-date: /root/ros2_ws/install/task2/include/task2/task2/msg/detail/robo_status__traits.hpp
-- Up-to-date: /root/ros2_ws/install/task2/include/task2/task2/msg/detail/robot_status__struct.hpp
-- Up-to-date: /root/ros2_ws/install/task2/include/task2/task2/msg/detail/robot_status__builder.hpp
-- Up-to-date: /root/ros2_ws/install/task2/include/task2/task2/msg/detail/robo_status__type_support.hpp
-- Up-to-date: /root/ros2_ws/install/task2/include/task2/task2/msg/detail/robot_status__traits.hpp
-- Up-to-date: /root/ros2_ws/install/task2/include/task2/task2/msg/detail/robo_status__struct.hpp
-- Up-to-date: /root/ros2_ws/install/task2/include/task2/task2/msg/detail/robo_status__builder.hpp
-- Up-to-date: /root/ros2_ws/install/task2/include/task2/task2/msg/rosidl_generator_cpp__visibility_control.hpp
-- Up-to-date: /root/ros2_ws/install/task2/include/task2/task2/msg/robot_status.hpp
-- Up-to-date: /root/ros2_ws/install/task2/include/task2/task2/msg/robo_status.hpp
-- Up-to-date: /root/ros2_ws/install/task2/include/task2/task2
-- Up-to-date: /root/ros2_ws/install/task2/include/task2/task2/msg
-- Up-to-date: /root/ros2_ws/install/task2/include/task2/task2/msg/detail
-- Up-to-date: /root/ros2_ws/install/task2/include/task2/task2/msg/detail/robo_status__rosidl_typesupport_fastrtps_cpp.hpp
-- Up-to-date: /root/ros2_ws/install/task2/include/task2/task2/msg/detail/dds_fastrtps
-- Up-to-date: /root/ros2_ws/install/task2/include/task2/task2/msg/detail/robot_status__rosidl_typesupport_fastrtps_cpp.hpp
-- Up-to-date: /root/ros2_ws/install/task2/include/task2/task2/msg/rosidl_typesupport_fastrtps_cpp__visibility_control.h
-- Up-to-date: /root/ros2_ws/install/task2/lib/libtask2__rosidl_typesupport_fastrtps_cpp.so
-- Up-to-date: /root/ros2_ws/install/task2/include/task2/task2
-- Up-to-date: /root/ros2_ws/install/task2/include/task2/task2/msg
-- Up-to-date: /root/ros2_ws/install/task2/include/task2/task2/msg/detail
-- Up-to-date: /root/ros2_ws/install/task2/include/task2/task2/msg/detail/robot_status__type_support.cpp
-- Up-to-date: /root/ros2_ws/install/task2/include/task2/task2/msg/detail/robo_status__rosidl_typesupport_introspection_cpp.hpp
-- Up-to-date: /root/ros2_ws/install/task2/include/task2/task2/msg/detail/robo_status__type_support.cpp
-- Up-to-date: /root/ros2_ws/install/task2/include/task2/task2/msg/detail/robot_status__rosidl_typesupport_introspection_cpp.hpp
-- Up-to-date: /root/ros2_ws/install/task2/lib/libtask2__rosidl_typesupport_introspection_cpp.so
-- Up-to-date: /root/ros2_ws/install/task2/lib/libtask2__rosidl_typesupport_cpp.so
-- Up-to-date: /root/ros2_ws/install/task2/share/task2/environment/pythonpath.sh
-- Up-to-date: /root/ros2_ws/install/task2/share/task2/environment/pythonpath.dsv
-- Up-to-date: /root/ros2_ws/install/task2/local/lib/python3.10/dist-packages/task2-0.0.0-py3.10.egg-info
-- Installing: /root/ros2_ws/install/task2/local/lib/python3.10/dist-packages/task2-0.0.0-py3.10.egg-info/PKG-INFO
-- Installing: /root/ros2_ws/install/task2/local/lib/python3.10/dist-packages/task2-0.0.0-py3.10.egg-info/top_level.txt
-- Installing: /root/ros2_ws/install/task2/local/lib/python3.10/dist-packages/task2-0.0.0-py3.10.egg-info/dependency_links.txt
-- Installing: /root/ros2_ws/install/task2/local/lib/python3.10/dist-packages/task2-0.0.0-py3.10.egg-info/SOURCES.txt
-- Up-to-date: /root/ros2_ws/install/task2/local/lib/python3.10/dist-packages/task2
-- Up-to-date: /root/ros2_ws/install/task2/local/lib/python3.10/dist-packages/task2/msg
-- Up-to-date: /root/ros2_ws/install/task2/local/lib/python3.10/dist-packages/task2/msg/_robo_status_s.c
-- Up-to-date: /root/ros2_ws/install/task2/local/lib/python3.10/dist-packages/task2/msg/_robot_status.py
-- Up-to-date: /root/ros2_ws/install/task2/local/lib/python3.10/dist-packages/task2/msg/_robot_status_s.c
-- Up-to-date: /root/ros2_ws/install/task2/local/lib/python3.10/dist-packages/task2/msg/__init__.py
-- Up-to-date: /root/ros2_ws/install/task2/local/lib/python3.10/dist-packages/task2/msg/_robo_status.py
-- Up-to-date: /root/ros2_ws/install/task2/local/lib/python3.10/dist-packages/task2/libtask2__rosidl_generator_py.so
-- Up-to-date: /root/ros2_ws/install/task2/local/lib/python3.10/dist-packages/task2/task2_s__rosidl_typesupport_c.cpython-310-x86_64-linux-gnu.so
-- Up-to-date: /root/ros2_ws/install/task2/local/lib/python3.10/dist-packages/task2/_task2_s.ep.rosidl_typesupport_c.c
-- Up-to-date: /root/ros2_ws/install/task2/local/lib/python3.10/dist-packages/task2/task2_s__rosidl_typesupport_introspection_c.cpython-310-x86_64-linux-gnu.so
-- Up-to-date: /root/ros2_ws/install/task2/local/lib/python3.10/dist-packages/task2/_task2_s.ep.rosidl_typesupport_introspection_c.c
-- Up-to-date: /root/ros2_ws/install/task2/local/lib/python3.10/dist-packages/task2/_task2_s.ep.rosidl_typesupport_fastrtps_c.c
-- Up-to-date: /root/ros2_ws/install/task2/local/lib/python3.10/dist-packages/task2/task2_s__rosidl_typesupport_fastrtps_c.cpython-310-x86_64-linux-gnu.so
-- Up-to-date: /root/ros2_ws/install/task2/local/lib/python3.10/dist-packages/task2/__init__.py
Listing '/root/ros2_ws/install/task2/local/lib/python3.10/dist-packages/task2'...
Listing '/root/ros2_ws/install/task2/local/lib/python3.10/dist-packages/task2/msg'...
-- Up-to-date: /root/ros2_ws/install/task2/local/lib/python3.10/dist-packages/task2/task2_s__rosidl_typesupport_fastrtps_c.cpython-310-x86_64-linux-gnu.so
-- Up-to-date: /root/ros2_ws/install/task2/local/lib/python3.10/dist-packages/task2/task2_s__rosidl_typesupport_introspection_c.cpython-310-x86_64-linux-gnu.so
-- Up-to-date: /root/ros2_ws/install/task2/local/lib/python3.10/dist-packages/task2/task2_s__rosidl_typesupport_c.cpython-310-x86_64-linux-gnu.so
-- Up-to-date: /root/ros2_ws/install/task2/lib/libtask2__rosidl_generator_py.so
-- Up-to-date: /root/ros2_ws/install/task2/share/ament_index/resource_index/rust_packages/task2
-- Up-to-date: /root/ros2_ws/install/task2/share/task2/rust
-- Up-to-date: /root/ros2_ws/install/task2/share/task2/rust/Cargo.toml
-- Up-to-date: /root/ros2_ws/install/task2/share/task2/rust/src
-- Up-to-date: /root/ros2_ws/install/task2/share/task2/rust/src/msg
-- Up-to-date: /root/ros2_ws/install/task2/share/task2/rust/src/msg/rmw.rs
-- Up-to-date: /root/ros2_ws/install/task2/share/task2/rust/src/msg.rs
-- Up-to-date: /root/ros2_ws/install/task2/share/task2/rust/src/lib.rs
-- Up-to-date: /root/ros2_ws/install/task2/share/task2/rust/build.rs
-- Up-to-date: /root/ros2_ws/install/task2/share/task2/msg/RoboStatus.idl
-- Up-to-date: /root/ros2_ws/install/task2/share/task2/msg/RoboStatus.msg
-- Up-to-date: /root/ros2_ws/install/task2/share/ament_index/resource_index/package_run_dependencies/task2
-- Up-to-date: /root/ros2_ws/install/task2/share/ament_index/resource_index/parent_prefix_path/task2
-- Up-to-date: /root/ros2_ws/install/task2/share/task2/environment/ament_prefix_path.sh
-- Up-to-date: /root/ros2_ws/install/task2/share/task2/environment/ament_prefix_path.dsv
-- Up-to-date: /root/ros2_ws/install/task2/share/task2/environment/path.sh
-- Up-to-date: /root/ros2_ws/install/task2/share/task2/environment/path.dsv
-- Up-to-date: /root/ros2_ws/install/task2/share/task2/local_setup.bash
-- Up-to-date: /root/ros2_ws/install/task2/share/task2/local_setup.sh
-- Up-to-date: /root/ros2_ws/install/task2/share/task2/local_setup.zsh
-- Up-to-date: /root/ros2_ws/install/task2/share/task2/local_setup.dsv
-- Installing: /root/ros2_ws/install/task2/share/task2/package.dsv
-- Up-to-date: /root/ros2_ws/install/task2/share/ament_index/resource_index/packages/task2
-- Up-to-date: /root/ros2_ws/install/task2/share/task2/cmake/export_task2__rosidl_generator_cExport.cmake
-- Up-to-date: /root/ros2_ws/install/task2/share/task2/cmake/export_task2__rosidl_generator_cExport-noconfig.cmake
-- Up-to-date: /root/ros2_ws/install/task2/share/task2/cmake/export_task2__rosidl_typesupport_fastrtps_cExport.cmake
-- Up-to-date: /root/ros2_ws/install/task2/share/task2/cmake/export_task2__rosidl_typesupport_fastrtps_cExport-noconfig.cmake
-- Up-to-date: /root/ros2_ws/install/task2/share/task2/cmake/task2__rosidl_typesupport_introspection_cExport.cmake
-- Up-to-date: /root/ros2_ws/install/task2/share/task2/cmake/task2__rosidl_typesupport_introspection_cExport-noconfig.cmake
-- Up-to-date: /root/ros2_ws/install/task2/share/task2/cmake/task2__rosidl_typesupport_cExport.cmake
-- Up-to-date: /root/ros2_ws/install/task2/share/task2/cmake/task2__rosidl_typesupport_cExport-noconfig.cmake
-- Up-to-date: /root/ros2_ws/install/task2/share/task2/cmake/export_task2__rosidl_generator_cppExport.cmake
-- Up-to-date: /root/ros2_ws/install/task2/share/task2/cmake/export_task2__rosidl_typesupport_fastrtps_cppExport.cmake
-- Up-to-date: /root/ros2_ws/install/task2/share/task2/cmake/export_task2__rosidl_typesupport_fastrtps_cppExport-noconfig.cmake
-- Up-to-date: /root/ros2_ws/install/task2/share/task2/cmake/task2__rosidl_typesupport_introspection_cppExport.cmake
-- Up-to-date: /root/ros2_ws/install/task2/share/task2/cmake/task2__rosidl_typesupport_introspection_cppExport-noconfig.cmake
-- Up-to-date: /root/ros2_ws/install/task2/share/task2/cmake/task2__rosidl_typesupport_cppExport.cmake
-- Up-to-date: /root/ros2_ws/install/task2/share/task2/cmake/task2__rosidl_typesupport_cppExport-noconfig.cmake
-- Up-to-date: /root/ros2_ws/install/task2/share/task2/cmake/export_task2__rosidl_generator_pyExport.cmake
-- Up-to-date: /root/ros2_ws/install/task2/share/task2/cmake/export_task2__rosidl_generator_pyExport-noconfig.cmake
-- Up-to-date: /root/ros2_ws/install/task2/share/task2/cmake/rosidl_cmake-extras.cmake
-- Up-to-date: /root/ros2_ws/install/task2/share/task2/cmake/ament_cmake_export_include_directories-extras.cmake
-- Up-to-date: /root/ros2_ws/install/task2/share/task2/cmake/ament_cmake_export_libraries-extras.cmake
-- Up-to-date: /root/ros2_ws/install/task2/share/task2/cmake/ament_cmake_export_targets-extras.cmake
-- Up-to-date: /root/ros2_ws/install/task2/share/task2/cmake/rosidl_cmake_export_typesupport_targets-extras.cmake
-- Up-to-date: /root/ros2_ws/install/task2/share/task2/cmake/ament_cmake_export_dependencies-extras.cmake
-- Up-to-date: /root/ros2_ws/install/task2/share/task2/cmake/rosidl_cmake_export_typesupport_libraries-extras.cmake
-- Up-to-date: /root/ros2_ws/install/task2/share/task2/cmake/task2Config.cmake
-- Up-to-date: /root/ros2_ws/install/task2/share/task2/cmake/task2Config-version.cmake
-- Up-to-date: /root/ros2_ws/install/task2/share/task2/package.xml
