[0.100s] Invoking command in '/root/ros2_ws/build/examples_rclcpp_wait_set': CMAKE_PREFIX_PATH=/opt/ros/humble /usr/bin/cmake /root/ros2_ws/src/examples/rclcpp/wait_set -DAMENT_CMAKE_SYMLINK_INSTALL=1 -DCMAKE_INSTALL_PREFIX=/root/ros2_ws/install/examples_rclcpp_wait_set
[2.674s] -- The C compiler identification is GNU 11.4.0
[2.674s] -- The CXX compiler identification is GNU 11.4.0
[2.674s] -- Detecting C compiler ABI info
[2.674s] -- Detecting C compiler ABI info - done
[2.674s] -- Check for working C compiler: /usr/bin/cc - skipped
[2.674s] -- Detecting C compile features
[2.674s] -- Detecting C compile features - done
[2.674s] -- Detecting CXX compiler ABI info
[2.674s] -- Detecting CXX compiler ABI info - done
[2.675s] -- Check for working CXX compiler: /usr/bin/c++ - skipped
[2.675s] -- Detecting CXX compile features
[2.675s] -- Detecting CXX compile features - done
[2.675s] -- Found ament_cmake: 1.3.14 (/opt/ros/humble/share/ament_cmake/cmake)
[2.675s] -- Found Python3: /usr/bin/python3 (found version "3.10.12") found components: Interpreter
[2.675s] -- Override CMake install command with custom implementation using symlinks instead of copying resources
[2.675s] -- Found example_interfaces: 0.9.3 (/opt/ros/humble/share/example_interfaces/cmake)
[2.675s] -- Found rosidl_generator_c: 3.1.8 (/opt/ros/humble/share/rosidl_generator_c/cmake)
[2.675s] -- Found rosidl_adapter: 3.1.8 (/opt/ros/humble/share/rosidl_adapter/cmake)
[2.675s] -- Found rosidl_generator_cpp: 3.1.8 (/opt/ros/humble/share/rosidl_generator_cpp/cmake)
[2.675s] -- Using all available rosidl_typesupport_c: rosidl_typesupport_fastrtps_c;rosidl_typesupport_introspection_c
[2.675s] -- Using all available rosidl_typesupport_cpp: rosidl_typesupport_fastrtps_cpp;rosidl_typesupport_introspection_cpp
[2.675s] -- Found rclcpp: 16.0.19 (/opt/ros/humble/share/rclcpp/cmake)
[2.675s] -- Found rmw_implementation_cmake: 6.1.2 (/opt/ros/humble/share/rmw_implementation_cmake/cmake)
[2.675s] -- Found rmw_fastrtps_cpp: 6.2.10 (/opt/ros/humble/share/rmw_fastrtps_cpp/cmake)
[2.675s] -- Found OpenSSL: /usr/lib/x86_64-linux-gnu/libcrypto.so (found version "3.0.2")
[2.675s] -- Found FastRTPS: /opt/ros/humble/include
[2.675s] -- Using RMW implementation 'rmw_fastrtps_cpp' as default
[2.675s] -- Performing Test CMAKE_HAVE_LIBC_PTHREAD
[2.675s] -- Performing Test CMAKE_HAVE_LIBC_PTHREAD - Success
[2.676s] -- Found Threads: TRUE
[2.676s] -- Found rclcpp_components: 16.0.19 (/opt/ros/humble/share/rclcpp_components/cmake)
[2.676s] -- Found ament_lint_auto: 0.12.15 (/opt/ros/humble/share/ament_lint_auto/cmake)
[2.676s] -- Added test 'copyright' to check source files copyright and LICENSE
[2.676s] -- Added test 'cppcheck' to perform static code analysis on C / C++ code
[2.676s] -- Configured cppcheck include dirs: /root/ros2_ws/src/examples/rclcpp/wait_set/include
[2.676s] -- Configured cppcheck exclude dirs and/or files: 
[2.676s] -- Added test 'cpplint' to check C / C++ code against the Google style
[2.676s] -- Configured cpplint exclude dirs and/or files: 
[2.676s] -- Added test 'lint_cmake' to check CMake code style
[2.676s] -- Added test 'uncrustify' to check C / C++ code style
[2.676s] -- Configured uncrustify additional arguments: 
[2.676s] -- Added test 'xmllint' to check XML markup files
[2.676s] -- Configuring done (1.7s)
[2.676s] -- Generating done (0.1s)
[2.676s] -- Build files have been written to: /root/ros2_ws/build/examples_rclcpp_wait_set
[2.676s] [0mCMake Deprecation Warning at CMakeLists.txt:1 (cmake_minimum_required):
[2.676s]   Compatibility with CMake < 3.10 will be removed from a future version of
[2.677s]   CMake.
[2.677s] 
[2.677s]   Update the VERSION argument <min> value.  Or, use the <min>...<max> syntax
[2.677s]   to tell CMake that the project requires at least <min> but has been updated
[2.677s]   to work with policies introduced by <max> or earlier.
[2.677s] 
[2.677s] [0m
[2.688s] Invoked command in '/root/ros2_ws/build/examples_rclcpp_wait_set' returned '0': CMAKE_PREFIX_PATH=/opt/ros/humble /usr/bin/cmake /root/ros2_ws/src/examples/rclcpp/wait_set -DAMENT_CMAKE_SYMLINK_INSTALL=1 -DCMAKE_INSTALL_PREFIX=/root/ros2_ws/install/examples_rclcpp_wait_set
[2.689s] Invoking command in '/root/ros2_ws/build/examples_rclcpp_wait_set': CMAKE_PREFIX_PATH=/opt/ros/humble /usr/bin/cmake --build /root/ros2_ws/build/examples_rclcpp_wait_set -- -j28 -l28
[2.774s] [  4%] [32mBuilding CXX object CMakeFiles/talker.dir/src/talker.cpp.o[0m
[2.798s] [  8%] [32mBuilding CXX object CMakeFiles/wait_set_talker.dir/rclcpp_components/node_main_wait_set_talker.cpp.o[0m
[2.805s] [ 12%] [32mBuilding CXX object CMakeFiles/wait_set.dir/src/wait_set.cpp.o[0m
[2.805s] [ 16%] [32mBuilding CXX object CMakeFiles/listener.dir/src/listener.cpp.o[0m
[2.809s] [ 20%] [32mBuilding CXX object CMakeFiles/static_wait_set.dir/src/static_wait_set.cpp.o[0m
[2.810s] [ 25%] [32mBuilding CXX object CMakeFiles/wait_set_listener.dir/rclcpp_components/node_main_wait_set_listener.cpp.o[0m
[2.810s] [ 29%] [32mBuilding CXX object CMakeFiles/thread_safe_wait_set.dir/src/thread_safe_wait_set.cpp.o[0m
[2.832s] [ 33%] [32mBuilding CXX object CMakeFiles/wait_set_topics_with_different_rates.dir/src/wait_set_topics_with_different_rates.cpp.o[0m
[2.839s] [ 37%] [32mBuilding CXX object CMakeFiles/wait_set_topics_and_timer.dir/src/wait_set_topics_and_timer.cpp.o[0m
[2.845s] [ 41%] [32mBuilding CXX object CMakeFiles/wait_set_random_order.dir/src/wait_set_random_order.cpp.o[0m
[2.852s] [ 45%] [32mBuilding CXX object CMakeFiles/executor_random_order.dir/src/executor_random_order.cpp.o[0m
