[0.104s] Invoking command in '/root/ros2_ws/build/examples_rclcpp_minimal_subscriber': CMAKE_PREFIX_PATH=/opt/ros/humble /usr/bin/cmake /root/ros2_ws/src/examples/rclcpp/topics/minimal_subscriber -DAMENT_CMAKE_SYMLINK_INSTALL=1 -DCMAKE_INSTALL_PREFIX=/root/ros2_ws/install/examples_rclcpp_minimal_subscriber
[2.677s] [0mCMake Deprecation Warning at CMakeLists.txt:1 (cmake_minimum_required):
[2.677s]   Compatibility with CMake < 3.10 will be removed from a future version of
[2.677s]   CMake.
[2.677s] 
[2.677s]   Update the VERSION argument <min> value.  Or, use the <min>...<max> syntax
[2.677s]   to tell CMake that the project requires at least <min> but has been updated
[2.677s]   to work with policies introduced by <max> or earlier.
[2.677s] 
[2.677s] [0m
[2.677s] -- The C compiler identification is GNU 11.4.0
[2.677s] -- The CXX compiler identification is GNU 11.4.0
[2.677s] -- Detecting C compiler ABI info
[2.678s] -- Detecting C compiler ABI info - done
[2.678s] -- Check for working C compiler: /usr/bin/cc - skipped
[2.678s] -- Detecting C compile features
[2.678s] -- Detecting C compile features - done
[2.678s] -- Detecting CXX compiler ABI info
[2.678s] -- Detecting CXX compiler ABI info - done
[2.678s] -- Check for working CXX compiler: /usr/bin/c++ - skipped
[2.678s] -- Detecting CXX compile features
[2.678s] -- Detecting CXX compile features - done
[2.678s] -- Found ament_cmake: 1.3.14 (/opt/ros/humble/share/ament_cmake/cmake)
[2.678s] -- Found Python3: /usr/bin/python3 (found version "3.10.12") found components: Interpreter
[2.678s] -- Override CMake install command with custom implementation using symlinks instead of copying resources
[2.678s] -- Found rclcpp: 16.0.19 (/opt/ros/humble/share/rclcpp/cmake)
[2.678s] -- Found rosidl_generator_c: 3.1.8 (/opt/ros/humble/share/rosidl_generator_c/cmake)
[2.678s] -- Found rosidl_adapter: 3.1.8 (/opt/ros/humble/share/rosidl_adapter/cmake)
[2.678s] -- Found rosidl_generator_cpp: 3.1.8 (/opt/ros/humble/share/rosidl_generator_cpp/cmake)
[2.678s] -- Using all available rosidl_typesupport_c: rosidl_typesupport_fastrtps_c;rosidl_typesupport_introspection_c
[2.678s] -- Using all available rosidl_typesupport_cpp: rosidl_typesupport_fastrtps_cpp;rosidl_typesupport_introspection_cpp
[2.678s] -- Found rmw_implementation_cmake: 6.1.2 (/opt/ros/humble/share/rmw_implementation_cmake/cmake)
[2.679s] -- Found rmw_fastrtps_cpp: 6.2.10 (/opt/ros/humble/share/rmw_fastrtps_cpp/cmake)
[2.679s] -- Found OpenSSL: /usr/lib/x86_64-linux-gnu/libcrypto.so (found version "3.0.2")
[2.679s] -- Found FastRTPS: /opt/ros/humble/include
[2.679s] -- Using RMW implementation 'rmw_fastrtps_cpp' as default
[2.679s] -- Performing Test CMAKE_HAVE_LIBC_PTHREAD
[2.679s] -- Performing Test CMAKE_HAVE_LIBC_PTHREAD - Success
[2.679s] -- Found Threads: TRUE
[2.679s] -- Found rclcpp_components: 16.0.19 (/opt/ros/humble/share/rclcpp_components/cmake)
[2.679s] -- Found ament_lint_auto: 0.12.15 (/opt/ros/humble/share/ament_lint_auto/cmake)
[2.679s] -- Added test 'copyright' to check source files copyright and LICENSE
[2.679s] -- Added test 'cppcheck' to perform static code analysis on C / C++ code
[2.679s] -- Configured cppcheck include dirs: 
[2.679s] -- Configured cppcheck exclude dirs and/or files: 
[2.679s] -- Added test 'cpplint' to check C / C++ code against the Google style
[2.679s] -- Configured cpplint exclude dirs and/or files: 
[2.679s] -- Added test 'lint_cmake' to check CMake code style
[2.679s] -- Added test 'uncrustify' to check C / C++ code style
[2.679s] -- Configured uncrustify additional arguments: 
[2.679s] -- Added test 'xmllint' to check XML markup files
[2.679s] -- Configuring done (1.8s)
[2.679s] -- Generating done (0.0s)
[2.680s] -- Build files have been written to: /root/ros2_ws/build/examples_rclcpp_minimal_subscriber
[2.706s] Invoked command in '/root/ros2_ws/build/examples_rclcpp_minimal_subscriber' returned '0': CMAKE_PREFIX_PATH=/opt/ros/humble /usr/bin/cmake /root/ros2_ws/src/examples/rclcpp/topics/minimal_subscriber -DAMENT_CMAKE_SYMLINK_INSTALL=1 -DCMAKE_INSTALL_PREFIX=/root/ros2_ws/install/examples_rclcpp_minimal_subscriber
[2.708s] Invoking command in '/root/ros2_ws/build/examples_rclcpp_minimal_subscriber': CMAKE_PREFIX_PATH=/opt/ros/humble /usr/bin/cmake --build /root/ros2_ws/build/examples_rclcpp_minimal_subscriber -- -j28 -l28
[2.785s] [  4%] [32mBuilding CXX object CMakeFiles/subscriber_member_function_with_topic_statistics.dir/member_function_with_topic_statistics.cpp.o[0m
[2.796s] [  8%] [32mBuilding CXX object CMakeFiles/subscriber_member_function.dir/member_function.cpp.o[0m
[2.796s] [ 12%] [32mBuilding CXX object CMakeFiles/subscriber_member_function_with_type_adapter.dir/member_function_with_type_adapter.cpp.o[0m
[2.797s] [ 16%] [32mBuilding CXX object CMakeFiles/subscriber_member_function_with_unique_network_flow_endpoints.dir/member_function_with_unique_network_flow_endpoints.cpp.o[0m
[2.811s] [ 20%] [32mBuilding CXX object CMakeFiles/subscriber_not_composable.dir/not_composable.cpp.o[0m
[2.812s] [ 25%] [32mBuilding CXX object CMakeFiles/wait_set_subscriber_library.dir/wait_set_subscriber.cpp.o[0m
[2.812s] [ 29%] [32mBuilding CXX object CMakeFiles/subscriber_lambda.dir/lambda.cpp.o[0m
[2.812s] [ 33%] [32mBuilding CXX object CMakeFiles/subscriber_content_filtering.dir/content_filtering.cpp.o[0m
[2.819s] [ 41%] [32mBuilding CXX object CMakeFiles/wait_set_subscriber.dir/rclcpp_components/node_main_wait_set_subscriber.cpp.o[0m
[2.819s] [ 45%] [32mBuilding CXX object CMakeFiles/wait_set_subscriber_library.dir/time_triggered_wait_set_subscriber.cpp.o[0m
[2.819s] [ 45%] [32mBuilding CXX object CMakeFiles/wait_set_subscriber_library.dir/static_wait_set_subscriber.cpp.o[0m
[2.858s] [ 50%] [32mBuilding CXX object CMakeFiles/static_wait_set_subscriber.dir/rclcpp_components/node_main_static_wait_set_subscriber.cpp.o[0m
[2.865s] [ 54%] [32mBuilding CXX object CMakeFiles/time_triggered_wait_set_subscriber.dir/rclcpp_components/node_main_time_triggered_wait_set_subscriber.cpp.o[0m
