[0.397s] Invoking command in '/root/ros2_ws/build/task4': CMAKE_PREFIX_PATH=${CMAKE_PREFIX_PATH}:/root/ros2_ws/install/task4_tester:/root/ros2_ws/install/task3_tester:/root/ros2_ws/install/task2_tester:/root/ros2_ws/install/task1:/root/ros2_ws/install/py_srvcli:/root/ros2_ws/install/py_pubsub:/root/ros2_ws/install/my_action_pkg:/root/ros2_ws/install/launch_testing_examples:/root/ros2_ws/install/examples_rclpy_pointcloud_publisher:/root/ros2_ws/install/examples_rclpy_minimal_subscriber:/root/ros2_ws/install/examples_rclpy_minimal_service:/root/ros2_ws/install/examples_rclpy_minimal_publisher:/root/ros2_ws/install/examples_rclpy_minimal_client:/root/ros2_ws/install/examples_rclpy_minimal_action_server:/root/ros2_ws/install/examples_rclpy_minimal_action_client:/root/ros2_ws/install/examples_rclpy_guard_conditions:/root/ros2_ws/install/examples_rclpy_executors:/root/ros2_ws/src/task1/install/task1:/opt/ros/humble /usr/bin/cmake --build /root/ros2_ws/build/task4 -- -j28 -l28
[0.421s] [  3%] Built target task4__cpp
[0.421s] [  6%] Built target task4__rs
[0.421s] [ 15%] Built target task4__rosidl_generator_c
[0.426s] [ 15%] Built target ament_cmake_python_copy_task4
[0.431s] [ 25%] Built target task4__rosidl_typesupport_c
[0.431s] [ 34%] Built target task4__rosidl_typesupport_introspection_c
[0.432s] [ 43%] Built target task4__rosidl_typesupport_cpp
[0.433s] [ 53%] Built target task4__rosidl_typesupport_fastrtps_c
[0.433s] [ 68%] Built target task4__rosidl_typesupport_fastrtps_cpp
[0.433s] [ 71%] Built target task4__rosidl_typesupport_introspection_cpp
[0.443s] [ 71%] Built target task4
[0.453s] [ 75%] Built target task4__py
[0.465s] [ 81%] Built target task4__rosidl_generator_py
[0.477s] [ 90%] Built target task4__rosidl_typesupport_fastrtps_c__pyext
[0.477s] [ 93%] Built target task4__rosidl_typesupport_introspection_c__pyext
[0.477s] [100%] Built target task4__rosidl_typesupport_c__pyext
[0.585s] running egg_info
[0.586s] writing task4.egg-info/PKG-INFO
[0.586s] writing dependency_links to task4.egg-info/dependency_links.txt
[0.586s] writing top-level names to task4.egg-info/top_level.txt
[0.587s] reading manifest file 'task4.egg-info/SOURCES.txt'
[0.587s] writing manifest file 'task4.egg-info/SOURCES.txt'
[0.603s] [100%] Built target ament_cmake_python_build_task4_egg
[0.626s] Invoked command in '/root/ros2_ws/build/task4' returned '0': CMAKE_PREFIX_PATH=${CMAKE_PREFIX_PATH}:/root/ros2_ws/install/task4_tester:/root/ros2_ws/install/task3_tester:/root/ros2_ws/install/task2_tester:/root/ros2_ws/install/task1:/root/ros2_ws/install/py_srvcli:/root/ros2_ws/install/py_pubsub:/root/ros2_ws/install/my_action_pkg:/root/ros2_ws/install/launch_testing_examples:/root/ros2_ws/install/examples_rclpy_pointcloud_publisher:/root/ros2_ws/install/examples_rclpy_minimal_subscriber:/root/ros2_ws/install/examples_rclpy_minimal_service:/root/ros2_ws/install/examples_rclpy_minimal_publisher:/root/ros2_ws/install/examples_rclpy_minimal_client:/root/ros2_ws/install/examples_rclpy_minimal_action_server:/root/ros2_ws/install/examples_rclpy_minimal_action_client:/root/ros2_ws/install/examples_rclpy_guard_conditions:/root/ros2_ws/install/examples_rclpy_executors:/root/ros2_ws/src/task1/install/task1:/opt/ros/humble /usr/bin/cmake --build /root/ros2_ws/build/task4 -- -j28 -l28
[0.627s] Invoking command in '/root/ros2_ws/build/task4': CMAKE_PREFIX_PATH=${CMAKE_PREFIX_PATH}:/root/ros2_ws/install/task4_tester:/root/ros2_ws/install/task3_tester:/root/ros2_ws/install/task2_tester:/root/ros2_ws/install/task1:/root/ros2_ws/install/py_srvcli:/root/ros2_ws/install/py_pubsub:/root/ros2_ws/install/my_action_pkg:/root/ros2_ws/install/launch_testing_examples:/root/ros2_ws/install/examples_rclpy_pointcloud_publisher:/root/ros2_ws/install/examples_rclpy_minimal_subscriber:/root/ros2_ws/install/examples_rclpy_minimal_service:/root/ros2_ws/install/examples_rclpy_minimal_publisher:/root/ros2_ws/install/examples_rclpy_minimal_client:/root/ros2_ws/install/examples_rclpy_minimal_action_server:/root/ros2_ws/install/examples_rclpy_minimal_action_client:/root/ros2_ws/install/examples_rclpy_guard_conditions:/root/ros2_ws/install/examples_rclpy_executors:/root/ros2_ws/src/task1/install/task1:/opt/ros/humble /usr/bin/cmake --install /root/ros2_ws/build/task4
[0.632s] -- Install configuration: ""
[0.632s] -- Up-to-date: /root/ros2_ws/install/task4/share/ament_index/resource_index/rosidl_interfaces/task4
[0.632s] -- Up-to-date: /root/ros2_ws/install/task4/include/task4/task4
[0.632s] -- Up-to-date: /root/ros2_ws/install/task4/include/task4/task4/msg
[0.632s] -- Up-to-date: /root/ros2_ws/install/task4/include/task4/task4/msg/rosidl_generator_c__visibility_control.h
[0.632s] -- Up-to-date: /root/ros2_ws/install/task4/include/task4/task4/action
[0.632s] -- Up-to-date: /root/ros2_ws/install/task4/include/task4/task4/action/detail
[0.632s] -- Up-to-date: /root/ros2_ws/install/task4/include/task4/task4/action/detail/count_down__type_support.h
[0.632s] -- Up-to-date: /root/ros2_ws/install/task4/include/task4/task4/action/detail/count_down__struct.h
[0.632s] -- Up-to-date: /root/ros2_ws/install/task4/include/task4/task4/action/detail/count_down__functions.c
[0.632s] -- Up-to-date: /root/ros2_ws/install/task4/include/task4/task4/action/detail/count_down__functions.h
[0.632s] -- Up-to-date: /root/ros2_ws/install/task4/include/task4/task4/action/count_down.h
[0.633s] -- Up-to-date: /root/ros2_ws/install/task4/share/task4/environment/library_path.sh
[0.633s] -- Up-to-date: /root/ros2_ws/install/task4/share/task4/environment/library_path.dsv
[0.633s] -- Up-to-date: /root/ros2_ws/install/task4/lib/libtask4__rosidl_generator_c.so
[0.633s] -- Up-to-date: /root/ros2_ws/install/task4/include/task4/task4
[0.633s] -- Up-to-date: /root/ros2_ws/install/task4/include/task4/task4/msg
[0.633s] -- Up-to-date: /root/ros2_ws/install/task4/include/task4/task4/msg/rosidl_typesupport_fastrtps_c__visibility_control.h
[0.633s] -- Up-to-date: /root/ros2_ws/install/task4/include/task4/task4/action
[0.633s] -- Up-to-date: /root/ros2_ws/install/task4/include/task4/task4/action/detail
[0.633s] -- Up-to-date: /root/ros2_ws/install/task4/include/task4/task4/action/detail/count_down__rosidl_typesupport_fastrtps_c.h
[0.633s] -- Up-to-date: /root/ros2_ws/install/task4/lib/libtask4__rosidl_typesupport_fastrtps_c.so
[0.633s] -- Up-to-date: /root/ros2_ws/install/task4/include/task4/task4
[0.633s] -- Up-to-date: /root/ros2_ws/install/task4/include/task4/task4/msg
[0.633s] -- Up-to-date: /root/ros2_ws/install/task4/include/task4/task4/msg/rosidl_typesupport_introspection_c__visibility_control.h
[0.633s] -- Up-to-date: /root/ros2_ws/install/task4/include/task4/task4/action
[0.633s] -- Up-to-date: /root/ros2_ws/install/task4/include/task4/task4/action/detail
[0.633s] -- Up-to-date: /root/ros2_ws/install/task4/include/task4/task4/action/detail/count_down__type_support.c
[0.633s] -- Up-to-date: /root/ros2_ws/install/task4/include/task4/task4/action/detail/count_down__rosidl_typesupport_introspection_c.h
[0.633s] -- Up-to-date: /root/ros2_ws/install/task4/lib/libtask4__rosidl_typesupport_introspection_c.so
[0.633s] -- Up-to-date: /root/ros2_ws/install/task4/lib/libtask4__rosidl_typesupport_c.so
[0.633s] -- Up-to-date: /root/ros2_ws/install/task4/include/task4/task4
[0.633s] -- Up-to-date: /root/ros2_ws/install/task4/include/task4/task4/msg
[0.633s] -- Up-to-date: /root/ros2_ws/install/task4/include/task4/task4/msg/rosidl_generator_cpp__visibility_control.hpp
[0.633s] -- Up-to-date: /root/ros2_ws/install/task4/include/task4/task4/action
[0.633s] -- Up-to-date: /root/ros2_ws/install/task4/include/task4/task4/action/detail
[0.634s] -- Up-to-date: /root/ros2_ws/install/task4/include/task4/task4/action/detail/count_down__traits.hpp
[0.634s] -- Up-to-date: /root/ros2_ws/install/task4/include/task4/task4/action/detail/count_down__builder.hpp
[0.634s] -- Up-to-date: /root/ros2_ws/install/task4/include/task4/task4/action/detail/count_down__struct.hpp
[0.634s] -- Up-to-date: /root/ros2_ws/install/task4/include/task4/task4/action/detail/count_down__type_support.hpp
[0.634s] -- Up-to-date: /root/ros2_ws/install/task4/include/task4/task4/action/count_down.hpp
[0.634s] -- Up-to-date: /root/ros2_ws/install/task4/include/task4/task4
[0.634s] -- Up-to-date: /root/ros2_ws/install/task4/include/task4/task4/msg
[0.634s] -- Up-to-date: /root/ros2_ws/install/task4/include/task4/task4/msg/rosidl_typesupport_fastrtps_cpp__visibility_control.h
[0.634s] -- Up-to-date: /root/ros2_ws/install/task4/include/task4/task4/action
[0.634s] -- Up-to-date: /root/ros2_ws/install/task4/include/task4/task4/action/detail
[0.634s] -- Up-to-date: /root/ros2_ws/install/task4/include/task4/task4/action/detail/count_down__rosidl_typesupport_fastrtps_cpp.hpp
[0.634s] -- Up-to-date: /root/ros2_ws/install/task4/include/task4/task4/action/detail/dds_fastrtps
[0.634s] -- Up-to-date: /root/ros2_ws/install/task4/lib/libtask4__rosidl_typesupport_fastrtps_cpp.so
[0.634s] -- Up-to-date: /root/ros2_ws/install/task4/include/task4/task4
[0.634s] -- Up-to-date: /root/ros2_ws/install/task4/include/task4/task4/action
[0.634s] -- Up-to-date: /root/ros2_ws/install/task4/include/task4/task4/action/detail
[0.634s] -- Up-to-date: /root/ros2_ws/install/task4/include/task4/task4/action/detail/count_down__type_support.cpp
[0.634s] -- Up-to-date: /root/ros2_ws/install/task4/include/task4/task4/action/detail/count_down__rosidl_typesupport_introspection_cpp.hpp
[0.634s] -- Up-to-date: /root/ros2_ws/install/task4/lib/libtask4__rosidl_typesupport_introspection_cpp.so
[0.634s] -- Up-to-date: /root/ros2_ws/install/task4/lib/libtask4__rosidl_typesupport_cpp.so
[0.634s] -- Up-to-date: /root/ros2_ws/install/task4/share/task4/environment/pythonpath.sh
[0.634s] -- Up-to-date: /root/ros2_ws/install/task4/share/task4/environment/pythonpath.dsv
[0.634s] -- Up-to-date: /root/ros2_ws/install/task4/local/lib/python3.10/dist-packages/task4-0.0.0-py3.10.egg-info
[0.634s] -- Installing: /root/ros2_ws/install/task4/local/lib/python3.10/dist-packages/task4-0.0.0-py3.10.egg-info/PKG-INFO
[0.634s] -- Installing: /root/ros2_ws/install/task4/local/lib/python3.10/dist-packages/task4-0.0.0-py3.10.egg-info/top_level.txt
[0.634s] -- Installing: /root/ros2_ws/install/task4/local/lib/python3.10/dist-packages/task4-0.0.0-py3.10.egg-info/dependency_links.txt
[0.635s] -- Installing: /root/ros2_ws/install/task4/local/lib/python3.10/dist-packages/task4-0.0.0-py3.10.egg-info/SOURCES.txt
[0.635s] -- Up-to-date: /root/ros2_ws/install/task4/local/lib/python3.10/dist-packages/task4
[0.635s] -- Up-to-date: /root/ros2_ws/install/task4/local/lib/python3.10/dist-packages/task4/_task4_s.ep.rosidl_typesupport_fastrtps_c.c
[0.635s] -- Up-to-date: /root/ros2_ws/install/task4/local/lib/python3.10/dist-packages/task4/_task4_s.ep.rosidl_typesupport_introspection_c.c
[0.635s] -- Up-to-date: /root/ros2_ws/install/task4/local/lib/python3.10/dist-packages/task4/task4_s__rosidl_typesupport_fastrtps_c.cpython-310-x86_64-linux-gnu.so
[0.635s] -- Up-to-date: /root/ros2_ws/install/task4/local/lib/python3.10/dist-packages/task4/task4_s__rosidl_typesupport_introspection_c.cpython-310-x86_64-linux-gnu.so
[0.635s] -- Up-to-date: /root/ros2_ws/install/task4/local/lib/python3.10/dist-packages/task4/action
[0.635s] -- Up-to-date: /root/ros2_ws/install/task4/local/lib/python3.10/dist-packages/task4/action/_count_down_s.c
[0.635s] -- Up-to-date: /root/ros2_ws/install/task4/local/lib/python3.10/dist-packages/task4/action/_count_down.py
[0.635s] -- Up-to-date: /root/ros2_ws/install/task4/local/lib/python3.10/dist-packages/task4/action/__init__.py
[0.635s] -- Up-to-date: /root/ros2_ws/install/task4/local/lib/python3.10/dist-packages/task4/task4_s__rosidl_typesupport_c.cpython-310-x86_64-linux-gnu.so
[0.635s] -- Up-to-date: /root/ros2_ws/install/task4/local/lib/python3.10/dist-packages/task4/__init__.py
[0.635s] -- Up-to-date: /root/ros2_ws/install/task4/local/lib/python3.10/dist-packages/task4/_task4_s.ep.rosidl_typesupport_c.c
[0.635s] -- Up-to-date: /root/ros2_ws/install/task4/local/lib/python3.10/dist-packages/task4/libtask4__rosidl_generator_py.so
[0.670s] Listing '/root/ros2_ws/install/task4/local/lib/python3.10/dist-packages/task4'...
[0.671s] Listing '/root/ros2_ws/install/task4/local/lib/python3.10/dist-packages/task4/action'...
[0.674s] -- Up-to-date: /root/ros2_ws/install/task4/local/lib/python3.10/dist-packages/task4/task4_s__rosidl_typesupport_fastrtps_c.cpython-310-x86_64-linux-gnu.so
[0.675s] -- Up-to-date: /root/ros2_ws/install/task4/local/lib/python3.10/dist-packages/task4/task4_s__rosidl_typesupport_introspection_c.cpython-310-x86_64-linux-gnu.so
[0.675s] -- Up-to-date: /root/ros2_ws/install/task4/local/lib/python3.10/dist-packages/task4/task4_s__rosidl_typesupport_c.cpython-310-x86_64-linux-gnu.so
[0.676s] -- Up-to-date: /root/ros2_ws/install/task4/lib/libtask4__rosidl_generator_py.so
[0.677s] -- Up-to-date: /root/ros2_ws/install/task4/share/ament_index/resource_index/rust_packages/task4
[0.677s] -- Up-to-date: /root/ros2_ws/install/task4/share/task4/rust
[0.677s] -- Up-to-date: /root/ros2_ws/install/task4/share/task4/rust/Cargo.toml
[0.677s] -- Up-to-date: /root/ros2_ws/install/task4/share/task4/rust/src
[0.677s] -- Up-to-date: /root/ros2_ws/install/task4/share/task4/rust/src/action
[0.677s] -- Up-to-date: /root/ros2_ws/install/task4/share/task4/rust/src/action/rmw.rs
[0.677s] -- Up-to-date: /root/ros2_ws/install/task4/share/task4/rust/src/action.rs
[0.677s] -- Up-to-date: /root/ros2_ws/install/task4/share/task4/rust/src/lib.rs
[0.677s] -- Up-to-date: /root/ros2_ws/install/task4/share/task4/rust/build.rs
[0.677s] -- Up-to-date: /root/ros2_ws/install/task4/share/task4/action/CountDown.idl
[0.677s] -- Up-to-date: /root/ros2_ws/install/task4/share/task4/action/CountDown.action
[0.677s] -- Up-to-date: /root/ros2_ws/install/task4/share/ament_index/resource_index/package_run_dependencies/task4
[0.677s] -- Up-to-date: /root/ros2_ws/install/task4/share/ament_index/resource_index/parent_prefix_path/task4
[0.677s] -- Up-to-date: /root/ros2_ws/install/task4/share/task4/environment/ament_prefix_path.sh
[0.678s] -- Up-to-date: /root/ros2_ws/install/task4/share/task4/environment/ament_prefix_path.dsv
[0.678s] -- Up-to-date: /root/ros2_ws/install/task4/share/task4/environment/path.sh
[0.678s] -- Up-to-date: /root/ros2_ws/install/task4/share/task4/environment/path.dsv
[0.678s] -- Up-to-date: /root/ros2_ws/install/task4/share/task4/local_setup.bash
[0.678s] -- Up-to-date: /root/ros2_ws/install/task4/share/task4/local_setup.sh
[0.678s] -- Up-to-date: /root/ros2_ws/install/task4/share/task4/local_setup.zsh
[0.678s] -- Up-to-date: /root/ros2_ws/install/task4/share/task4/local_setup.dsv
[0.678s] -- Installing: /root/ros2_ws/install/task4/share/task4/package.dsv
[0.678s] -- Up-to-date: /root/ros2_ws/install/task4/share/ament_index/resource_index/packages/task4
[0.678s] -- Up-to-date: /root/ros2_ws/install/task4/share/task4/cmake/export_task4__rosidl_generator_cExport.cmake
[0.678s] -- Up-to-date: /root/ros2_ws/install/task4/share/task4/cmake/export_task4__rosidl_generator_cExport-noconfig.cmake
[0.678s] -- Up-to-date: /root/ros2_ws/install/task4/share/task4/cmake/export_task4__rosidl_typesupport_fastrtps_cExport.cmake
[0.678s] -- Up-to-date: /root/ros2_ws/install/task4/share/task4/cmake/export_task4__rosidl_typesupport_fastrtps_cExport-noconfig.cmake
[0.678s] -- Up-to-date: /root/ros2_ws/install/task4/share/task4/cmake/task4__rosidl_typesupport_introspection_cExport.cmake
[0.678s] -- Up-to-date: /root/ros2_ws/install/task4/share/task4/cmake/task4__rosidl_typesupport_introspection_cExport-noconfig.cmake
[0.678s] -- Up-to-date: /root/ros2_ws/install/task4/share/task4/cmake/task4__rosidl_typesupport_cExport.cmake
[0.678s] -- Up-to-date: /root/ros2_ws/install/task4/share/task4/cmake/task4__rosidl_typesupport_cExport-noconfig.cmake
[0.678s] -- Up-to-date: /root/ros2_ws/install/task4/share/task4/cmake/export_task4__rosidl_generator_cppExport.cmake
[0.678s] -- Up-to-date: /root/ros2_ws/install/task4/share/task4/cmake/export_task4__rosidl_typesupport_fastrtps_cppExport.cmake
[0.678s] -- Up-to-date: /root/ros2_ws/install/task4/share/task4/cmake/export_task4__rosidl_typesupport_fastrtps_cppExport-noconfig.cmake
[0.678s] -- Up-to-date: /root/ros2_ws/install/task4/share/task4/cmake/task4__rosidl_typesupport_introspection_cppExport.cmake
[0.678s] -- Up-to-date: /root/ros2_ws/install/task4/share/task4/cmake/task4__rosidl_typesupport_introspection_cppExport-noconfig.cmake
[0.678s] -- Up-to-date: /root/ros2_ws/install/task4/share/task4/cmake/task4__rosidl_typesupport_cppExport.cmake
[0.678s] -- Up-to-date: /root/ros2_ws/install/task4/share/task4/cmake/task4__rosidl_typesupport_cppExport-noconfig.cmake
[0.678s] -- Up-to-date: /root/ros2_ws/install/task4/share/task4/cmake/export_task4__rosidl_generator_pyExport.cmake
[0.678s] -- Up-to-date: /root/ros2_ws/install/task4/share/task4/cmake/export_task4__rosidl_generator_pyExport-noconfig.cmake
[0.679s] -- Up-to-date: /root/ros2_ws/install/task4/share/task4/cmake/rosidl_cmake-extras.cmake
[0.679s] -- Up-to-date: /root/ros2_ws/install/task4/share/task4/cmake/ament_cmake_export_dependencies-extras.cmake
[0.679s] -- Up-to-date: /root/ros2_ws/install/task4/share/task4/cmake/ament_cmake_export_include_directories-extras.cmake
[0.679s] -- Up-to-date: /root/ros2_ws/install/task4/share/task4/cmake/ament_cmake_export_libraries-extras.cmake
[0.679s] -- Up-to-date: /root/ros2_ws/install/task4/share/task4/cmake/ament_cmake_export_targets-extras.cmake
[0.679s] -- Up-to-date: /root/ros2_ws/install/task4/share/task4/cmake/rosidl_cmake_export_typesupport_targets-extras.cmake
[0.679s] -- Up-to-date: /root/ros2_ws/install/task4/share/task4/cmake/rosidl_cmake_export_typesupport_libraries-extras.cmake
[0.679s] -- Up-to-date: /root/ros2_ws/install/task4/share/task4/cmake/task4Config.cmake
[0.679s] -- Up-to-date: /root/ros2_ws/install/task4/share/task4/cmake/task4Config-version.cmake
[0.679s] -- Up-to-date: /root/ros2_ws/install/task4/share/task4/package.xml
[0.864s] Invoked command in '/root/ros2_ws/build/task4' returned '0': CMAKE_PREFIX_PATH=${CMAKE_PREFIX_PATH}:/root/ros2_ws/install/task4_tester:/root/ros2_ws/install/task3_tester:/root/ros2_ws/install/task2_tester:/root/ros2_ws/install/task1:/root/ros2_ws/install/py_srvcli:/root/ros2_ws/install/py_pubsub:/root/ros2_ws/install/my_action_pkg:/root/ros2_ws/install/launch_testing_examples:/root/ros2_ws/install/examples_rclpy_pointcloud_publisher:/root/ros2_ws/install/examples_rclpy_minimal_subscriber:/root/ros2_ws/install/examples_rclpy_minimal_service:/root/ros2_ws/install/examples_rclpy_minimal_publisher:/root/ros2_ws/install/examples_rclpy_minimal_client:/root/ros2_ws/install/examples_rclpy_minimal_action_server:/root/ros2_ws/install/examples_rclpy_minimal_action_client:/root/ros2_ws/install/examples_rclpy_guard_conditions:/root/ros2_ws/install/examples_rclpy_executors:/root/ros2_ws/src/task1/install/task1:/opt/ros/humble /usr/bin/cmake --install /root/ros2_ws/build/task4
