[0.387s] Invoking command in '/root/ros2_ws/build/task4': CMAKE_PREFIX_PATH=${CMAKE_PREFIX_PATH}:/root/ros2_ws/install/task3_tester:/root/ros2_ws/install/task2_tester:/root/ros2_ws/install/task1:/root/ros2_ws/install/py_srvcli:/root/ros2_ws/install/py_pubsub:/root/ros2_ws/install/my_action_pkg:/root/ros2_ws/install/launch_testing_examples:/root/ros2_ws/install/examples_rclpy_pointcloud_publisher:/root/ros2_ws/install/examples_rclpy_minimal_subscriber:/root/ros2_ws/install/examples_rclpy_minimal_service:/root/ros2_ws/install/examples_rclpy_minimal_publisher:/root/ros2_ws/install/examples_rclpy_minimal_client:/root/ros2_ws/install/examples_rclpy_minimal_action_server:/root/ros2_ws/install/examples_rclpy_minimal_action_client:/root/ros2_ws/install/examples_rclpy_guard_conditions:/root/ros2_ws/install/examples_rclpy_executors:/root/ros2_ws/src/task1/install/task1:/opt/ros/humble /usr/bin/cmake /root/ros2_ws/src/task4 -DCMAKE_INSTALL_PREFIX=/root/ros2_ws/install/task4
[0.393s] [0mCMake Deprecation Warning at CMakeLists.txt:1 (cmake_minimum_required):
[0.393s]   Compatibility with CMake < 3.10 will be removed from a future version of
[0.393s]   CMake.
[0.393s] 
[0.393s]   Update the VERSION argument <min> value.  Or, use the <min>...<max> syntax
[0.393s]   to tell CMake that the project requires at least <min> but has been updated
[0.393s]   to work with policies introduced by <max> or earlier.
[0.393s] 
[0.393s] [0m
[0.399s] -- Found ament_cmake: 1.3.14 (/opt/ros/humble/share/ament_cmake/cmake)
[0.587s] -- Found ament_lint_auto: 0.12.15 (/opt/ros/humble/share/ament_lint_auto/cmake)
[0.635s] -- Found rosidl_default_generators: 1.2.1 (/opt/ros/humble/share/rosidl_default_generators/cmake)
[0.637s] -- Using all available rosidl_typesupport_c: rosidl_typesupport_fastrtps_c;rosidl_typesupport_introspection_c
[0.638s] -- Found rosidl_adapter: 3.1.8 (/opt/ros/humble/share/rosidl_adapter/cmake)
[0.662s] -- Using all available rosidl_typesupport_cpp: rosidl_typesupport_fastrtps_cpp;rosidl_typesupport_introspection_cpp
[0.860s] [31mCMake Error at /opt/ros/humble/share/rosidl_adapter/cmake/rosidl_adapt_interfaces.cmake:59 (message):
[0.860s]   execute_process(/usr/bin/python3 -m rosidl_adapter --package-name task4
[0.860s]   --arguments-file
[0.860s]   /root/ros2_ws/build/task4/rosidl_adapter__arguments__task4.json
[0.860s]   --output-dir /root/ros2_ws/build/task4/rosidl_adapter/task4 --output-file
[0.860s]   /root/ros2_ws/build/task4/rosidl_adapter/task4.idls) returned error code 1:
[0.860s] 
[0.860s]   Traceback (most recent call last):
[0.860s] 
[0.860s]     File "/usr/lib/python3.10/runpy.py", line 196, in _run_module_as_main
[0.860s]       return _run_code(code, main_globals, None,
[0.860s]     File "/usr/lib/python3.10/runpy.py", line 86, in _run_code
[0.860s]       exec(code, run_globals)
[0.860s]     File "/opt/ros/humble/local/lib/python3.10/dist-packages/rosidl_adapter/__main__.py", line 19, in <module>
[0.861s]       sys.exit(main())
[0.861s]     File "/opt/ros/humble/local/lib/python3.10/dist-packages/rosidl_adapter/main.py", line 53, in main
[0.861s]       abs_idl_file = convert_to_idl(
[0.861s]     File "/opt/ros/humble/local/lib/python3.10/dist-packages/rosidl_adapter/__init__.py", line 29, in convert_to_idl
[0.861s]       return convert_action_to_idl(
[0.861s]     File "/opt/ros/humble/local/lib/python3.10/dist-packages/rosidl_adapter/action/__init__.py", line 28, in convert_action_to_idl
[0.861s]       action = parse_action_string(package_name, input_file.stem, content)
[0.861s]     File "/opt/ros/humble/local/lib/python3.10/dist-packages/rosidl_adapter/parser.py", line 894, in parse_action_string
[0.861s]       raise InvalidActionSpecification(
[0.861s] 
[0.861s]   rosidl_adapter.parser.InvalidActionSpecification: Number of '---'
[0.861s]   separators nonconformant with action definition
[0.861s] 
[0.861s] Call Stack (most recent call first):
[0.861s]   /opt/ros/humble/share/rosidl_cmake/cmake/rosidl_generate_interfaces.cmake:130 (rosidl_adapt_interfaces)
[0.861s]   CMakeLists.txt:27 (rosidl_generate_interfaces)
[0.861s] 
[0.861s] [0m
[0.861s] -- Configuring incomplete, errors occurred!
[0.864s] Invoked command in '/root/ros2_ws/build/task4' returned '1': CMAKE_PREFIX_PATH=${CMAKE_PREFIX_PATH}:/root/ros2_ws/install/task3_tester:/root/ros2_ws/install/task2_tester:/root/ros2_ws/install/task1:/root/ros2_ws/install/py_srvcli:/root/ros2_ws/install/py_pubsub:/root/ros2_ws/install/my_action_pkg:/root/ros2_ws/install/launch_testing_examples:/root/ros2_ws/install/examples_rclpy_pointcloud_publisher:/root/ros2_ws/install/examples_rclpy_minimal_subscriber:/root/ros2_ws/install/examples_rclpy_minimal_service:/root/ros2_ws/install/examples_rclpy_minimal_publisher:/root/ros2_ws/install/examples_rclpy_minimal_client:/root/ros2_ws/install/examples_rclpy_minimal_action_server:/root/ros2_ws/install/examples_rclpy_minimal_action_client:/root/ros2_ws/install/examples_rclpy_guard_conditions:/root/ros2_ws/install/examples_rclpy_executors:/root/ros2_ws/src/task1/install/task1:/opt/ros/humble /usr/bin/cmake /root/ros2_ws/src/task4 -DCMAKE_INSTALL_PREFIX=/root/ros2_ws/install/task4
