[1.813s] Invoking command in '/root/ros2_ws/src/task1': PYTHONPATH=/root/ros2_ws/build/task1/prefix_override:/usr/lib/python3/dist-packages/colcon_core/task/python/colcon_distutils_commands:/root/ros2_ws/install/task1/lib/python3.10/site-packages:${PYTHONPATH} /usr/bin/python3 -W ignore:setup.py install is deprecated -W ignore:easy_install command is deprecated setup.py egg_info --egg-base ../../build/task1 build --build-base /root/ros2_ws/build/task1/build install --record /root/ros2_ws/build/task1/install.log --single-version-externally-managed install_data
[2.078s] running egg_info
[2.078s] writing ../../build/task1/task1.egg-info/PKG-INFO
[2.078s] writing dependency_links to ../../build/task1/task1.egg-info/dependency_links.txt
[2.078s] writing entry points to ../../build/task1/task1.egg-info/entry_points.txt
[2.079s] writing requirements to ../../build/task1/task1.egg-info/requires.txt
[2.079s] writing top-level names to ../../build/task1/task1.egg-info/top_level.txt
[2.080s] reading manifest file '../../build/task1/task1.egg-info/SOURCES.txt'
[2.081s] adding license file 'LICENSE'
[2.081s] writing manifest file '../../build/task1/task1.egg-info/SOURCES.txt'
[2.081s] running build
[2.081s] running build_py
[2.082s] running install
[2.082s] running install_lib
[2.083s] running install_data
[2.084s] running install_egg_info
[2.086s] removing '/root/ros2_ws/install/task1/lib/python3.10/site-packages/task1-0.0.0-py3.10.egg-info' (and everything under it)
[2.086s] Copying ../../build/task1/task1.egg-info to /root/ros2_ws/install/task1/lib/python3.10/site-packages/task1-0.0.0-py3.10.egg-info
[2.087s] running install_scripts
[2.112s] Installing logger script to /root/ros2_ws/install/task1/lib/task1
[2.112s] Installing processor script to /root/ros2_ws/install/task1/lib/task1
[2.112s] Installing sensor script to /root/ros2_ws/install/task1/lib/task1
[2.113s] writing list of installed files to '/root/ros2_ws/build/task1/install.log'
[2.137s] Invoked command in '/root/ros2_ws/src/task1' returned '0': PYTHONPATH=/root/ros2_ws/build/task1/prefix_override:/usr/lib/python3/dist-packages/colcon_core/task/python/colcon_distutils_commands:/root/ros2_ws/install/task1/lib/python3.10/site-packages:${PYTHONPATH} /usr/bin/python3 -W ignore:setup.py install is deprecated -W ignore:easy_install command is deprecated setup.py egg_info --egg-base ../../build/task1 build --build-base /root/ros2_ws/build/task1/build install --record /root/ros2_ws/build/task1/install.log --single-version-externally-managed install_data
