[5.149s] Invoking command in '/root/ros2_ws/build/examples_rclpy_minimal_service': PYTHONPATH=/root/ros2_ws/build/examples_rclpy_minimal_service/prefix_override:/usr/lib/python3/dist-packages/colcon_core/task/python/colcon_distutils_commands:/root/ros2_ws/install/examples_rclpy_minimal_service/lib/python3.10/site-packages:${PYTHONPATH} /usr/bin/python3 -W ignore:setup.py install is deprecated -W ignore:easy_install command is deprecated setup.py develop --editable --build-directory /root/ros2_ws/build/examples_rclpy_minimal_service/build --no-deps symlink_data
[5.671s] running develop
[5.874s] running egg_info
[5.874s] creating examples_rclpy_minimal_service.egg-info
[5.874s] writing examples_rclpy_minimal_service.egg-info/PKG-INFO
[5.874s] writing dependency_links to examples_rclpy_minimal_service.egg-info/dependency_links.txt
[5.875s] writing entry points to examples_rclpy_minimal_service.egg-info/entry_points.txt
[5.875s] writing requirements to examples_rclpy_minimal_service.egg-info/requires.txt
[5.875s] writing top-level names to examples_rclpy_minimal_service.egg-info/top_level.txt
[5.875s] writing manifest file 'examples_rclpy_minimal_service.egg-info/SOURCES.txt'
[5.879s] reading manifest file 'examples_rclpy_minimal_service.egg-info/SOURCES.txt'
[5.879s] writing manifest file 'examples_rclpy_minimal_service.egg-info/SOURCES.txt'
[5.883s] running build_ext
[5.884s] Creating /root/ros2_ws/install/examples_rclpy_minimal_service/lib/python3.10/site-packages/examples-rclpy-minimal-service.egg-link (link to .)
[5.884s] Installing service script to /root/ros2_ws/install/examples_rclpy_minimal_service/lib/examples_rclpy_minimal_service
[5.884s] Installing service_member_function script to /root/ros2_ws/install/examples_rclpy_minimal_service/lib/examples_rclpy_minimal_service
[5.884s] 
[5.884s] Installed /root/ros2_ws/build/examples_rclpy_minimal_service
[5.887s] running symlink_data
[5.888s] creating /root/ros2_ws/install/examples_rclpy_minimal_service/share/ament_index
[5.888s] creating /root/ros2_ws/install/examples_rclpy_minimal_service/share/ament_index/resource_index
[5.888s] creating /root/ros2_ws/install/examples_rclpy_minimal_service/share/ament_index/resource_index/packages
[5.888s] symbolically linking /root/ros2_ws/build/examples_rclpy_minimal_service/resource/examples_rclpy_minimal_service -> /root/ros2_ws/install/examples_rclpy_minimal_service/share/ament_index/resource_index/packages
[5.888s] symbolically linking /root/ros2_ws/build/examples_rclpy_minimal_service/package.xml -> /root/ros2_ws/install/examples_rclpy_minimal_service/share/examples_rclpy_minimal_service
[5.943s] Invoked command in '/root/ros2_ws/build/examples_rclpy_minimal_service' returned '0': PYTHONPATH=/root/ros2_ws/build/examples_rclpy_minimal_service/prefix_override:/usr/lib/python3/dist-packages/colcon_core/task/python/colcon_distutils_commands:/root/ros2_ws/install/examples_rclpy_minimal_service/lib/python3.10/site-packages:${PYTHONPATH} /usr/bin/python3 -W ignore:setup.py install is deprecated -W ignore:easy_install command is deprecated setup.py develop --editable --build-directory /root/ros2_ws/build/examples_rclpy_minimal_service/build --no-deps symlink_data
