running egg_info
creating ../../build/my_action_pkg/my_action_pkg.egg-info
writing ../../build/my_action_pkg/my_action_pkg.egg-info/PKG-INFO
writing dependency_links to ../../build/my_action_pkg/my_action_pkg.egg-info/dependency_links.txt
writing entry points to ../../build/my_action_pkg/my_action_pkg.egg-info/entry_points.txt
writing requirements to ../../build/my_action_pkg/my_action_pkg.egg-info/requires.txt
writing top-level names to ../../build/my_action_pkg/my_action_pkg.egg-info/top_level.txt
writing manifest file '../../build/my_action_pkg/my_action_pkg.egg-info/SOURCES.txt'
reading manifest file '../../build/my_action_pkg/my_action_pkg.egg-info/SOURCES.txt'
writing manifest file '../../build/my_action_pkg/my_action_pkg.egg-info/SOURCES.txt'
running build
running build_py
creating /root/ros2_ws/build/my_action_pkg/build
creating /root/ros2_ws/build/my_action_pkg/build/lib
creating /root/ros2_ws/build/my_action_pkg/build/lib/my_action_pkg
copying my_action_pkg/fibonacc_action_server.py -> /root/ros2_ws/build/my_action_pkg/build/lib/my_action_pkg
copying my_action_pkg/__init__.py -> /root/ros2_ws/build/my_action_pkg/build/lib/my_action_pkg
running install
running install_lib
creating /root/ros2_ws/install/my_action_pkg/lib/python3.10/site-packages/my_action_pkg
copying /root/ros2_ws/build/my_action_pkg/build/lib/my_action_pkg/fibonacc_action_server.py -> /root/ros2_ws/install/my_action_pkg/lib/python3.10/site-packages/my_action_pkg
copying /root/ros2_ws/build/my_action_pkg/build/lib/my_action_pkg/__init__.py -> /root/ros2_ws/install/my_action_pkg/lib/python3.10/site-packages/my_action_pkg
byte-compiling /root/ros2_ws/install/my_action_pkg/lib/python3.10/site-packages/my_action_pkg/fibonacc_action_server.py to fibonacc_action_server.cpython-310.pyc
byte-compiling /root/ros2_ws/install/my_action_pkg/lib/python3.10/site-packages/my_action_pkg/__init__.py to __init__.cpython-310.pyc
running install_data
creating /root/ros2_ws/install/my_action_pkg/share/ament_index
creating /root/ros2_ws/install/my_action_pkg/share/ament_index/resource_index
creating /root/ros2_ws/install/my_action_pkg/share/ament_index/resource_index/packages
copying resource/my_action_pkg -> /root/ros2_ws/install/my_action_pkg/share/ament_index/resource_index/packages
copying package.xml -> /root/ros2_ws/install/my_action_pkg/share/my_action_pkg
running install_egg_info
Copying ../../build/my_action_pkg/my_action_pkg.egg-info to /root/ros2_ws/install/my_action_pkg/lib/python3.10/site-packages/my_action_pkg-0.0.0-py3.10.egg-info
running install_scripts
writing list of installed files to '/root/ros2_ws/build/my_action_pkg/install.log'
