[0.583s] Invoking command in '/root/ros2_ws/src/my_action_pkg': PYTHONPATH=/root/ros2_ws/build/my_action_pkg/prefix_override:/usr/lib/python3/dist-packages/colcon_core/task/python/colcon_distutils_commands:/root/ros2_ws/install/my_action_pkg/lib/python3.10/site-packages:${PYTHONPATH} /usr/bin/python3 -W ignore:setup.py install is deprecated -W ignore:easy_install command is deprecated setup.py egg_info --egg-base ../../build/my_action_pkg build --build-base /root/ros2_ws/build/my_action_pkg/build install --record /root/ros2_ws/build/my_action_pkg/install.log --single-version-externally-managed install_data
[0.825s] running egg_info
[0.825s] creating ../../build/my_action_pkg/my_action_pkg.egg-info
[0.825s] writing ../../build/my_action_pkg/my_action_pkg.egg-info/PKG-INFO
[0.826s] writing dependency_links to ../../build/my_action_pkg/my_action_pkg.egg-info/dependency_links.txt
[0.827s] writing entry points to ../../build/my_action_pkg/my_action_pkg.egg-info/entry_points.txt
[0.827s] writing requirements to ../../build/my_action_pkg/my_action_pkg.egg-info/requires.txt
[0.828s] writing top-level names to ../../build/my_action_pkg/my_action_pkg.egg-info/top_level.txt
[0.828s] writing manifest file '../../build/my_action_pkg/my_action_pkg.egg-info/SOURCES.txt'
[0.828s] reading manifest file '../../build/my_action_pkg/my_action_pkg.egg-info/SOURCES.txt'
[0.829s] writing manifest file '../../build/my_action_pkg/my_action_pkg.egg-info/SOURCES.txt'
[0.829s] running build
[0.829s] running build_py
[0.829s] creating /root/ros2_ws/build/my_action_pkg/build
[0.829s] creating /root/ros2_ws/build/my_action_pkg/build/lib
[0.829s] creating /root/ros2_ws/build/my_action_pkg/build/lib/my_action_pkg
[0.829s] copying my_action_pkg/fibonacc_action_server.py -> /root/ros2_ws/build/my_action_pkg/build/lib/my_action_pkg
[0.830s] copying my_action_pkg/__init__.py -> /root/ros2_ws/build/my_action_pkg/build/lib/my_action_pkg
[0.830s] running install
[0.830s] running install_lib
[0.830s] creating /root/ros2_ws/install/my_action_pkg/lib/python3.10/site-packages/my_action_pkg
[0.830s] copying /root/ros2_ws/build/my_action_pkg/build/lib/my_action_pkg/fibonacc_action_server.py -> /root/ros2_ws/install/my_action_pkg/lib/python3.10/site-packages/my_action_pkg
[0.831s] copying /root/ros2_ws/build/my_action_pkg/build/lib/my_action_pkg/__init__.py -> /root/ros2_ws/install/my_action_pkg/lib/python3.10/site-packages/my_action_pkg
[0.831s] byte-compiling /root/ros2_ws/install/my_action_pkg/lib/python3.10/site-packages/my_action_pkg/fibonacc_action_server.py to fibonacc_action_server.cpython-310.pyc
[0.832s] byte-compiling /root/ros2_ws/install/my_action_pkg/lib/python3.10/site-packages/my_action_pkg/__init__.py to __init__.cpython-310.pyc
[0.832s] running install_data
[0.832s] creating /root/ros2_ws/install/my_action_pkg/share/ament_index
[0.832s] creating /root/ros2_ws/install/my_action_pkg/share/ament_index/resource_index
[0.832s] creating /root/ros2_ws/install/my_action_pkg/share/ament_index/resource_index/packages
[0.832s] copying resource/my_action_pkg -> /root/ros2_ws/install/my_action_pkg/share/ament_index/resource_index/packages
[0.832s] copying package.xml -> /root/ros2_ws/install/my_action_pkg/share/my_action_pkg
[0.832s] running install_egg_info
[0.834s] Copying ../../build/my_action_pkg/my_action_pkg.egg-info to /root/ros2_ws/install/my_action_pkg/lib/python3.10/site-packages/my_action_pkg-0.0.0-py3.10.egg-info
[0.835s] running install_scripts
[0.859s] writing list of installed files to '/root/ros2_ws/build/my_action_pkg/install.log'
[0.882s] Invoked command in '/root/ros2_ws/src/my_action_pkg' returned '0': PYTHONPATH=/root/ros2_ws/build/my_action_pkg/prefix_override:/usr/lib/python3/dist-packages/colcon_core/task/python/colcon_distutils_commands:/root/ros2_ws/install/my_action_pkg/lib/python3.10/site-packages:${PYTHONPATH} /usr/bin/python3 -W ignore:setup.py install is deprecated -W ignore:easy_install command is deprecated setup.py egg_info --egg-base ../../build/my_action_pkg build --build-base /root/ros2_ws/build/my_action_pkg/build install --record /root/ros2_ws/build/my_action_pkg/install.log --single-version-externally-managed install_data
