running egg_info
creating ../../build/task1/task1.egg-info
writing ../../build/task1/task1.egg-info/PKG-INFO
writing dependency_links to ../../build/task1/task1.egg-info/dependency_links.txt
writing entry points to ../../build/task1/task1.egg-info/entry_points.txt
writing requirements to ../../build/task1/task1.egg-info/requires.txt
writing top-level names to ../../build/task1/task1.egg-info/top_level.txt
writing manifest file '../../build/task1/task1.egg-info/SOURCES.txt'
reading manifest file '../../build/task1/task1.egg-info/SOURCES.txt'
adding license file 'LICENSE'
writing manifest file '../../build/task1/task1.egg-info/SOURCES.txt'
running build
running build_py
creating /root/ros2_ws/build/task1/build
creating /root/ros2_ws/build/task1/build/lib
creating /root/ros2_ws/build/task1/build/lib/task1
copying task1/processor_node.py -> /root/ros2_ws/build/task1/build/lib/task1
copying task1/sensor_node.py -> /root/ros2_ws/build/task1/build/lib/task1
copying task1/logger_node.py -> /root/ros2_ws/build/task1/build/lib/task1
copying task1/__init__.py -> /root/ros2_ws/build/task1/build/lib/task1
running install
running install_lib
creating /root/ros2_ws/install/task1/lib/python3.10/site-packages/task1
copying /root/ros2_ws/build/task1/build/lib/task1/processor_node.py -> /root/ros2_ws/install/task1/lib/python3.10/site-packages/task1
copying /root/ros2_ws/build/task1/build/lib/task1/sensor_node.py -> /root/ros2_ws/install/task1/lib/python3.10/site-packages/task1
copying /root/ros2_ws/build/task1/build/lib/task1/logger_node.py -> /root/ros2_ws/install/task1/lib/python3.10/site-packages/task1
copying /root/ros2_ws/build/task1/build/lib/task1/__init__.py -> /root/ros2_ws/install/task1/lib/python3.10/site-packages/task1
byte-compiling /root/ros2_ws/install/task1/lib/python3.10/site-packages/task1/processor_node.py to processor_node.cpython-310.pyc
byte-compiling /root/ros2_ws/install/task1/lib/python3.10/site-packages/task1/sensor_node.py to sensor_node.cpython-310.pyc
byte-compiling /root/ros2_ws/install/task1/lib/python3.10/site-packages/task1/logger_node.py to logger_node.cpython-310.pyc
byte-compiling /root/ros2_ws/install/task1/lib/python3.10/site-packages/task1/__init__.py to __init__.cpython-310.pyc
running install_data
creating /root/ros2_ws/install/task1/share/ament_index
creating /root/ros2_ws/install/task1/share/ament_index/resource_index
creating /root/ros2_ws/install/task1/share/ament_index/resource_index/packages
copying resource/task1 -> /root/ros2_ws/install/task1/share/ament_index/resource_index/packages
copying package.xml -> /root/ros2_ws/install/task1/share/task1
creating /root/ros2_ws/install/task1/share/task1/launch
running install_egg_info
Copying ../../build/task1/task1.egg-info to /root/ros2_ws/install/task1/lib/python3.10/site-packages/task1-0.0.0-py3.10.egg-info
running install_scripts
Installing logger script to /root/ros2_ws/install/task1/lib/task1
Installing processor script to /root/ros2_ws/install/task1/lib/task1
Installing sensor script to /root/ros2_ws/install/task1/lib/task1
writing list of installed files to '/root/ros2_ws/build/task1/install.log'
