[0.356s] Invoking command in '/root/ros2_ws/src/task1': PYTHONPATH=/root/ros2_ws/build/task1/prefix_override:/usr/lib/python3/dist-packages/colcon_core/task/python/colcon_distutils_commands:/root/ros2_ws/install/task1/lib/python3.10/site-packages:${PYTHONPATH} /usr/bin/python3 -W ignore:setup.py install is deprecated -W ignore:easy_install command is deprecated setup.py egg_info --egg-base ../../build/task1 build --build-base /root/ros2_ws/build/task1/build install --record /root/ros2_ws/build/task1/install.log --single-version-externally-managed install_data
[0.487s] running egg_info
[0.487s] creating ../../build/task1/task1.egg-info
[0.487s] writing ../../build/task1/task1.egg-info/PKG-INFO
[0.487s] writing dependency_links to ../../build/task1/task1.egg-info/dependency_links.txt
[0.487s] writing entry points to ../../build/task1/task1.egg-info/entry_points.txt
[0.487s] writing requirements to ../../build/task1/task1.egg-info/requires.txt
[0.487s] writing top-level names to ../../build/task1/task1.egg-info/top_level.txt
[0.487s] writing manifest file '../../build/task1/task1.egg-info/SOURCES.txt'
[0.488s] reading manifest file '../../build/task1/task1.egg-info/SOURCES.txt'
[0.488s] adding license file 'LICENSE'
[0.488s] writing manifest file '../../build/task1/task1.egg-info/SOURCES.txt'
[0.488s] running build
[0.488s] running build_py
[0.488s] creating /root/ros2_ws/build/task1/build
[0.488s] creating /root/ros2_ws/build/task1/build/lib
[0.488s] creating /root/ros2_ws/build/task1/build/lib/task1
[0.488s] copying task1/processor_node.py -> /root/ros2_ws/build/task1/build/lib/task1
[0.488s] copying task1/sensor_node.py -> /root/ros2_ws/build/task1/build/lib/task1
[0.488s] copying task1/logger_node.py -> /root/ros2_ws/build/task1/build/lib/task1
[0.488s] copying task1/__init__.py -> /root/ros2_ws/build/task1/build/lib/task1
[0.488s] running install
[0.489s] running install_lib
[0.489s] creating /root/ros2_ws/install/task1/lib/python3.10/site-packages/task1
[0.489s] copying /root/ros2_ws/build/task1/build/lib/task1/processor_node.py -> /root/ros2_ws/install/task1/lib/python3.10/site-packages/task1
[0.489s] copying /root/ros2_ws/build/task1/build/lib/task1/sensor_node.py -> /root/ros2_ws/install/task1/lib/python3.10/site-packages/task1
[0.489s] copying /root/ros2_ws/build/task1/build/lib/task1/logger_node.py -> /root/ros2_ws/install/task1/lib/python3.10/site-packages/task1
[0.489s] copying /root/ros2_ws/build/task1/build/lib/task1/__init__.py -> /root/ros2_ws/install/task1/lib/python3.10/site-packages/task1
[0.489s] byte-compiling /root/ros2_ws/install/task1/lib/python3.10/site-packages/task1/processor_node.py to processor_node.cpython-310.pyc
[0.490s] byte-compiling /root/ros2_ws/install/task1/lib/python3.10/site-packages/task1/sensor_node.py to sensor_node.cpython-310.pyc
[0.490s] byte-compiling /root/ros2_ws/install/task1/lib/python3.10/site-packages/task1/logger_node.py to logger_node.cpython-310.pyc
[0.490s] byte-compiling /root/ros2_ws/install/task1/lib/python3.10/site-packages/task1/__init__.py to __init__.cpython-310.pyc
[0.490s] running install_data
[0.490s] creating /root/ros2_ws/install/task1/share/ament_index
[0.490s] creating /root/ros2_ws/install/task1/share/ament_index/resource_index
[0.490s] creating /root/ros2_ws/install/task1/share/ament_index/resource_index/packages
[0.490s] copying resource/task1 -> /root/ros2_ws/install/task1/share/ament_index/resource_index/packages
[0.490s] copying package.xml -> /root/ros2_ws/install/task1/share/task1
[0.491s] creating /root/ros2_ws/install/task1/share/task1/launch
[0.491s] running install_egg_info
[0.492s] Copying ../../build/task1/task1.egg-info to /root/ros2_ws/install/task1/lib/python3.10/site-packages/task1-0.0.0-py3.10.egg-info
[0.492s] running install_scripts
[0.505s] Installing logger script to /root/ros2_ws/install/task1/lib/task1
[0.505s] Installing processor script to /root/ros2_ws/install/task1/lib/task1
[0.505s] Installing sensor script to /root/ros2_ws/install/task1/lib/task1
[0.505s] writing list of installed files to '/root/ros2_ws/build/task1/install.log'
[0.519s] Invoked command in '/root/ros2_ws/src/task1' returned '0': PYTHONPATH=/root/ros2_ws/build/task1/prefix_override:/usr/lib/python3/dist-packages/colcon_core/task/python/colcon_distutils_commands:/root/ros2_ws/install/task1/lib/python3.10/site-packages:${PYTHONPATH} /usr/bin/python3 -W ignore:setup.py install is deprecated -W ignore:easy_install command is deprecated setup.py egg_info --egg-base ../../build/task1 build --build-base /root/ros2_ws/build/task1/build install --record /root/ros2_ws/build/task1/install.log --single-version-externally-managed install_data
