-- Found ament_cmake: 1.3.14 (/opt/ros/humble/share/ament_cmake/cmake)
-- Found ament_lint_auto: 0.12.15 (/opt/ros/humble/share/ament_lint_auto/cmake)
-- Found rosidl_default_generators: 1.2.1 (/opt/ros/humble/share/rosidl_default_generators/cmake)
-- Using all available rosidl_typesupport_c: rosidl_typesupport_fastrtps_c;rosidl_typesupport_introspection_c
-- Found rosidl_adapter: 3.1.8 (/opt/ros/humble/share/rosidl_adapter/cmake)
-- Using all available rosidl_typesupport_cpp: rosidl_typesupport_fastrtps_cpp;rosidl_typesupport_introspection_cpp
-- Found ament_cmake_ros: 0.10.0 (/opt/ros/humble/share/ament_cmake_ros/cmake)
-- Using all available rosidl_typesupport_c: rosidl_typesupport_fastrtps_c;rosidl_typesupport_introspection_c
-- Using all available rosidl_typesupport_cpp: rosidl_typesupport_fastrtps_cpp;rosidl_typesupport_introspection_cpp
-- Found PythonInterp: /usr/bin/python3 (found suitable version "3.10.12", minimum required is "3.6")
-- Found python_cmake_module: 0.10.0 (/opt/ros/humble/share/python_cmake_module/cmake)
-- Found PythonLibs: /usr/lib/x86_64-linux-gnu/libpython3.10.so (found suitable version "3.10.12", minimum required is "3.5")
-- Using PYTHON_EXECUTABLE: /usr/bin/python3
-- Using PYTHON_INCLUDE_DIRS: /usr/include/python3.10
-- Using PYTHON_LIBRARIES: /usr/lib/x86_64-linux-gnu/libpython3.10.so
-- Found PythonExtra: .so
-- Added test 'lint_cmake' to check CMake code style
-- Added test 'xmllint' to check XML markup files
-- Configuring done (2.0s)
-- Generating done (0.0s)
-- Build files have been written to: /root/ros2_ws/build/task4
[  3%] [1m[34mGenerating C code for ROS interfaces[0m
[  6%] [1m[34mGenerating C++ code for ROS interfaces[0m
[  9%] [1m[34mGenerating Rust code for ROS interfaces[0m
[  9%] Built target ament_cmake_python_copy_task4
running egg_info
creating task4.egg-info
writing task4.egg-info/PKG-INFO
writing dependency_links to task4.egg-info/dependency_links.txt
writing top-level names to task4.egg-info/top_level.txt
writing manifest file 'task4.egg-info/SOURCES.txt'
reading manifest file 'task4.egg-info/SOURCES.txt'
writing manifest file 'task4.egg-info/SOURCES.txt'
[  9%] Built target task4__rs
[  9%] Built target ament_cmake_python_build_task4_egg
[ 12%] [32mBuilding C object CMakeFiles/task4__rosidl_generator_c.dir/rosidl_generator_c/task4/action/detail/count_down__functions.c.o[0m
[ 12%] Built target task4__cpp
[ 15%] [1m[34mGenerating C++ type support dispatch for ROS interfaces[0m
[ 18%] [1m[34mGenerating C++ type support for eProsima Fast-RTPS[0m
[ 21%] [1m[34mGenerating C++ introspection for ROS interfaces[0m
[ 25%] [1m[32mLinking C shared library libtask4__rosidl_generator_c.so[0m
[ 25%] Built target task4__rosidl_generator_c
[ 28%] [1m[34mGenerating C type support for eProsima Fast-RTPS[0m
[ 31%] [1m[34mGenerating C type support dispatch for ROS interfaces[0m
[ 34%] [1m[34mGenerating C introspection for ROS interfaces[0m
[ 37%] [32mBuilding CXX object CMakeFiles/task4__rosidl_typesupport_cpp.dir/rosidl_typesupport_cpp/task4/action/count_down__type_support.cpp.o[0m
[ 40%] [32mBuilding CXX object CMakeFiles/task4__rosidl_typesupport_introspection_cpp.dir/rosidl_typesupport_introspection_cpp/task4/action/detail/count_down__type_support.cpp.o[0m
[ 43%] [32mBuilding CXX object CMakeFiles/task4__rosidl_typesupport_fastrtps_cpp.dir/rosidl_typesupport_fastrtps_cpp/task4/action/detail/dds_fastrtps/count_down__type_support.cpp.o[0m
[ 46%] [32mBuilding CXX object CMakeFiles/task4__rosidl_typesupport_c.dir/rosidl_typesupport_c/task4/action/count_down__type_support.cpp.o[0m
[ 50%] [1m[32mLinking CXX shared library libtask4__rosidl_typesupport_c.so[0m
[ 53%] [32mBuilding C object CMakeFiles/task4__rosidl_typesupport_introspection_c.dir/rosidl_typesupport_introspection_c/task4/action/detail/count_down__type_support.c.o[0m
[ 56%] [32mBuilding CXX object CMakeFiles/task4__rosidl_typesupport_fastrtps_c.dir/rosidl_typesupport_fastrtps_c/task4/action/detail/count_down__type_support_c.cpp.o[0m
[ 56%] Built target task4__rosidl_typesupport_c
[ 59%] [1m[32mLinking C shared library libtask4__rosidl_typesupport_introspection_c.so[0m
[ 59%] Built target task4__rosidl_typesupport_introspection_c
[ 62%] [1m[32mLinking CXX shared library libtask4__rosidl_typesupport_cpp.so[0m
[ 62%] Built target task4__rosidl_typesupport_cpp
[ 65%] [1m[32mLinking CXX shared library libtask4__rosidl_typesupport_introspection_cpp.so[0m
[ 68%] [1m[32mLinking CXX shared library libtask4__rosidl_typesupport_fastrtps_cpp.so[0m
[ 71%] [1m[32mLinking CXX shared library libtask4__rosidl_typesupport_fastrtps_c.so[0m
[ 71%] Built target task4__rosidl_typesupport_introspection_cpp
[ 71%] Built target task4__rosidl_typesupport_fastrtps_cpp
[ 71%] Built target task4__rosidl_typesupport_fastrtps_c
[ 71%] Built target task4
[ 75%] [1m[34mGenerating Python code for ROS interfaces[0m
[ 75%] Built target task4__py
[ 78%] [32mBuilding C object CMakeFiles/task4__rosidl_generator_py.dir/rosidl_generator_py/task4/action/_count_down_s.c.o[0m
[ 81%] [1m[32mLinking C shared library rosidl_generator_py/task4/libtask4__rosidl_generator_py.so[0m
[ 81%] Built target task4__rosidl_generator_py
[ 84%] [32mBuilding C object CMakeFiles/task4__rosidl_typesupport_introspection_c__pyext.dir/rosidl_generator_py/task4/_task4_s.ep.rosidl_typesupport_introspection_c.c.o[0m
[ 90%] [32mBuilding C object CMakeFiles/task4__rosidl_typesupport_c__pyext.dir/rosidl_generator_py/task4/_task4_s.ep.rosidl_typesupport_c.c.o[0m
[ 90%] [32mBuilding C object CMakeFiles/task4__rosidl_typesupport_fastrtps_c__pyext.dir/rosidl_generator_py/task4/_task4_s.ep.rosidl_typesupport_fastrtps_c.c.o[0m
[ 93%] [1m[32mLinking C shared library rosidl_generator_py/task4/task4_s__rosidl_typesupport_introspection_c.cpython-310-x86_64-linux-gnu.so[0m
[ 96%] [1m[32mLinking C shared library rosidl_generator_py/task4/task4_s__rosidl_typesupport_c.cpython-310-x86_64-linux-gnu.so[0m
[100%] [1m[32mLinking C shared library rosidl_generator_py/task4/task4_s__rosidl_typesupport_fastrtps_c.cpython-310-x86_64-linux-gnu.so[0m
[100%] Built target task4__rosidl_typesupport_introspection_c__pyext
[100%] Built target task4__rosidl_typesupport_c__pyext
[100%] Built target task4__rosidl_typesupport_fastrtps_c__pyext
-- Install configuration: ""
-- Installing: /root/ros2_ws/install/task4/share/ament_index/resource_index/rosidl_interfaces/task4
-- Installing: /root/ros2_ws/install/task4/include/task4/task4
-- Installing: /root/ros2_ws/install/task4/include/task4/task4/msg
-- Installing: /root/ros2_ws/install/task4/include/task4/task4/msg/rosidl_generator_c__visibility_control.h
-- Installing: /root/ros2_ws/install/task4/include/task4/task4/action
-- Installing: /root/ros2_ws/install/task4/include/task4/task4/action/detail
-- Installing: /root/ros2_ws/install/task4/include/task4/task4/action/detail/count_down__type_support.h
-- Installing: /root/ros2_ws/install/task4/include/task4/task4/action/detail/count_down__struct.h
-- Installing: /root/ros2_ws/install/task4/include/task4/task4/action/detail/count_down__functions.c
-- Installing: /root/ros2_ws/install/task4/include/task4/task4/action/detail/count_down__functions.h
-- Installing: /root/ros2_ws/install/task4/include/task4/task4/action/count_down.h
-- Installing: /root/ros2_ws/install/task4/share/task4/environment/library_path.sh
-- Installing: /root/ros2_ws/install/task4/share/task4/environment/library_path.dsv
-- Installing: /root/ros2_ws/install/task4/lib/libtask4__rosidl_generator_c.so
-- Set non-toolchain portion of runtime path of "/root/ros2_ws/install/task4/lib/libtask4__rosidl_generator_c.so" to ""
-- Up-to-date: /root/ros2_ws/install/task4/include/task4/task4
-- Up-to-date: /root/ros2_ws/install/task4/include/task4/task4/msg
-- Installing: /root/ros2_ws/install/task4/include/task4/task4/msg/rosidl_typesupport_fastrtps_c__visibility_control.h
-- Up-to-date: /root/ros2_ws/install/task4/include/task4/task4/action
-- Up-to-date: /root/ros2_ws/install/task4/include/task4/task4/action/detail
-- Installing: /root/ros2_ws/install/task4/include/task4/task4/action/detail/count_down__rosidl_typesupport_fastrtps_c.h
-- Installing: /root/ros2_ws/install/task4/lib/libtask4__rosidl_typesupport_fastrtps_c.so
-- Set non-toolchain portion of runtime path of "/root/ros2_ws/install/task4/lib/libtask4__rosidl_typesupport_fastrtps_c.so" to ""
-- Up-to-date: /root/ros2_ws/install/task4/include/task4/task4
-- Up-to-date: /root/ros2_ws/install/task4/include/task4/task4/msg
-- Installing: /root/ros2_ws/install/task4/include/task4/task4/msg/rosidl_typesupport_introspection_c__visibility_control.h
-- Up-to-date: /root/ros2_ws/install/task4/include/task4/task4/action
-- Up-to-date: /root/ros2_ws/install/task4/include/task4/task4/action/detail
-- Installing: /root/ros2_ws/install/task4/include/task4/task4/action/detail/count_down__type_support.c
-- Installing: /root/ros2_ws/install/task4/include/task4/task4/action/detail/count_down__rosidl_typesupport_introspection_c.h
-- Installing: /root/ros2_ws/install/task4/lib/libtask4__rosidl_typesupport_introspection_c.so
-- Set non-toolchain portion of runtime path of "/root/ros2_ws/install/task4/lib/libtask4__rosidl_typesupport_introspection_c.so" to ""
-- Installing: /root/ros2_ws/install/task4/lib/libtask4__rosidl_typesupport_c.so
-- Set non-toolchain portion of runtime path of "/root/ros2_ws/install/task4/lib/libtask4__rosidl_typesupport_c.so" to ""
-- Up-to-date: /root/ros2_ws/install/task4/include/task4/task4
-- Up-to-date: /root/ros2_ws/install/task4/include/task4/task4/msg
-- Installing: /root/ros2_ws/install/task4/include/task4/task4/msg/rosidl_generator_cpp__visibility_control.hpp
-- Up-to-date: /root/ros2_ws/install/task4/include/task4/task4/action
-- Up-to-date: /root/ros2_ws/install/task4/include/task4/task4/action/detail
-- Installing: /root/ros2_ws/install/task4/include/task4/task4/action/detail/count_down__traits.hpp
-- Installing: /root/ros2_ws/install/task4/include/task4/task4/action/detail/count_down__builder.hpp
-- Installing: /root/ros2_ws/install/task4/include/task4/task4/action/detail/count_down__struct.hpp
-- Installing: /root/ros2_ws/install/task4/include/task4/task4/action/detail/count_down__type_support.hpp
-- Installing: /root/ros2_ws/install/task4/include/task4/task4/action/count_down.hpp
-- Up-to-date: /root/ros2_ws/install/task4/include/task4/task4
-- Up-to-date: /root/ros2_ws/install/task4/include/task4/task4/msg
-- Installing: /root/ros2_ws/install/task4/include/task4/task4/msg/rosidl_typesupport_fastrtps_cpp__visibility_control.h
-- Up-to-date: /root/ros2_ws/install/task4/include/task4/task4/action
-- Up-to-date: /root/ros2_ws/install/task4/include/task4/task4/action/detail
-- Installing: /root/ros2_ws/install/task4/include/task4/task4/action/detail/count_down__rosidl_typesupport_fastrtps_cpp.hpp
-- Installing: /root/ros2_ws/install/task4/include/task4/task4/action/detail/dds_fastrtps
-- Installing: /root/ros2_ws/install/task4/lib/libtask4__rosidl_typesupport_fastrtps_cpp.so
-- Set non-toolchain portion of runtime path of "/root/ros2_ws/install/task4/lib/libtask4__rosidl_typesupport_fastrtps_cpp.so" to ""
-- Up-to-date: /root/ros2_ws/install/task4/include/task4/task4
-- Up-to-date: /root/ros2_ws/install/task4/include/task4/task4/action
-- Up-to-date: /root/ros2_ws/install/task4/include/task4/task4/action/detail
-- Installing: /root/ros2_ws/install/task4/include/task4/task4/action/detail/count_down__type_support.cpp
-- Installing: /root/ros2_ws/install/task4/include/task4/task4/action/detail/count_down__rosidl_typesupport_introspection_cpp.hpp
-- Installing: /root/ros2_ws/install/task4/lib/libtask4__rosidl_typesupport_introspection_cpp.so
-- Set non-toolchain portion of runtime path of "/root/ros2_ws/install/task4/lib/libtask4__rosidl_typesupport_introspection_cpp.so" to ""
-- Installing: /root/ros2_ws/install/task4/lib/libtask4__rosidl_typesupport_cpp.so
-- Set non-toolchain portion of runtime path of "/root/ros2_ws/install/task4/lib/libtask4__rosidl_typesupport_cpp.so" to ""
-- Installing: /root/ros2_ws/install/task4/share/task4/environment/pythonpath.sh
-- Installing: /root/ros2_ws/install/task4/share/task4/environment/pythonpath.dsv
-- Installing: /root/ros2_ws/install/task4/local/lib/python3.10/dist-packages/task4-0.0.0-py3.10.egg-info
-- Installing: /root/ros2_ws/install/task4/local/lib/python3.10/dist-packages/task4-0.0.0-py3.10.egg-info/PKG-INFO
-- Installing: /root/ros2_ws/install/task4/local/lib/python3.10/dist-packages/task4-0.0.0-py3.10.egg-info/top_level.txt
-- Installing: /root/ros2_ws/install/task4/local/lib/python3.10/dist-packages/task4-0.0.0-py3.10.egg-info/dependency_links.txt
-- Installing: /root/ros2_ws/install/task4/local/lib/python3.10/dist-packages/task4-0.0.0-py3.10.egg-info/SOURCES.txt
-- Installing: /root/ros2_ws/install/task4/local/lib/python3.10/dist-packages/task4
-- Installing: /root/ros2_ws/install/task4/local/lib/python3.10/dist-packages/task4/_task4_s.ep.rosidl_typesupport_fastrtps_c.c
-- Installing: /root/ros2_ws/install/task4/local/lib/python3.10/dist-packages/task4/_task4_s.ep.rosidl_typesupport_introspection_c.c
-- Installing: /root/ros2_ws/install/task4/local/lib/python3.10/dist-packages/task4/task4_s__rosidl_typesupport_fastrtps_c.cpython-310-x86_64-linux-gnu.so
-- Installing: /root/ros2_ws/install/task4/local/lib/python3.10/dist-packages/task4/task4_s__rosidl_typesupport_introspection_c.cpython-310-x86_64-linux-gnu.so
-- Installing: /root/ros2_ws/install/task4/local/lib/python3.10/dist-packages/task4/action
-- Installing: /root/ros2_ws/install/task4/local/lib/python3.10/dist-packages/task4/action/_count_down_s.c
-- Installing: /root/ros2_ws/install/task4/local/lib/python3.10/dist-packages/task4/action/_count_down.py
-- Installing: /root/ros2_ws/install/task4/local/lib/python3.10/dist-packages/task4/action/__init__.py
-- Installing: /root/ros2_ws/install/task4/local/lib/python3.10/dist-packages/task4/task4_s__rosidl_typesupport_c.cpython-310-x86_64-linux-gnu.so
-- Installing: /root/ros2_ws/install/task4/local/lib/python3.10/dist-packages/task4/__init__.py
-- Installing: /root/ros2_ws/install/task4/local/lib/python3.10/dist-packages/task4/_task4_s.ep.rosidl_typesupport_c.c
-- Installing: /root/ros2_ws/install/task4/local/lib/python3.10/dist-packages/task4/libtask4__rosidl_generator_py.so
Listing '/root/ros2_ws/install/task4/local/lib/python3.10/dist-packages/task4'...
Compiling '/root/ros2_ws/install/task4/local/lib/python3.10/dist-packages/task4/__init__.py'...
Listing '/root/ros2_ws/install/task4/local/lib/python3.10/dist-packages/task4/action'...
Compiling '/root/ros2_ws/install/task4/local/lib/python3.10/dist-packages/task4/action/__init__.py'...
Compiling '/root/ros2_ws/install/task4/local/lib/python3.10/dist-packages/task4/action/_count_down.py'...
-- Installing: /root/ros2_ws/install/task4/local/lib/python3.10/dist-packages/task4/task4_s__rosidl_typesupport_fastrtps_c.cpython-310-x86_64-linux-gnu.so
-- Set non-toolchain portion of runtime path of "/root/ros2_ws/install/task4/local/lib/python3.10/dist-packages/task4/task4_s__rosidl_typesupport_fastrtps_c.cpython-310-x86_64-linux-gnu.so" to ""
-- Installing: /root/ros2_ws/install/task4/local/lib/python3.10/dist-packages/task4/task4_s__rosidl_typesupport_introspection_c.cpython-310-x86_64-linux-gnu.so
-- Set non-toolchain portion of runtime path of "/root/ros2_ws/install/task4/local/lib/python3.10/dist-packages/task4/task4_s__rosidl_typesupport_introspection_c.cpython-310-x86_64-linux-gnu.so" to ""
-- Installing: /root/ros2_ws/install/task4/local/lib/python3.10/dist-packages/task4/task4_s__rosidl_typesupport_c.cpython-310-x86_64-linux-gnu.so
-- Set non-toolchain portion of runtime path of "/root/ros2_ws/install/task4/local/lib/python3.10/dist-packages/task4/task4_s__rosidl_typesupport_c.cpython-310-x86_64-linux-gnu.so" to ""
-- Installing: /root/ros2_ws/install/task4/lib/libtask4__rosidl_generator_py.so
-- Set non-toolchain portion of runtime path of "/root/ros2_ws/install/task4/lib/libtask4__rosidl_generator_py.so" to ""
-- Installing: /root/ros2_ws/install/task4/share/ament_index/resource_index/rust_packages/task4
-- Installing: /root/ros2_ws/install/task4/share/task4/rust
-- Installing: /root/ros2_ws/install/task4/share/task4/rust/Cargo.toml
-- Installing: /root/ros2_ws/install/task4/share/task4/rust/src
-- Installing: /root/ros2_ws/install/task4/share/task4/rust/src/action
-- Installing: /root/ros2_ws/install/task4/share/task4/rust/src/action/rmw.rs
-- Installing: /root/ros2_ws/install/task4/share/task4/rust/src/action.rs
-- Installing: /root/ros2_ws/install/task4/share/task4/rust/src/lib.rs
-- Installing: /root/ros2_ws/install/task4/share/task4/rust/build.rs
-- Installing: /root/ros2_ws/install/task4/share/task4/action/CountDown.idl
-- Installing: /root/ros2_ws/install/task4/share/task4/action/CountDown.action
-- Installing: /root/ros2_ws/install/task4/share/ament_index/resource_index/package_run_dependencies/task4
-- Installing: /root/ros2_ws/install/task4/share/ament_index/resource_index/parent_prefix_path/task4
-- Installing: /root/ros2_ws/install/task4/share/task4/environment/ament_prefix_path.sh
-- Installing: /root/ros2_ws/install/task4/share/task4/environment/ament_prefix_path.dsv
-- Installing: /root/ros2_ws/install/task4/share/task4/environment/path.sh
-- Installing: /root/ros2_ws/install/task4/share/task4/environment/path.dsv
-- Installing: /root/ros2_ws/install/task4/share/task4/local_setup.bash
-- Installing: /root/ros2_ws/install/task4/share/task4/local_setup.sh
-- Installing: /root/ros2_ws/install/task4/share/task4/local_setup.zsh
-- Installing: /root/ros2_ws/install/task4/share/task4/local_setup.dsv
-- Installing: /root/ros2_ws/install/task4/share/task4/package.dsv
-- Installing: /root/ros2_ws/install/task4/share/ament_index/resource_index/packages/task4
-- Installing: /root/ros2_ws/install/task4/share/task4/cmake/export_task4__rosidl_generator_cExport.cmake
-- Installing: /root/ros2_ws/install/task4/share/task4/cmake/export_task4__rosidl_generator_cExport-noconfig.cmake
-- Installing: /root/ros2_ws/install/task4/share/task4/cmake/export_task4__rosidl_typesupport_fastrtps_cExport.cmake
-- Installing: /root/ros2_ws/install/task4/share/task4/cmake/export_task4__rosidl_typesupport_fastrtps_cExport-noconfig.cmake
-- Installing: /root/ros2_ws/install/task4/share/task4/cmake/task4__rosidl_typesupport_introspection_cExport.cmake
-- Installing: /root/ros2_ws/install/task4/share/task4/cmake/task4__rosidl_typesupport_introspection_cExport-noconfig.cmake
-- Installing: /root/ros2_ws/install/task4/share/task4/cmake/task4__rosidl_typesupport_cExport.cmake
-- Installing: /root/ros2_ws/install/task4/share/task4/cmake/task4__rosidl_typesupport_cExport-noconfig.cmake
-- Installing: /root/ros2_ws/install/task4/share/task4/cmake/export_task4__rosidl_generator_cppExport.cmake
-- Installing: /root/ros2_ws/install/task4/share/task4/cmake/export_task4__rosidl_typesupport_fastrtps_cppExport.cmake
-- Installing: /root/ros2_ws/install/task4/share/task4/cmake/export_task4__rosidl_typesupport_fastrtps_cppExport-noconfig.cmake
-- Installing: /root/ros2_ws/install/task4/share/task4/cmake/task4__rosidl_typesupport_introspection_cppExport.cmake
-- Installing: /root/ros2_ws/install/task4/share/task4/cmake/task4__rosidl_typesupport_introspection_cppExport-noconfig.cmake
-- Installing: /root/ros2_ws/install/task4/share/task4/cmake/task4__rosidl_typesupport_cppExport.cmake
-- Installing: /root/ros2_ws/install/task4/share/task4/cmake/task4__rosidl_typesupport_cppExport-noconfig.cmake
-- Installing: /root/ros2_ws/install/task4/share/task4/cmake/export_task4__rosidl_generator_pyExport.cmake
-- Installing: /root/ros2_ws/install/task4/share/task4/cmake/export_task4__rosidl_generator_pyExport-noconfig.cmake
-- Installing: /root/ros2_ws/install/task4/share/task4/cmake/rosidl_cmake-extras.cmake
-- Installing: /root/ros2_ws/install/task4/share/task4/cmake/ament_cmake_export_dependencies-extras.cmake
-- Installing: /root/ros2_ws/install/task4/share/task4/cmake/ament_cmake_export_include_directories-extras.cmake
-- Installing: /root/ros2_ws/install/task4/share/task4/cmake/ament_cmake_export_libraries-extras.cmake
-- Installing: /root/ros2_ws/install/task4/share/task4/cmake/ament_cmake_export_targets-extras.cmake
-- Installing: /root/ros2_ws/install/task4/share/task4/cmake/rosidl_cmake_export_typesupport_targets-extras.cmake
-- Installing: /root/ros2_ws/install/task4/share/task4/cmake/rosidl_cmake_export_typesupport_libraries-extras.cmake
-- Installing: /root/ros2_ws/install/task4/share/task4/cmake/task4Config.cmake
-- Installing: /root/ros2_ws/install/task4/share/task4/cmake/task4Config-version.cmake
-- Installing: /root/ros2_ws/install/task4/share/task4/package.xml
