[0.398s] Invoking command in '/root/ros2_ws/build/task4': CMAKE_PREFIX_PATH=${CMAKE_PREFIX_PATH}:/root/ros2_ws/install/task3_tester:/root/ros2_ws/install/task2_tester:/root/ros2_ws/install/task1:/root/ros2_ws/install/py_srvcli:/root/ros2_ws/install/py_pubsub:/root/ros2_ws/install/my_action_pkg:/root/ros2_ws/install/launch_testing_examples:/root/ros2_ws/install/examples_rclpy_pointcloud_publisher:/root/ros2_ws/install/examples_rclpy_minimal_subscriber:/root/ros2_ws/install/examples_rclpy_minimal_service:/root/ros2_ws/install/examples_rclpy_minimal_publisher:/root/ros2_ws/install/examples_rclpy_minimal_client:/root/ros2_ws/install/examples_rclpy_minimal_action_server:/root/ros2_ws/install/examples_rclpy_minimal_action_client:/root/ros2_ws/install/examples_rclpy_guard_conditions:/root/ros2_ws/install/examples_rclpy_executors:/root/ros2_ws/src/task1/install/task1:/opt/ros/humble /usr/bin/cmake /root/ros2_ws/src/task4 -DCMAKE_INSTALL_PREFIX=/root/ros2_ws/install/task4
[0.405s] [0mCMake Deprecation Warning at CMakeLists.txt:1 (cmake_minimum_required):
[0.405s]   Compatibility with CMake < 3.10 will be removed from a future version of
[0.405s]   CMake.
[0.405s] 
[0.405s]   Update the VERSION argument <min> value.  Or, use the <min>...<max> syntax
[0.405s]   to tell CMake that the project requires at least <min> but has been updated
[0.405s]   to work with policies introduced by <max> or earlier.
[0.405s] 
[0.405s] [0m
[0.409s] -- Found ament_cmake: 1.3.14 (/opt/ros/humble/share/ament_cmake/cmake)
[0.598s] -- Found ament_lint_auto: 0.12.15 (/opt/ros/humble/share/ament_lint_auto/cmake)
[0.643s] -- Found rosidl_default_generators: 1.2.1 (/opt/ros/humble/share/rosidl_default_generators/cmake)
[0.646s] -- Using all available rosidl_typesupport_c: rosidl_typesupport_fastrtps_c;rosidl_typesupport_introspection_c
[0.648s] -- Found rosidl_adapter: 3.1.8 (/opt/ros/humble/share/rosidl_adapter/cmake)
[0.671s] -- Using all available rosidl_typesupport_cpp: rosidl_typesupport_fastrtps_cpp;rosidl_typesupport_introspection_cpp
[1.049s] -- Found ament_cmake_ros: 0.10.0 (/opt/ros/humble/share/ament_cmake_ros/cmake)
[1.480s] -- Using all available rosidl_typesupport_c: rosidl_typesupport_fastrtps_c;rosidl_typesupport_introspection_c
[2.086s] -- Using all available rosidl_typesupport_cpp: rosidl_typesupport_fastrtps_cpp;rosidl_typesupport_introspection_cpp
[2.087s] [33mCMake Warning (dev) at /opt/ros/humble/share/rosidl_generator_py/cmake/rosidl_generator_py_generate_interfaces.cmake:20 (find_package):
[2.087s]   Policy CMP0148 is not set: The FindPythonInterp and FindPythonLibs modules
[2.087s]   are removed.  Run "cmake --help-policy CMP0148" for policy details.  Use
[2.087s]   the cmake_policy command to set the policy and suppress this warning.
[2.087s] 
[2.088s] Call Stack (most recent call first):
[2.088s]   /opt/ros/humble/share/ament_cmake_core/cmake/core/ament_execute_extensions.cmake:48 (include)
[2.088s]   /opt/ros/humble/share/rosidl_cmake/cmake/rosidl_generate_interfaces.cmake:286 (ament_execute_extensions)
[2.088s]   CMakeLists.txt:27 (rosidl_generate_interfaces)
[2.088s] This warning is for project developers.  Use -Wno-dev to suppress it.
[2.088s] [0m
[2.109s] -- Found PythonInterp: /usr/bin/python3 (found suitable version "3.10.12", minimum required is "3.6")
[2.112s] -- Found python_cmake_module: 0.10.0 (/opt/ros/humble/share/python_cmake_module/cmake)
[2.113s] [33mCMake Warning (dev) at /opt/ros/humble/share/python_cmake_module/cmake/Modules/FindPythonExtra.cmake:52 (find_package):
[2.113s]   Policy CMP0148 is not set: The FindPythonInterp and FindPythonLibs modules
[2.113s]   are removed.  Run "cmake --help-policy CMP0148" for policy details.  Use
[2.113s]   the cmake_policy command to set the policy and suppress this warning.
[2.113s] 
[2.113s] Call Stack (most recent call first):
[2.113s]   /opt/ros/humble/share/rosidl_generator_py/cmake/rosidl_generator_py_generate_interfaces.cmake:23 (find_package)
[2.113s]   /opt/ros/humble/share/ament_cmake_core/cmake/core/ament_execute_extensions.cmake:48 (include)
[2.113s]   /opt/ros/humble/share/rosidl_cmake/cmake/rosidl_generate_interfaces.cmake:286 (ament_execute_extensions)
[2.113s]   CMakeLists.txt:27 (rosidl_generate_interfaces)
[2.113s] This warning is for project developers.  Use -Wno-dev to suppress it.
[2.113s] [0m
[2.139s] [33mCMake Warning (dev) at /opt/ros/humble/share/python_cmake_module/cmake/Modules/FindPythonExtra.cmake:140 (find_package):
[2.139s]   Policy CMP0148 is not set: The FindPythonInterp and FindPythonLibs modules
[2.139s]   are removed.  Run "cmake --help-policy CMP0148" for policy details.  Use
[2.139s]   the cmake_policy command to set the policy and suppress this warning.
[2.139s] 
[2.139s] Call Stack (most recent call first):
[2.139s]   /opt/ros/humble/share/rosidl_generator_py/cmake/rosidl_generator_py_generate_interfaces.cmake:23 (find_package)
[2.139s]   /opt/ros/humble/share/ament_cmake_core/cmake/core/ament_execute_extensions.cmake:48 (include)
[2.139s]   /opt/ros/humble/share/rosidl_cmake/cmake/rosidl_generate_interfaces.cmake:286 (ament_execute_extensions)
[2.140s]   CMakeLists.txt:27 (rosidl_generate_interfaces)
[2.140s] This warning is for project developers.  Use -Wno-dev to suppress it.
[2.140s] [0m
[2.145s] -- Found PythonLibs: /usr/lib/x86_64-linux-gnu/libpython3.10.so (found suitable version "3.10.12", minimum required is "3.5")
[2.145s] -- Using PYTHON_EXECUTABLE: /usr/bin/python3
[2.145s] -- Using PYTHON_INCLUDE_DIRS: /usr/include/python3.10
[2.145s] -- Using PYTHON_LIBRARIES: /usr/lib/x86_64-linux-gnu/libpython3.10.so
[2.172s] -- Found PythonExtra: .so
[2.361s] -- Added test 'lint_cmake' to check CMake code style
[2.362s] -- Added test 'xmllint' to check XML markup files
[2.366s] -- Configuring done (2.0s)
[2.393s] -- Generating done (0.0s)
[2.405s] -- Build files have been written to: /root/ros2_ws/build/task4
[2.410s] Invoked command in '/root/ros2_ws/build/task4' returned '0': CMAKE_PREFIX_PATH=${CMAKE_PREFIX_PATH}:/root/ros2_ws/install/task3_tester:/root/ros2_ws/install/task2_tester:/root/ros2_ws/install/task1:/root/ros2_ws/install/py_srvcli:/root/ros2_ws/install/py_pubsub:/root/ros2_ws/install/my_action_pkg:/root/ros2_ws/install/launch_testing_examples:/root/ros2_ws/install/examples_rclpy_pointcloud_publisher:/root/ros2_ws/install/examples_rclpy_minimal_subscriber:/root/ros2_ws/install/examples_rclpy_minimal_service:/root/ros2_ws/install/examples_rclpy_minimal_publisher:/root/ros2_ws/install/examples_rclpy_minimal_client:/root/ros2_ws/install/examples_rclpy_minimal_action_server:/root/ros2_ws/install/examples_rclpy_minimal_action_client:/root/ros2_ws/install/examples_rclpy_guard_conditions:/root/ros2_ws/install/examples_rclpy_executors:/root/ros2_ws/src/task1/install/task1:/opt/ros/humble /usr/bin/cmake /root/ros2_ws/src/task4 -DCMAKE_INSTALL_PREFIX=/root/ros2_ws/install/task4
[2.411s] Invoking command in '/root/ros2_ws/build/task4': CMAKE_PREFIX_PATH=${CMAKE_PREFIX_PATH}:/root/ros2_ws/install/task3_tester:/root/ros2_ws/install/task2_tester:/root/ros2_ws/install/task1:/root/ros2_ws/install/py_srvcli:/root/ros2_ws/install/py_pubsub:/root/ros2_ws/install/my_action_pkg:/root/ros2_ws/install/launch_testing_examples:/root/ros2_ws/install/examples_rclpy_pointcloud_publisher:/root/ros2_ws/install/examples_rclpy_minimal_subscriber:/root/ros2_ws/install/examples_rclpy_minimal_service:/root/ros2_ws/install/examples_rclpy_minimal_publisher:/root/ros2_ws/install/examples_rclpy_minimal_client:/root/ros2_ws/install/examples_rclpy_minimal_action_server:/root/ros2_ws/install/examples_rclpy_minimal_action_client:/root/ros2_ws/install/examples_rclpy_guard_conditions:/root/ros2_ws/install/examples_rclpy_executors:/root/ros2_ws/src/task1/install/task1:/opt/ros/humble /usr/bin/cmake --build /root/ros2_ws/build/task4 -- -j28 -l28
[2.437s] [  3%] [1m[34mGenerating C code for ROS interfaces[0m
[2.444s] [  6%] [1m[34mGenerating C++ code for ROS interfaces[0m
[2.445s] [  9%] [1m[34mGenerating Rust code for ROS interfaces[0m
[2.450s] [  9%] Built target ament_cmake_python_copy_task4
[2.603s] running egg_info
[2.603s] creating task4.egg-info
[2.603s] writing task4.egg-info/PKG-INFO
[2.603s] writing dependency_links to task4.egg-info/dependency_links.txt
[2.603s] writing top-level names to task4.egg-info/top_level.txt
[2.604s] writing manifest file 'task4.egg-info/SOURCES.txt'
[2.605s] reading manifest file 'task4.egg-info/SOURCES.txt'
[2.605s] writing manifest file 'task4.egg-info/SOURCES.txt'
[2.618s] [  9%] Built target task4__rs
[2.620s] [  9%] Built target ament_cmake_python_build_task4_egg
[2.695s] [ 12%] [32mBuilding C object CMakeFiles/task4__rosidl_generator_c.dir/rosidl_generator_c/task4/action/detail/count_down__functions.c.o[0m
[2.707s] [ 12%] Built target task4__cpp
[2.712s] [ 15%] [1m[34mGenerating C++ type support dispatch for ROS interfaces[0m
[2.712s] [ 18%] [1m[34mGenerating C++ type support for eProsima Fast-RTPS[0m
[2.713s] [ 21%] [1m[34mGenerating C++ introspection for ROS interfaces[0m
[2.785s] [ 25%] [1m[32mLinking C shared library libtask4__rosidl_generator_c.so[0m
[2.810s] [ 25%] Built target task4__rosidl_generator_c
[2.815s] [ 28%] [1m[34mGenerating C type support for eProsima Fast-RTPS[0m
[2.815s] [ 31%] [1m[34mGenerating C type support dispatch for ROS interfaces[0m
[2.816s] [ 34%] [1m[34mGenerating C introspection for ROS interfaces[0m
[2.893s] [ 37%] [32mBuilding CXX object CMakeFiles/task4__rosidl_typesupport_cpp.dir/rosidl_typesupport_cpp/task4/action/count_down__type_support.cpp.o[0m
[2.913s] [ 40%] [32mBuilding CXX object CMakeFiles/task4__rosidl_typesupport_introspection_cpp.dir/rosidl_typesupport_introspection_cpp/task4/action/detail/count_down__type_support.cpp.o[0m
[2.949s] [ 43%] [32mBuilding CXX object CMakeFiles/task4__rosidl_typesupport_fastrtps_cpp.dir/rosidl_typesupport_fastrtps_cpp/task4/action/detail/dds_fastrtps/count_down__type_support.cpp.o[0m
[2.990s] [ 46%] [32mBuilding CXX object CMakeFiles/task4__rosidl_typesupport_c.dir/rosidl_typesupport_c/task4/action/count_down__type_support.cpp.o[0m
[3.022s] [ 50%] [1m[32mLinking CXX shared library libtask4__rosidl_typesupport_c.so[0m
[3.033s] [ 53%] [32mBuilding C object CMakeFiles/task4__rosidl_typesupport_introspection_c.dir/rosidl_typesupport_introspection_c/task4/action/detail/count_down__type_support.c.o[0m
[3.044s] [ 56%] [32mBuilding CXX object CMakeFiles/task4__rosidl_typesupport_fastrtps_c.dir/rosidl_typesupport_fastrtps_c/task4/action/detail/count_down__type_support_c.cpp.o[0m
[3.053s] [ 56%] Built target task4__rosidl_typesupport_c
[3.069s] [ 59%] [1m[32mLinking C shared library libtask4__rosidl_typesupport_introspection_c.so[0m
[3.088s] [ 59%] Built target task4__rosidl_typesupport_introspection_c
[3.151s] [ 62%] [1m[32mLinking CXX shared library libtask4__rosidl_typesupport_cpp.so[0m
[3.176s] [ 62%] Built target task4__rosidl_typesupport_cpp
[3.238s] [ 65%] [1m[32mLinking CXX shared library libtask4__rosidl_typesupport_introspection_cpp.so[0m
[3.258s] [ 68%] [1m[32mLinking CXX shared library libtask4__rosidl_typesupport_fastrtps_cpp.so[0m
[3.281s] [ 71%] [1m[32mLinking CXX shared library libtask4__rosidl_typesupport_fastrtps_c.so[0m
[3.282s] [ 71%] Built target task4__rosidl_typesupport_introspection_cpp
[3.306s] [ 71%] Built target task4__rosidl_typesupport_fastrtps_cpp
[3.327s] [ 71%] Built target task4__rosidl_typesupport_fastrtps_c
[3.338s] [ 71%] Built target task4
[3.355s] [ 75%] [1m[34mGenerating Python code for ROS interfaces[0m
[3.764s] [ 75%] Built target task4__py
[3.775s] [ 78%] [32mBuilding C object CMakeFiles/task4__rosidl_generator_py.dir/rosidl_generator_py/task4/action/_count_down_s.c.o[0m
[3.870s] [ 81%] [1m[32mLinking C shared library rosidl_generator_py/task4/libtask4__rosidl_generator_py.so[0m
[3.906s] [ 81%] Built target task4__rosidl_generator_py
[3.920s] [ 84%] [32mBuilding C object CMakeFiles/task4__rosidl_typesupport_introspection_c__pyext.dir/rosidl_generator_py/task4/_task4_s.ep.rosidl_typesupport_introspection_c.c.o[0m
[3.921s] [ 90%] [32mBuilding C object CMakeFiles/task4__rosidl_typesupport_c__pyext.dir/rosidl_generator_py/task4/_task4_s.ep.rosidl_typesupport_c.c.o[0m
[3.921s] [ 90%] [32mBuilding C object CMakeFiles/task4__rosidl_typesupport_fastrtps_c__pyext.dir/rosidl_generator_py/task4/_task4_s.ep.rosidl_typesupport_fastrtps_c.c.o[0m
[4.001s] [ 93%] [1m[32mLinking C shared library rosidl_generator_py/task4/task4_s__rosidl_typesupport_introspection_c.cpython-310-x86_64-linux-gnu.so[0m
[4.003s] [ 96%] [1m[32mLinking C shared library rosidl_generator_py/task4/task4_s__rosidl_typesupport_c.cpython-310-x86_64-linux-gnu.so[0m
[4.007s] [100%] [1m[32mLinking C shared library rosidl_generator_py/task4/task4_s__rosidl_typesupport_fastrtps_c.cpython-310-x86_64-linux-gnu.so[0m
[4.027s] [100%] Built target task4__rosidl_typesupport_introspection_c__pyext
[4.033s] [100%] Built target task4__rosidl_typesupport_c__pyext
[4.036s] [100%] Built target task4__rosidl_typesupport_fastrtps_c__pyext
[4.044s] Invoked command in '/root/ros2_ws/build/task4' returned '0': CMAKE_PREFIX_PATH=${CMAKE_PREFIX_PATH}:/root/ros2_ws/install/task3_tester:/root/ros2_ws/install/task2_tester:/root/ros2_ws/install/task1:/root/ros2_ws/install/py_srvcli:/root/ros2_ws/install/py_pubsub:/root/ros2_ws/install/my_action_pkg:/root/ros2_ws/install/launch_testing_examples:/root/ros2_ws/install/examples_rclpy_pointcloud_publisher:/root/ros2_ws/install/examples_rclpy_minimal_subscriber:/root/ros2_ws/install/examples_rclpy_minimal_service:/root/ros2_ws/install/examples_rclpy_minimal_publisher:/root/ros2_ws/install/examples_rclpy_minimal_client:/root/ros2_ws/install/examples_rclpy_minimal_action_server:/root/ros2_ws/install/examples_rclpy_minimal_action_client:/root/ros2_ws/install/examples_rclpy_guard_conditions:/root/ros2_ws/install/examples_rclpy_executors:/root/ros2_ws/src/task1/install/task1:/opt/ros/humble /usr/bin/cmake --build /root/ros2_ws/build/task4 -- -j28 -l28
[4.046s] Invoking command in '/root/ros2_ws/build/task4': CMAKE_PREFIX_PATH=${CMAKE_PREFIX_PATH}:/root/ros2_ws/install/task3_tester:/root/ros2_ws/install/task2_tester:/root/ros2_ws/install/task1:/root/ros2_ws/install/py_srvcli:/root/ros2_ws/install/py_pubsub:/root/ros2_ws/install/my_action_pkg:/root/ros2_ws/install/launch_testing_examples:/root/ros2_ws/install/examples_rclpy_pointcloud_publisher:/root/ros2_ws/install/examples_rclpy_minimal_subscriber:/root/ros2_ws/install/examples_rclpy_minimal_service:/root/ros2_ws/install/examples_rclpy_minimal_publisher:/root/ros2_ws/install/examples_rclpy_minimal_client:/root/ros2_ws/install/examples_rclpy_minimal_action_server:/root/ros2_ws/install/examples_rclpy_minimal_action_client:/root/ros2_ws/install/examples_rclpy_guard_conditions:/root/ros2_ws/install/examples_rclpy_executors:/root/ros2_ws/src/task1/install/task1:/opt/ros/humble /usr/bin/cmake --install /root/ros2_ws/build/task4
[4.052s] -- Install configuration: ""
[4.052s] -- Installing: /root/ros2_ws/install/task4/share/ament_index/resource_index/rosidl_interfaces/task4
[4.052s] -- Installing: /root/ros2_ws/install/task4/include/task4/task4
[4.052s] -- Installing: /root/ros2_ws/install/task4/include/task4/task4/msg
[4.052s] -- Installing: /root/ros2_ws/install/task4/include/task4/task4/msg/rosidl_generator_c__visibility_control.h
[4.052s] -- Installing: /root/ros2_ws/install/task4/include/task4/task4/action
[4.053s] -- Installing: /root/ros2_ws/install/task4/include/task4/task4/action/detail
[4.053s] -- Installing: /root/ros2_ws/install/task4/include/task4/task4/action/detail/count_down__type_support.h
[4.053s] -- Installing: /root/ros2_ws/install/task4/include/task4/task4/action/detail/count_down__struct.h
[4.053s] -- Installing: /root/ros2_ws/install/task4/include/task4/task4/action/detail/count_down__functions.c
[4.053s] -- Installing: /root/ros2_ws/install/task4/include/task4/task4/action/detail/count_down__functions.h
[4.053s] -- Installing: /root/ros2_ws/install/task4/include/task4/task4/action/count_down.h
[4.053s] -- Installing: /root/ros2_ws/install/task4/share/task4/environment/library_path.sh
[4.053s] -- Installing: /root/ros2_ws/install/task4/share/task4/environment/library_path.dsv
[4.054s] -- Installing: /root/ros2_ws/install/task4/lib/libtask4__rosidl_generator_c.so
[4.054s] -- Set non-toolchain portion of runtime path of "/root/ros2_ws/install/task4/lib/libtask4__rosidl_generator_c.so" to ""
[4.054s] -- Up-to-date: /root/ros2_ws/install/task4/include/task4/task4
[4.054s] -- Up-to-date: /root/ros2_ws/install/task4/include/task4/task4/msg
[4.054s] -- Installing: /root/ros2_ws/install/task4/include/task4/task4/msg/rosidl_typesupport_fastrtps_c__visibility_control.h
[4.054s] -- Up-to-date: /root/ros2_ws/install/task4/include/task4/task4/action
[4.054s] -- Up-to-date: /root/ros2_ws/install/task4/include/task4/task4/action/detail
[4.055s] -- Installing: /root/ros2_ws/install/task4/include/task4/task4/action/detail/count_down__rosidl_typesupport_fastrtps_c.h
[4.055s] -- Installing: /root/ros2_ws/install/task4/lib/libtask4__rosidl_typesupport_fastrtps_c.so
[4.055s] -- Set non-toolchain portion of runtime path of "/root/ros2_ws/install/task4/lib/libtask4__rosidl_typesupport_fastrtps_c.so" to ""
[4.055s] -- Up-to-date: /root/ros2_ws/install/task4/include/task4/task4
[4.055s] -- Up-to-date: /root/ros2_ws/install/task4/include/task4/task4/msg
[4.055s] -- Installing: /root/ros2_ws/install/task4/include/task4/task4/msg/rosidl_typesupport_introspection_c__visibility_control.h
[4.055s] -- Up-to-date: /root/ros2_ws/install/task4/include/task4/task4/action
[4.056s] -- Up-to-date: /root/ros2_ws/install/task4/include/task4/task4/action/detail
[4.056s] -- Installing: /root/ros2_ws/install/task4/include/task4/task4/action/detail/count_down__type_support.c
[4.056s] -- Installing: /root/ros2_ws/install/task4/include/task4/task4/action/detail/count_down__rosidl_typesupport_introspection_c.h
[4.056s] -- Installing: /root/ros2_ws/install/task4/lib/libtask4__rosidl_typesupport_introspection_c.so
[4.056s] -- Set non-toolchain portion of runtime path of "/root/ros2_ws/install/task4/lib/libtask4__rosidl_typesupport_introspection_c.so" to ""
[4.056s] -- Installing: /root/ros2_ws/install/task4/lib/libtask4__rosidl_typesupport_c.so
[4.056s] -- Set non-toolchain portion of runtime path of "/root/ros2_ws/install/task4/lib/libtask4__rosidl_typesupport_c.so" to ""
[4.057s] -- Up-to-date: /root/ros2_ws/install/task4/include/task4/task4
[4.057s] -- Up-to-date: /root/ros2_ws/install/task4/include/task4/task4/msg
[4.057s] -- Installing: /root/ros2_ws/install/task4/include/task4/task4/msg/rosidl_generator_cpp__visibility_control.hpp
[4.057s] -- Up-to-date: /root/ros2_ws/install/task4/include/task4/task4/action
[4.057s] -- Up-to-date: /root/ros2_ws/install/task4/include/task4/task4/action/detail
[4.057s] -- Installing: /root/ros2_ws/install/task4/include/task4/task4/action/detail/count_down__traits.hpp
[4.057s] -- Installing: /root/ros2_ws/install/task4/include/task4/task4/action/detail/count_down__builder.hpp
[4.057s] -- Installing: /root/ros2_ws/install/task4/include/task4/task4/action/detail/count_down__struct.hpp
[4.058s] -- Installing: /root/ros2_ws/install/task4/include/task4/task4/action/detail/count_down__type_support.hpp
[4.058s] -- Installing: /root/ros2_ws/install/task4/include/task4/task4/action/count_down.hpp
[4.058s] -- Up-to-date: /root/ros2_ws/install/task4/include/task4/task4
[4.058s] -- Up-to-date: /root/ros2_ws/install/task4/include/task4/task4/msg
[4.058s] -- Installing: /root/ros2_ws/install/task4/include/task4/task4/msg/rosidl_typesupport_fastrtps_cpp__visibility_control.h
[4.058s] -- Up-to-date: /root/ros2_ws/install/task4/include/task4/task4/action
[4.058s] -- Up-to-date: /root/ros2_ws/install/task4/include/task4/task4/action/detail
[4.058s] -- Installing: /root/ros2_ws/install/task4/include/task4/task4/action/detail/count_down__rosidl_typesupport_fastrtps_cpp.hpp
[4.059s] -- Installing: /root/ros2_ws/install/task4/include/task4/task4/action/detail/dds_fastrtps
[4.059s] -- Installing: /root/ros2_ws/install/task4/lib/libtask4__rosidl_typesupport_fastrtps_cpp.so
[4.059s] -- Set non-toolchain portion of runtime path of "/root/ros2_ws/install/task4/lib/libtask4__rosidl_typesupport_fastrtps_cpp.so" to ""
[4.059s] -- Up-to-date: /root/ros2_ws/install/task4/include/task4/task4
[4.059s] -- Up-to-date: /root/ros2_ws/install/task4/include/task4/task4/action
[4.059s] -- Up-to-date: /root/ros2_ws/install/task4/include/task4/task4/action/detail
[4.059s] -- Installing: /root/ros2_ws/install/task4/include/task4/task4/action/detail/count_down__type_support.cpp
[4.059s] -- Installing: /root/ros2_ws/install/task4/include/task4/task4/action/detail/count_down__rosidl_typesupport_introspection_cpp.hpp
[4.059s] -- Installing: /root/ros2_ws/install/task4/lib/libtask4__rosidl_typesupport_introspection_cpp.so
[4.059s] -- Set non-toolchain portion of runtime path of "/root/ros2_ws/install/task4/lib/libtask4__rosidl_typesupport_introspection_cpp.so" to ""
[4.060s] -- Installing: /root/ros2_ws/install/task4/lib/libtask4__rosidl_typesupport_cpp.so
[4.060s] -- Set non-toolchain portion of runtime path of "/root/ros2_ws/install/task4/lib/libtask4__rosidl_typesupport_cpp.so" to ""
[4.060s] -- Installing: /root/ros2_ws/install/task4/share/task4/environment/pythonpath.sh
[4.060s] -- Installing: /root/ros2_ws/install/task4/share/task4/environment/pythonpath.dsv
[4.060s] -- Installing: /root/ros2_ws/install/task4/local/lib/python3.10/dist-packages/task4-0.0.0-py3.10.egg-info
[4.060s] -- Installing: /root/ros2_ws/install/task4/local/lib/python3.10/dist-packages/task4-0.0.0-py3.10.egg-info/PKG-INFO
[4.060s] -- Installing: /root/ros2_ws/install/task4/local/lib/python3.10/dist-packages/task4-0.0.0-py3.10.egg-info/top_level.txt
[4.060s] -- Installing: /root/ros2_ws/install/task4/local/lib/python3.10/dist-packages/task4-0.0.0-py3.10.egg-info/dependency_links.txt
[4.060s] -- Installing: /root/ros2_ws/install/task4/local/lib/python3.10/dist-packages/task4-0.0.0-py3.10.egg-info/SOURCES.txt
[4.060s] -- Installing: /root/ros2_ws/install/task4/local/lib/python3.10/dist-packages/task4
[4.060s] -- Installing: /root/ros2_ws/install/task4/local/lib/python3.10/dist-packages/task4/_task4_s.ep.rosidl_typesupport_fastrtps_c.c
[4.060s] -- Installing: /root/ros2_ws/install/task4/local/lib/python3.10/dist-packages/task4/_task4_s.ep.rosidl_typesupport_introspection_c.c
[4.061s] -- Installing: /root/ros2_ws/install/task4/local/lib/python3.10/dist-packages/task4/task4_s__rosidl_typesupport_fastrtps_c.cpython-310-x86_64-linux-gnu.so
[4.061s] -- Installing: /root/ros2_ws/install/task4/local/lib/python3.10/dist-packages/task4/task4_s__rosidl_typesupport_introspection_c.cpython-310-x86_64-linux-gnu.so
[4.061s] -- Installing: /root/ros2_ws/install/task4/local/lib/python3.10/dist-packages/task4/action
[4.061s] -- Installing: /root/ros2_ws/install/task4/local/lib/python3.10/dist-packages/task4/action/_count_down_s.c
[4.061s] -- Installing: /root/ros2_ws/install/task4/local/lib/python3.10/dist-packages/task4/action/_count_down.py
[4.061s] -- Installing: /root/ros2_ws/install/task4/local/lib/python3.10/dist-packages/task4/action/__init__.py
[4.061s] -- Installing: /root/ros2_ws/install/task4/local/lib/python3.10/dist-packages/task4/task4_s__rosidl_typesupport_c.cpython-310-x86_64-linux-gnu.so
[4.061s] -- Installing: /root/ros2_ws/install/task4/local/lib/python3.10/dist-packages/task4/__init__.py
[4.061s] -- Installing: /root/ros2_ws/install/task4/local/lib/python3.10/dist-packages/task4/_task4_s.ep.rosidl_typesupport_c.c
[4.061s] -- Installing: /root/ros2_ws/install/task4/local/lib/python3.10/dist-packages/task4/libtask4__rosidl_generator_py.so
[4.105s] Listing '/root/ros2_ws/install/task4/local/lib/python3.10/dist-packages/task4'...
[4.105s] Compiling '/root/ros2_ws/install/task4/local/lib/python3.10/dist-packages/task4/__init__.py'...
[4.105s] Listing '/root/ros2_ws/install/task4/local/lib/python3.10/dist-packages/task4/action'...
[4.105s] Compiling '/root/ros2_ws/install/task4/local/lib/python3.10/dist-packages/task4/action/__init__.py'...
[4.105s] Compiling '/root/ros2_ws/install/task4/local/lib/python3.10/dist-packages/task4/action/_count_down.py'...
[4.108s] -- Installing: /root/ros2_ws/install/task4/local/lib/python3.10/dist-packages/task4/task4_s__rosidl_typesupport_fastrtps_c.cpython-310-x86_64-linux-gnu.so
[4.108s] -- Set non-toolchain portion of runtime path of "/root/ros2_ws/install/task4/local/lib/python3.10/dist-packages/task4/task4_s__rosidl_typesupport_fastrtps_c.cpython-310-x86_64-linux-gnu.so" to ""
[4.108s] -- Installing: /root/ros2_ws/install/task4/local/lib/python3.10/dist-packages/task4/task4_s__rosidl_typesupport_introspection_c.cpython-310-x86_64-linux-gnu.so
[4.108s] -- Set non-toolchain portion of runtime path of "/root/ros2_ws/install/task4/local/lib/python3.10/dist-packages/task4/task4_s__rosidl_typesupport_introspection_c.cpython-310-x86_64-linux-gnu.so" to ""
[4.108s] -- Installing: /root/ros2_ws/install/task4/local/lib/python3.10/dist-packages/task4/task4_s__rosidl_typesupport_c.cpython-310-x86_64-linux-gnu.so
[4.109s] -- Set non-toolchain portion of runtime path of "/root/ros2_ws/install/task4/local/lib/python3.10/dist-packages/task4/task4_s__rosidl_typesupport_c.cpython-310-x86_64-linux-gnu.so" to ""
[4.109s] -- Installing: /root/ros2_ws/install/task4/lib/libtask4__rosidl_generator_py.so
[4.109s] -- Set non-toolchain portion of runtime path of "/root/ros2_ws/install/task4/lib/libtask4__rosidl_generator_py.so" to ""
[4.109s] -- Installing: /root/ros2_ws/install/task4/share/ament_index/resource_index/rust_packages/task4
[4.109s] -- Installing: /root/ros2_ws/install/task4/share/task4/rust
[4.109s] -- Installing: /root/ros2_ws/install/task4/share/task4/rust/Cargo.toml
[4.109s] -- Installing: /root/ros2_ws/install/task4/share/task4/rust/src
[4.109s] -- Installing: /root/ros2_ws/install/task4/share/task4/rust/src/action
[4.109s] -- Installing: /root/ros2_ws/install/task4/share/task4/rust/src/action/rmw.rs
[4.109s] -- Installing: /root/ros2_ws/install/task4/share/task4/rust/src/action.rs
[4.109s] -- Installing: /root/ros2_ws/install/task4/share/task4/rust/src/lib.rs
[4.109s] -- Installing: /root/ros2_ws/install/task4/share/task4/rust/build.rs
[4.109s] -- Installing: /root/ros2_ws/install/task4/share/task4/action/CountDown.idl
[4.109s] -- Installing: /root/ros2_ws/install/task4/share/task4/action/CountDown.action
[4.109s] -- Installing: /root/ros2_ws/install/task4/share/ament_index/resource_index/package_run_dependencies/task4
[4.109s] -- Installing: /root/ros2_ws/install/task4/share/ament_index/resource_index/parent_prefix_path/task4
[4.109s] -- Installing: /root/ros2_ws/install/task4/share/task4/environment/ament_prefix_path.sh
[4.109s] -- Installing: /root/ros2_ws/install/task4/share/task4/environment/ament_prefix_path.dsv
[4.110s] -- Installing: /root/ros2_ws/install/task4/share/task4/environment/path.sh
[4.110s] -- Installing: /root/ros2_ws/install/task4/share/task4/environment/path.dsv
[4.110s] -- Installing: /root/ros2_ws/install/task4/share/task4/local_setup.bash
[4.110s] -- Installing: /root/ros2_ws/install/task4/share/task4/local_setup.sh
[4.110s] -- Installing: /root/ros2_ws/install/task4/share/task4/local_setup.zsh
[4.110s] -- Installing: /root/ros2_ws/install/task4/share/task4/local_setup.dsv
[4.110s] -- Installing: /root/ros2_ws/install/task4/share/task4/package.dsv
[4.110s] -- Installing: /root/ros2_ws/install/task4/share/ament_index/resource_index/packages/task4
[4.110s] -- Installing: /root/ros2_ws/install/task4/share/task4/cmake/export_task4__rosidl_generator_cExport.cmake
[4.110s] -- Installing: /root/ros2_ws/install/task4/share/task4/cmake/export_task4__rosidl_generator_cExport-noconfig.cmake
[4.110s] -- Installing: /root/ros2_ws/install/task4/share/task4/cmake/export_task4__rosidl_typesupport_fastrtps_cExport.cmake
[4.110s] -- Installing: /root/ros2_ws/install/task4/share/task4/cmake/export_task4__rosidl_typesupport_fastrtps_cExport-noconfig.cmake
[4.110s] -- Installing: /root/ros2_ws/install/task4/share/task4/cmake/task4__rosidl_typesupport_introspection_cExport.cmake
[4.110s] -- Installing: /root/ros2_ws/install/task4/share/task4/cmake/task4__rosidl_typesupport_introspection_cExport-noconfig.cmake
[4.110s] -- Installing: /root/ros2_ws/install/task4/share/task4/cmake/task4__rosidl_typesupport_cExport.cmake
[4.110s] -- Installing: /root/ros2_ws/install/task4/share/task4/cmake/task4__rosidl_typesupport_cExport-noconfig.cmake
[4.111s] -- Installing: /root/ros2_ws/install/task4/share/task4/cmake/export_task4__rosidl_generator_cppExport.cmake
[4.111s] -- Installing: /root/ros2_ws/install/task4/share/task4/cmake/export_task4__rosidl_typesupport_fastrtps_cppExport.cmake
[4.111s] -- Installing: /root/ros2_ws/install/task4/share/task4/cmake/export_task4__rosidl_typesupport_fastrtps_cppExport-noconfig.cmake
[4.111s] -- Installing: /root/ros2_ws/install/task4/share/task4/cmake/task4__rosidl_typesupport_introspection_cppExport.cmake
[4.111s] -- Installing: /root/ros2_ws/install/task4/share/task4/cmake/task4__rosidl_typesupport_introspection_cppExport-noconfig.cmake
[4.111s] -- Installing: /root/ros2_ws/install/task4/share/task4/cmake/task4__rosidl_typesupport_cppExport.cmake
[4.111s] -- Installing: /root/ros2_ws/install/task4/share/task4/cmake/task4__rosidl_typesupport_cppExport-noconfig.cmake
[4.111s] -- Installing: /root/ros2_ws/install/task4/share/task4/cmake/export_task4__rosidl_generator_pyExport.cmake
[4.111s] -- Installing: /root/ros2_ws/install/task4/share/task4/cmake/export_task4__rosidl_generator_pyExport-noconfig.cmake
[4.111s] -- Installing: /root/ros2_ws/install/task4/share/task4/cmake/rosidl_cmake-extras.cmake
[4.111s] -- Installing: /root/ros2_ws/install/task4/share/task4/cmake/ament_cmake_export_dependencies-extras.cmake
[4.111s] -- Installing: /root/ros2_ws/install/task4/share/task4/cmake/ament_cmake_export_include_directories-extras.cmake
[4.111s] -- Installing: /root/ros2_ws/install/task4/share/task4/cmake/ament_cmake_export_libraries-extras.cmake
[4.111s] -- Installing: /root/ros2_ws/install/task4/share/task4/cmake/ament_cmake_export_targets-extras.cmake
[4.111s] -- Installing: /root/ros2_ws/install/task4/share/task4/cmake/rosidl_cmake_export_typesupport_targets-extras.cmake
[4.111s] -- Installing: /root/ros2_ws/install/task4/share/task4/cmake/rosidl_cmake_export_typesupport_libraries-extras.cmake
[4.111s] -- Installing: /root/ros2_ws/install/task4/share/task4/cmake/task4Config.cmake
[4.112s] -- Installing: /root/ros2_ws/install/task4/share/task4/cmake/task4Config-version.cmake
[4.112s] -- Installing: /root/ros2_ws/install/task4/share/task4/package.xml
[4.114s] Invoked command in '/root/ros2_ws/build/task4' returned '0': CMAKE_PREFIX_PATH=${CMAKE_PREFIX_PATH}:/root/ros2_ws/install/task3_tester:/root/ros2_ws/install/task2_tester:/root/ros2_ws/install/task1:/root/ros2_ws/install/py_srvcli:/root/ros2_ws/install/py_pubsub:/root/ros2_ws/install/my_action_pkg:/root/ros2_ws/install/launch_testing_examples:/root/ros2_ws/install/examples_rclpy_pointcloud_publisher:/root/ros2_ws/install/examples_rclpy_minimal_subscriber:/root/ros2_ws/install/examples_rclpy_minimal_service:/root/ros2_ws/install/examples_rclpy_minimal_publisher:/root/ros2_ws/install/examples_rclpy_minimal_client:/root/ros2_ws/install/examples_rclpy_minimal_action_server:/root/ros2_ws/install/examples_rclpy_minimal_action_client:/root/ros2_ws/install/examples_rclpy_guard_conditions:/root/ros2_ws/install/examples_rclpy_executors:/root/ros2_ws/src/task1/install/task1:/opt/ros/humble /usr/bin/cmake --install /root/ros2_ws/build/task4
