[0.352s] Invoking command in '/root/ros2_ws/build/task3': CMAKE_PREFIX_PATH=${CMAKE_PREFIX_PATH}:/root/ros2_ws/install/task2_tester:/root/ros2_ws/install/task1:/root/ros2_ws/install/py_srvcli:/root/ros2_ws/install/py_pubsub:/root/ros2_ws/install/my_action_pkg:/root/ros2_ws/install/launch_testing_examples:/root/ros2_ws/install/examples_rclpy_pointcloud_publisher:/root/ros2_ws/install/examples_rclpy_minimal_subscriber:/root/ros2_ws/install/examples_rclpy_minimal_service:/root/ros2_ws/install/examples_rclpy_minimal_publisher:/root/ros2_ws/install/examples_rclpy_minimal_client:/root/ros2_ws/install/examples_rclpy_minimal_action_server:/root/ros2_ws/install/examples_rclpy_minimal_action_client:/root/ros2_ws/install/examples_rclpy_guard_conditions:/root/ros2_ws/install/examples_rclpy_executors:/root/ros2_ws/src/task1/install/task1:/opt/ros/humble /usr/bin/cmake /root/ros2_ws/src/task3 -DCMAKE_INSTALL_PREFIX=/root/ros2_ws/install/task3
[0.361s] [0mCMake Deprecation Warning at CMakeLists.txt:1 (cmake_minimum_required):
[0.361s]   Compatibility with CMake < 3.10 will be removed from a future version of
[0.361s]   CMake.
[0.361s] 
[0.361s]   Update the VERSION argument <min> value.  Or, use the <min>...<max> syntax
[0.361s]   to tell CMake that the project requires at least <min> but has been updated
[0.361s]   to work with policies introduced by <max> or earlier.
[0.361s] 
[0.361s] [0m
[0.401s] -- The C compiler identification is GNU 11.4.0
[0.452s] -- The CXX compiler identification is GNU 11.4.0
[0.456s] -- Detecting C compiler ABI info
[0.508s] -- Detecting C compiler ABI info - done
[0.520s] -- Check for working C compiler: /usr/bin/cc - skipped
[0.520s] -- Detecting C compile features
[0.520s] -- Detecting C compile features - done
[0.531s] -- Detecting CXX compiler ABI info
[0.593s] -- Detecting CXX compiler ABI info - done
[0.604s] -- Check for working CXX compiler: /usr/bin/c++ - skipped
[0.604s] -- Detecting CXX compile features
[0.604s] -- Detecting CXX compile features - done
[0.615s] -- Found ament_cmake: 1.3.14 (/opt/ros/humble/share/ament_cmake/cmake)
[0.748s] -- Found Python3: /usr/bin/python3 (found version "3.10.12") found components: Interpreter
[0.851s] -- Found ament_lint_auto: 0.12.15 (/opt/ros/humble/share/ament_lint_auto/cmake)
[0.940s] -- Found geometry_msgs: 4.9.1 (/opt/ros/humble/share/geometry_msgs/cmake)
[0.989s] -- Found rosidl_generator_c: 3.1.8 (/opt/ros/humble/share/rosidl_generator_c/cmake)
[0.996s] -- Found rosidl_adapter: 3.1.8 (/opt/ros/humble/share/rosidl_adapter/cmake)
[1.007s] -- Found rosidl_generator_cpp: 3.1.8 (/opt/ros/humble/share/rosidl_generator_cpp/cmake)
[1.020s] -- Using all available rosidl_typesupport_c: rosidl_typesupport_fastrtps_c;rosidl_typesupport_introspection_c
[1.038s] -- Using all available rosidl_typesupport_cpp: rosidl_typesupport_fastrtps_cpp;rosidl_typesupport_introspection_cpp
[1.086s] -- Found rosidl_default_generators: 1.2.1 (/opt/ros/humble/share/rosidl_default_generators/cmake)
[1.476s] -- Found ament_cmake_ros: 0.10.0 (/opt/ros/humble/share/ament_cmake_ros/cmake)
[2.340s] -- Using all available rosidl_typesupport_c: rosidl_typesupport_fastrtps_c;rosidl_typesupport_introspection_c
[2.677s] -- Using all available rosidl_typesupport_cpp: rosidl_typesupport_fastrtps_cpp;rosidl_typesupport_introspection_cpp
[2.678s] [33mCMake Warning (dev) at /opt/ros/humble/share/rosidl_generator_py/cmake/rosidl_generator_py_generate_interfaces.cmake:20 (find_package):
[2.679s]   Policy CMP0148 is not set: The FindPythonInterp and FindPythonLibs modules
[2.679s]   are removed.  Run "cmake --help-policy CMP0148" for policy details.  Use
[2.679s]   the cmake_policy command to set the policy and suppress this warning.
[2.679s] 
[2.679s] Call Stack (most recent call first):
[2.679s]   /opt/ros/humble/share/ament_cmake_core/cmake/core/ament_execute_extensions.cmake:48 (include)
[2.679s]   /opt/ros/humble/share/rosidl_cmake/cmake/rosidl_generate_interfaces.cmake:286 (ament_execute_extensions)
[2.679s]   CMakeLists.txt:29 (rosidl_generate_interfaces)
[2.679s] This warning is for project developers.  Use -Wno-dev to suppress it.
[2.679s] [0m
[2.706s] -- Found PythonInterp: /usr/bin/python3 (found suitable version "3.10.12", minimum required is "3.6")
[2.709s] -- Found python_cmake_module: 0.10.0 (/opt/ros/humble/share/python_cmake_module/cmake)
[2.709s] [33mCMake Warning (dev) at /opt/ros/humble/share/python_cmake_module/cmake/Modules/FindPythonExtra.cmake:52 (find_package):
[2.709s]   Policy CMP0148 is not set: The FindPythonInterp and FindPythonLibs modules
[2.709s]   are removed.  Run "cmake --help-policy CMP0148" for policy details.  Use
[2.709s]   the cmake_policy command to set the policy and suppress this warning.
[2.709s] 
[2.710s] Call Stack (most recent call first):
[2.710s]   /opt/ros/humble/share/rosidl_generator_py/cmake/rosidl_generator_py_generate_interfaces.cmake:23 (find_package)
[2.710s]   /opt/ros/humble/share/ament_cmake_core/cmake/core/ament_execute_extensions.cmake:48 (include)
[2.710s]   /opt/ros/humble/share/rosidl_cmake/cmake/rosidl_generate_interfaces.cmake:286 (ament_execute_extensions)
[2.710s]   CMakeLists.txt:29 (rosidl_generate_interfaces)
[2.710s] This warning is for project developers.  Use -Wno-dev to suppress it.
[2.710s] [0m
[2.728s] [33mCMake Warning (dev) at /opt/ros/humble/share/python_cmake_module/cmake/Modules/FindPythonExtra.cmake:140 (find_package):
[2.728s]   Policy CMP0148 is not set: The FindPythonInterp and FindPythonLibs modules
[2.728s]   are removed.  Run "cmake --help-policy CMP0148" for policy details.  Use
[2.728s]   the cmake_policy command to set the policy and suppress this warning.
[2.728s] 
[2.728s] Call Stack (most recent call first):
[2.728s]   /opt/ros/humble/share/rosidl_generator_py/cmake/rosidl_generator_py_generate_interfaces.cmake:23 (find_package)
[2.728s]   /opt/ros/humble/share/ament_cmake_core/cmake/core/ament_execute_extensions.cmake:48 (include)
[2.728s]   /opt/ros/humble/share/rosidl_cmake/cmake/rosidl_generate_interfaces.cmake:286 (ament_execute_extensions)
[2.728s]   CMakeLists.txt:29 (rosidl_generate_interfaces)
[2.728s] This warning is for project developers.  Use -Wno-dev to suppress it.
[2.728s] [0m
[2.733s] -- Found PythonLibs: /usr/lib/x86_64-linux-gnu/libpython3.10.so (found suitable version "3.10.12", minimum required is "3.5")
[2.733s] -- Using PYTHON_EXECUTABLE: /usr/bin/python3
[2.734s] -- Using PYTHON_INCLUDE_DIRS: /usr/include/python3.10
[2.734s] -- Using PYTHON_LIBRARIES: /usr/lib/x86_64-linux-gnu/libpython3.10.so
[2.760s] -- Found PythonExtra: .so
[2.997s] -- Added test 'lint_cmake' to check CMake code style
[2.998s] -- Added test 'xmllint' to check XML markup files
[3.002s] -- Configuring done (2.6s)
[3.034s] -- Generating done (0.0s)
[3.046s] -- Build files have been written to: /root/ros2_ws/build/task3
[3.053s] Invoked command in '/root/ros2_ws/build/task3' returned '0': CMAKE_PREFIX_PATH=${CMAKE_PREFIX_PATH}:/root/ros2_ws/install/task2_tester:/root/ros2_ws/install/task1:/root/ros2_ws/install/py_srvcli:/root/ros2_ws/install/py_pubsub:/root/ros2_ws/install/my_action_pkg:/root/ros2_ws/install/launch_testing_examples:/root/ros2_ws/install/examples_rclpy_pointcloud_publisher:/root/ros2_ws/install/examples_rclpy_minimal_subscriber:/root/ros2_ws/install/examples_rclpy_minimal_service:/root/ros2_ws/install/examples_rclpy_minimal_publisher:/root/ros2_ws/install/examples_rclpy_minimal_client:/root/ros2_ws/install/examples_rclpy_minimal_action_server:/root/ros2_ws/install/examples_rclpy_minimal_action_client:/root/ros2_ws/install/examples_rclpy_guard_conditions:/root/ros2_ws/install/examples_rclpy_executors:/root/ros2_ws/src/task1/install/task1:/opt/ros/humble /usr/bin/cmake /root/ros2_ws/src/task3 -DCMAKE_INSTALL_PREFIX=/root/ros2_ws/install/task3
[3.055s] Invoking command in '/root/ros2_ws/build/task3': CMAKE_PREFIX_PATH=${CMAKE_PREFIX_PATH}:/root/ros2_ws/install/task2_tester:/root/ros2_ws/install/task1:/root/ros2_ws/install/py_srvcli:/root/ros2_ws/install/py_pubsub:/root/ros2_ws/install/my_action_pkg:/root/ros2_ws/install/launch_testing_examples:/root/ros2_ws/install/examples_rclpy_pointcloud_publisher:/root/ros2_ws/install/examples_rclpy_minimal_subscriber:/root/ros2_ws/install/examples_rclpy_minimal_service:/root/ros2_ws/install/examples_rclpy_minimal_publisher:/root/ros2_ws/install/examples_rclpy_minimal_client:/root/ros2_ws/install/examples_rclpy_minimal_action_server:/root/ros2_ws/install/examples_rclpy_minimal_action_client:/root/ros2_ws/install/examples_rclpy_guard_conditions:/root/ros2_ws/install/examples_rclpy_executors:/root/ros2_ws/src/task1/install/task1:/opt/ros/humble /usr/bin/cmake --build /root/ros2_ws/build/task3 -- -j28 -l28
[3.082s] [  3%] [1m[34mGenerating C code for ROS interfaces[0m
[3.088s] [  6%] [1m[34mGenerating Rust code for ROS interfaces[0m
[3.088s] [  9%] [1m[34mGenerating C++ code for ROS interfaces[0m
[3.091s] [  9%] Built target ament_cmake_python_copy_task3
[3.236s] [  9%] Built target task3__rs
[3.249s] running egg_info
[3.249s] creating task3.egg-info
[3.250s] writing task3.egg-info/PKG-INFO
[3.250s] writing dependency_links to task3.egg-info/dependency_links.txt
[3.250s] writing top-level names to task3.egg-info/top_level.txt
[3.250s] writing manifest file 'task3.egg-info/SOURCES.txt'
[3.251s] reading manifest file 'task3.egg-info/SOURCES.txt'
[3.251s] writing manifest file 'task3.egg-info/SOURCES.txt'
[3.260s] [ 12%] [32mBuilding C object CMakeFiles/task3__rosidl_generator_c.dir/rosidl_generator_c/task3/srv/detail/add_two__functions.c.o[0m
[3.265s] [ 12%] Built target ament_cmake_python_build_task3_egg
[3.266s] [ 12%] Built target task3__cpp
[3.271s] [ 18%] [1m[34mGenerating C++ type support for eProsima Fast-RTPS[0m
[3.271s] [ 18%] [1m[34mGenerating C++ introspection for ROS interfaces[0m
[3.271s] [ 21%] [1m[34mGenerating C++ type support dispatch for ROS interfaces[0m
[3.297s] [ 25%] [1m[32mLinking C shared library libtask3__rosidl_generator_c.so[0m
[3.324s] [ 25%] Built target task3__rosidl_generator_c
[3.330s] [ 28%] [1m[34mGenerating C type support for eProsima Fast-RTPS[0m
[3.330s] [ 34%] [1m[34mGenerating C type support dispatch for ROS interfaces[0m
[3.330s] [ 34%] [1m[34mGenerating C introspection for ROS interfaces[0m
[3.423s] [ 37%] [32mBuilding CXX object CMakeFiles/task3__rosidl_typesupport_cpp.dir/rosidl_typesupport_cpp/task3/srv/add_two__type_support.cpp.o[0m
[3.436s] [ 40%] [32mBuilding CXX object CMakeFiles/task3__rosidl_typesupport_introspection_cpp.dir/rosidl_typesupport_introspection_cpp/task3/srv/detail/add_two__type_support.cpp.o[0m
[3.448s] [ 43%] [32mBuilding CXX object CMakeFiles/task3__rosidl_typesupport_fastrtps_cpp.dir/rosidl_typesupport_fastrtps_cpp/task3/srv/detail/dds_fastrtps/add_two__type_support.cpp.o[0m
[3.484s] [ 46%] [32mBuilding CXX object CMakeFiles/task3__rosidl_typesupport_c.dir/rosidl_typesupport_c/task3/srv/add_two__type_support.cpp.o[0m
[3.496s] [ 50%] [32mBuilding C object CMakeFiles/task3__rosidl_typesupport_introspection_c.dir/rosidl_typesupport_introspection_c/task3/srv/detail/add_two__type_support.c.o[0m
[3.499s] [ 53%] [32mBuilding CXX object CMakeFiles/task3__rosidl_typesupport_fastrtps_c.dir/rosidl_typesupport_fastrtps_c/task3/srv/detail/add_two__type_support_c.cpp.o[0m
[3.512s] [ 56%] [1m[32mLinking CXX shared library libtask3__rosidl_typesupport_c.so[0m
[3.523s] [ 59%] [1m[32mLinking C shared library libtask3__rosidl_typesupport_introspection_c.so[0m
[3.544s] [ 59%] Built target task3__rosidl_typesupport_c
[3.544s] [ 59%] Built target task3__rosidl_typesupport_introspection_c
[3.577s] [ 62%] [1m[32mLinking CXX shared library libtask3__rosidl_typesupport_cpp.so[0m
[3.610s] [ 62%] Built target task3__rosidl_typesupport_cpp
[3.652s] [ 65%] [1m[32mLinking CXX shared library libtask3__rosidl_typesupport_introspection_cpp.so[0m
[3.679s] [ 65%] Built target task3__rosidl_typesupport_introspection_cpp
[3.681s] [ 68%] [1m[32mLinking CXX shared library libtask3__rosidl_typesupport_fastrtps_cpp.so[0m
[3.693s] [ 71%] [1m[32mLinking CXX shared library libtask3__rosidl_typesupport_fastrtps_c.so[0m
[3.728s] [ 71%] Built target task3__rosidl_typesupport_fastrtps_cpp
[3.740s] [ 71%] Built target task3__rosidl_typesupport_fastrtps_c
[3.753s] [ 71%] Built target task3
[3.770s] [ 75%] [1m[34mGenerating Python code for ROS interfaces[0m
[3.998s] [ 75%] Built target task3__py
[4.011s] [ 78%] [32mBuilding C object CMakeFiles/task3__rosidl_generator_py.dir/rosidl_generator_py/task3/srv/_add_two_s.c.o[0m
[4.082s] [ 81%] [1m[32mLinking C shared library rosidl_generator_py/task3/libtask3__rosidl_generator_py.so[0m
[4.111s] [ 81%] Built target task3__rosidl_generator_py
[4.129s] [ 84%] [32mBuilding C object CMakeFiles/task3__rosidl_typesupport_fastrtps_c__pyext.dir/rosidl_generator_py/task3/_task3_s.ep.rosidl_typesupport_fastrtps_c.c.o[0m
[4.129s] [ 87%] [32mBuilding C object CMakeFiles/task3__rosidl_typesupport_introspection_c__pyext.dir/rosidl_generator_py/task3/_task3_s.ep.rosidl_typesupport_introspection_c.c.o[0m
[4.129s] [ 90%] [32mBuilding C object CMakeFiles/task3__rosidl_typesupport_c__pyext.dir/rosidl_generator_py/task3/_task3_s.ep.rosidl_typesupport_c.c.o[0m
[4.200s] [ 93%] [1m[32mLinking C shared library rosidl_generator_py/task3/task3_s__rosidl_typesupport_fastrtps_c.cpython-310-x86_64-linux-gnu.so[0m
[4.200s] [ 96%] [1m[32mLinking C shared library rosidl_generator_py/task3/task3_s__rosidl_typesupport_introspection_c.cpython-310-x86_64-linux-gnu.so[0m
[4.201s] [100%] [1m[32mLinking C shared library rosidl_generator_py/task3/task3_s__rosidl_typesupport_c.cpython-310-x86_64-linux-gnu.so[0m
[4.229s] [100%] Built target task3__rosidl_typesupport_fastrtps_c__pyext
[4.231s] [100%] Built target task3__rosidl_typesupport_c__pyext
[4.232s] [100%] Built target task3__rosidl_typesupport_introspection_c__pyext
[4.241s] Invoked command in '/root/ros2_ws/build/task3' returned '0': CMAKE_PREFIX_PATH=${CMAKE_PREFIX_PATH}:/root/ros2_ws/install/task2_tester:/root/ros2_ws/install/task1:/root/ros2_ws/install/py_srvcli:/root/ros2_ws/install/py_pubsub:/root/ros2_ws/install/my_action_pkg:/root/ros2_ws/install/launch_testing_examples:/root/ros2_ws/install/examples_rclpy_pointcloud_publisher:/root/ros2_ws/install/examples_rclpy_minimal_subscriber:/root/ros2_ws/install/examples_rclpy_minimal_service:/root/ros2_ws/install/examples_rclpy_minimal_publisher:/root/ros2_ws/install/examples_rclpy_minimal_client:/root/ros2_ws/install/examples_rclpy_minimal_action_server:/root/ros2_ws/install/examples_rclpy_minimal_action_client:/root/ros2_ws/install/examples_rclpy_guard_conditions:/root/ros2_ws/install/examples_rclpy_executors:/root/ros2_ws/src/task1/install/task1:/opt/ros/humble /usr/bin/cmake --build /root/ros2_ws/build/task3 -- -j28 -l28
[4.244s] Invoking command in '/root/ros2_ws/build/task3': CMAKE_PREFIX_PATH=${CMAKE_PREFIX_PATH}:/root/ros2_ws/install/task2_tester:/root/ros2_ws/install/task1:/root/ros2_ws/install/py_srvcli:/root/ros2_ws/install/py_pubsub:/root/ros2_ws/install/my_action_pkg:/root/ros2_ws/install/launch_testing_examples:/root/ros2_ws/install/examples_rclpy_pointcloud_publisher:/root/ros2_ws/install/examples_rclpy_minimal_subscriber:/root/ros2_ws/install/examples_rclpy_minimal_service:/root/ros2_ws/install/examples_rclpy_minimal_publisher:/root/ros2_ws/install/examples_rclpy_minimal_client:/root/ros2_ws/install/examples_rclpy_minimal_action_server:/root/ros2_ws/install/examples_rclpy_minimal_action_client:/root/ros2_ws/install/examples_rclpy_guard_conditions:/root/ros2_ws/install/examples_rclpy_executors:/root/ros2_ws/src/task1/install/task1:/opt/ros/humble /usr/bin/cmake --install /root/ros2_ws/build/task3
[4.250s] -- Install configuration: ""
[4.251s] -- Installing: /root/ros2_ws/install/task3/share/ament_index/resource_index/rosidl_interfaces/task3
[4.251s] -- Installing: /root/ros2_ws/install/task3/include/task3/task3
[4.251s] -- Installing: /root/ros2_ws/install/task3/include/task3/task3/msg
[4.251s] -- Installing: /root/ros2_ws/install/task3/include/task3/task3/msg/rosidl_generator_c__visibility_control.h
[4.251s] -- Installing: /root/ros2_ws/install/task3/include/task3/task3/srv
[4.252s] -- Installing: /root/ros2_ws/install/task3/include/task3/task3/srv/add_two.h
[4.252s] -- Installing: /root/ros2_ws/install/task3/include/task3/task3/srv/detail
[4.252s] -- Installing: /root/ros2_ws/install/task3/include/task3/task3/srv/detail/add_two__struct.h
[4.252s] -- Installing: /root/ros2_ws/install/task3/include/task3/task3/srv/detail/add_two__functions.h
[4.252s] -- Installing: /root/ros2_ws/install/task3/include/task3/task3/srv/detail/add_two__type_support.h
[4.252s] -- Installing: /root/ros2_ws/install/task3/include/task3/task3/srv/detail/add_two__functions.c
[4.252s] -- Installing: /root/ros2_ws/install/task3/share/task3/environment/library_path.sh
[4.252s] -- Installing: /root/ros2_ws/install/task3/share/task3/environment/library_path.dsv
[4.253s] -- Installing: /root/ros2_ws/install/task3/lib/libtask3__rosidl_generator_c.so
[4.253s] -- Set non-toolchain portion of runtime path of "/root/ros2_ws/install/task3/lib/libtask3__rosidl_generator_c.so" to ""
[4.253s] -- Up-to-date: /root/ros2_ws/install/task3/include/task3/task3
[4.253s] -- Up-to-date: /root/ros2_ws/install/task3/include/task3/task3/msg
[4.253s] -- Installing: /root/ros2_ws/install/task3/include/task3/task3/msg/rosidl_typesupport_fastrtps_c__visibility_control.h
[4.253s] -- Up-to-date: /root/ros2_ws/install/task3/include/task3/task3/srv
[4.254s] -- Up-to-date: /root/ros2_ws/install/task3/include/task3/task3/srv/detail
[4.254s] -- Installing: /root/ros2_ws/install/task3/include/task3/task3/srv/detail/add_two__rosidl_typesupport_fastrtps_c.h
[4.254s] -- Installing: /root/ros2_ws/install/task3/lib/libtask3__rosidl_typesupport_fastrtps_c.so
[4.254s] -- Set non-toolchain portion of runtime path of "/root/ros2_ws/install/task3/lib/libtask3__rosidl_typesupport_fastrtps_c.so" to ""
[4.254s] -- Up-to-date: /root/ros2_ws/install/task3/include/task3/task3
[4.254s] -- Up-to-date: /root/ros2_ws/install/task3/include/task3/task3/msg
[4.254s] -- Installing: /root/ros2_ws/install/task3/include/task3/task3/msg/rosidl_generator_cpp__visibility_control.hpp
[4.254s] -- Up-to-date: /root/ros2_ws/install/task3/include/task3/task3/srv
[4.254s] -- Up-to-date: /root/ros2_ws/install/task3/include/task3/task3/srv/detail
[4.254s] -- Installing: /root/ros2_ws/install/task3/include/task3/task3/srv/detail/add_two__builder.hpp
[4.254s] -- Installing: /root/ros2_ws/install/task3/include/task3/task3/srv/detail/add_two__struct.hpp
[4.255s] -- Installing: /root/ros2_ws/install/task3/include/task3/task3/srv/detail/add_two__traits.hpp
[4.255s] -- Installing: /root/ros2_ws/install/task3/include/task3/task3/srv/detail/add_two__type_support.hpp
[4.255s] -- Installing: /root/ros2_ws/install/task3/include/task3/task3/srv/add_two.hpp
[4.255s] -- Up-to-date: /root/ros2_ws/install/task3/include/task3/task3
[4.255s] -- Up-to-date: /root/ros2_ws/install/task3/include/task3/task3/msg
[4.255s] -- Installing: /root/ros2_ws/install/task3/include/task3/task3/msg/rosidl_typesupport_fastrtps_cpp__visibility_control.h
[4.255s] -- Up-to-date: /root/ros2_ws/install/task3/include/task3/task3/srv
[4.255s] -- Up-to-date: /root/ros2_ws/install/task3/include/task3/task3/srv/detail
[4.255s] -- Installing: /root/ros2_ws/install/task3/include/task3/task3/srv/detail/add_two__rosidl_typesupport_fastrtps_cpp.hpp
[4.255s] -- Installing: /root/ros2_ws/install/task3/include/task3/task3/srv/detail/dds_fastrtps
[4.255s] -- Installing: /root/ros2_ws/install/task3/lib/libtask3__rosidl_typesupport_fastrtps_cpp.so
[4.256s] -- Set non-toolchain portion of runtime path of "/root/ros2_ws/install/task3/lib/libtask3__rosidl_typesupport_fastrtps_cpp.so" to ""
[4.256s] -- Up-to-date: /root/ros2_ws/install/task3/include/task3/task3
[4.256s] -- Up-to-date: /root/ros2_ws/install/task3/include/task3/task3/msg
[4.256s] -- Installing: /root/ros2_ws/install/task3/include/task3/task3/msg/rosidl_typesupport_introspection_c__visibility_control.h
[4.256s] -- Up-to-date: /root/ros2_ws/install/task3/include/task3/task3/srv
[4.256s] -- Up-to-date: /root/ros2_ws/install/task3/include/task3/task3/srv/detail
[4.256s] -- Installing: /root/ros2_ws/install/task3/include/task3/task3/srv/detail/add_two__rosidl_typesupport_introspection_c.h
[4.256s] -- Installing: /root/ros2_ws/install/task3/include/task3/task3/srv/detail/add_two__type_support.c
[4.256s] -- Installing: /root/ros2_ws/install/task3/lib/libtask3__rosidl_typesupport_introspection_c.so
[4.257s] -- Set non-toolchain portion of runtime path of "/root/ros2_ws/install/task3/lib/libtask3__rosidl_typesupport_introspection_c.so" to ""
[4.257s] -- Installing: /root/ros2_ws/install/task3/lib/libtask3__rosidl_typesupport_c.so
[4.257s] -- Set non-toolchain portion of runtime path of "/root/ros2_ws/install/task3/lib/libtask3__rosidl_typesupport_c.so" to ""
[4.257s] -- Up-to-date: /root/ros2_ws/install/task3/include/task3/task3
[4.257s] -- Up-to-date: /root/ros2_ws/install/task3/include/task3/task3/srv
[4.257s] -- Up-to-date: /root/ros2_ws/install/task3/include/task3/task3/srv/detail
[4.257s] -- Installing: /root/ros2_ws/install/task3/include/task3/task3/srv/detail/add_two__type_support.cpp
[4.257s] -- Installing: /root/ros2_ws/install/task3/include/task3/task3/srv/detail/add_two__rosidl_typesupport_introspection_cpp.hpp
[4.257s] -- Installing: /root/ros2_ws/install/task3/lib/libtask3__rosidl_typesupport_introspection_cpp.so
[4.258s] -- Set non-toolchain portion of runtime path of "/root/ros2_ws/install/task3/lib/libtask3__rosidl_typesupport_introspection_cpp.so" to ""
[4.258s] -- Installing: /root/ros2_ws/install/task3/lib/libtask3__rosidl_typesupport_cpp.so
[4.258s] -- Set non-toolchain portion of runtime path of "/root/ros2_ws/install/task3/lib/libtask3__rosidl_typesupport_cpp.so" to ""
[4.258s] -- Installing: /root/ros2_ws/install/task3/share/task3/environment/pythonpath.sh
[4.259s] -- Installing: /root/ros2_ws/install/task3/share/task3/environment/pythonpath.dsv
[4.259s] -- Installing: /root/ros2_ws/install/task3/local/lib/python3.10/dist-packages/task3-0.0.0-py3.10.egg-info
[4.259s] -- Installing: /root/ros2_ws/install/task3/local/lib/python3.10/dist-packages/task3-0.0.0-py3.10.egg-info/PKG-INFO
[4.259s] -- Installing: /root/ros2_ws/install/task3/local/lib/python3.10/dist-packages/task3-0.0.0-py3.10.egg-info/top_level.txt
[4.259s] -- Installing: /root/ros2_ws/install/task3/local/lib/python3.10/dist-packages/task3-0.0.0-py3.10.egg-info/dependency_links.txt
[4.259s] -- Installing: /root/ros2_ws/install/task3/local/lib/python3.10/dist-packages/task3-0.0.0-py3.10.egg-info/SOURCES.txt
[4.260s] -- Installing: /root/ros2_ws/install/task3/local/lib/python3.10/dist-packages/task3
[4.260s] -- Installing: /root/ros2_ws/install/task3/local/lib/python3.10/dist-packages/task3/_task3_s.ep.rosidl_typesupport_c.c
[4.260s] -- Installing: /root/ros2_ws/install/task3/local/lib/python3.10/dist-packages/task3/task3_s__rosidl_typesupport_fastrtps_c.cpython-310-x86_64-linux-gnu.so
[4.260s] -- Installing: /root/ros2_ws/install/task3/local/lib/python3.10/dist-packages/task3/libtask3__rosidl_generator_py.so
[4.260s] -- Installing: /root/ros2_ws/install/task3/local/lib/python3.10/dist-packages/task3/task3_s__rosidl_typesupport_introspection_c.cpython-310-x86_64-linux-gnu.so
[4.261s] -- Installing: /root/ros2_ws/install/task3/local/lib/python3.10/dist-packages/task3/_task3_s.ep.rosidl_typesupport_introspection_c.c
[4.261s] -- Installing: /root/ros2_ws/install/task3/local/lib/python3.10/dist-packages/task3/srv
[4.261s] -- Installing: /root/ros2_ws/install/task3/local/lib/python3.10/dist-packages/task3/srv/_add_two_s.c
[4.261s] -- Installing: /root/ros2_ws/install/task3/local/lib/python3.10/dist-packages/task3/srv/_add_two.py
[4.261s] -- Installing: /root/ros2_ws/install/task3/local/lib/python3.10/dist-packages/task3/srv/__init__.py
[4.261s] -- Installing: /root/ros2_ws/install/task3/local/lib/python3.10/dist-packages/task3/task3_s__rosidl_typesupport_c.cpython-310-x86_64-linux-gnu.so
[4.261s] -- Installing: /root/ros2_ws/install/task3/local/lib/python3.10/dist-packages/task3/_task3_s.ep.rosidl_typesupport_fastrtps_c.c
[4.261s] -- Installing: /root/ros2_ws/install/task3/local/lib/python3.10/dist-packages/task3/__init__.py
[4.307s] Listing '/root/ros2_ws/install/task3/local/lib/python3.10/dist-packages/task3'...
[4.307s] Compiling '/root/ros2_ws/install/task3/local/lib/python3.10/dist-packages/task3/__init__.py'...
[4.307s] Listing '/root/ros2_ws/install/task3/local/lib/python3.10/dist-packages/task3/srv'...
[4.307s] Compiling '/root/ros2_ws/install/task3/local/lib/python3.10/dist-packages/task3/srv/__init__.py'...
[4.307s] Compiling '/root/ros2_ws/install/task3/local/lib/python3.10/dist-packages/task3/srv/_add_two.py'...
[4.310s] -- Installing: /root/ros2_ws/install/task3/local/lib/python3.10/dist-packages/task3/task3_s__rosidl_typesupport_fastrtps_c.cpython-310-x86_64-linux-gnu.so
[4.310s] -- Set non-toolchain portion of runtime path of "/root/ros2_ws/install/task3/local/lib/python3.10/dist-packages/task3/task3_s__rosidl_typesupport_fastrtps_c.cpython-310-x86_64-linux-gnu.so" to ""
[4.310s] -- Installing: /root/ros2_ws/install/task3/local/lib/python3.10/dist-packages/task3/task3_s__rosidl_typesupport_introspection_c.cpython-310-x86_64-linux-gnu.so
[4.311s] -- Set non-toolchain portion of runtime path of "/root/ros2_ws/install/task3/local/lib/python3.10/dist-packages/task3/task3_s__rosidl_typesupport_introspection_c.cpython-310-x86_64-linux-gnu.so" to ""
[4.311s] -- Installing: /root/ros2_ws/install/task3/local/lib/python3.10/dist-packages/task3/task3_s__rosidl_typesupport_c.cpython-310-x86_64-linux-gnu.so
[4.311s] -- Set non-toolchain portion of runtime path of "/root/ros2_ws/install/task3/local/lib/python3.10/dist-packages/task3/task3_s__rosidl_typesupport_c.cpython-310-x86_64-linux-gnu.so" to ""
[4.311s] -- Installing: /root/ros2_ws/install/task3/lib/libtask3__rosidl_generator_py.so
[4.311s] -- Set non-toolchain portion of runtime path of "/root/ros2_ws/install/task3/lib/libtask3__rosidl_generator_py.so" to ""
[4.311s] -- Installing: /root/ros2_ws/install/task3/share/ament_index/resource_index/rust_packages/task3
[4.311s] -- Installing: /root/ros2_ws/install/task3/share/task3/rust
[4.311s] -- Installing: /root/ros2_ws/install/task3/share/task3/rust/Cargo.toml
[4.311s] -- Installing: /root/ros2_ws/install/task3/share/task3/rust/src
[4.311s] -- Installing: /root/ros2_ws/install/task3/share/task3/rust/src/srv
[4.311s] -- Installing: /root/ros2_ws/install/task3/share/task3/rust/src/srv/rmw.rs
[4.311s] -- Installing: /root/ros2_ws/install/task3/share/task3/rust/src/srv.rs
[4.312s] -- Installing: /root/ros2_ws/install/task3/share/task3/rust/src/lib.rs
[4.312s] -- Installing: /root/ros2_ws/install/task3/share/task3/rust/build.rs
[4.312s] -- Installing: /root/ros2_ws/install/task3/share/task3/srv/AddTwo.idl
[4.312s] -- Installing: /root/ros2_ws/install/task3/share/task3/srv/AddTwo.srv
[4.312s] -- Installing: /root/ros2_ws/install/task3/share/task3/srv/AddTwo_Request.msg
[4.312s] -- Installing: /root/ros2_ws/install/task3/share/task3/srv/AddTwo_Response.msg
[4.312s] -- Installing: /root/ros2_ws/install/task3/share/ament_index/resource_index/package_run_dependencies/task3
[4.312s] -- Installing: /root/ros2_ws/install/task3/share/ament_index/resource_index/parent_prefix_path/task3
[4.312s] -- Installing: /root/ros2_ws/install/task3/share/task3/environment/ament_prefix_path.sh
[4.312s] -- Installing: /root/ros2_ws/install/task3/share/task3/environment/ament_prefix_path.dsv
[4.312s] -- Installing: /root/ros2_ws/install/task3/share/task3/environment/path.sh
[4.312s] -- Installing: /root/ros2_ws/install/task3/share/task3/environment/path.dsv
[4.312s] -- Installing: /root/ros2_ws/install/task3/share/task3/local_setup.bash
[4.312s] -- Installing: /root/ros2_ws/install/task3/share/task3/local_setup.sh
[4.313s] -- Installing: /root/ros2_ws/install/task3/share/task3/local_setup.zsh
[4.313s] -- Installing: /root/ros2_ws/install/task3/share/task3/local_setup.dsv
[4.313s] -- Installing: /root/ros2_ws/install/task3/share/task3/package.dsv
[4.313s] -- Installing: /root/ros2_ws/install/task3/share/ament_index/resource_index/packages/task3
[4.313s] -- Installing: /root/ros2_ws/install/task3/share/task3/cmake/export_task3__rosidl_generator_cExport.cmake
[4.313s] -- Installing: /root/ros2_ws/install/task3/share/task3/cmake/export_task3__rosidl_generator_cExport-noconfig.cmake
[4.313s] -- Installing: /root/ros2_ws/install/task3/share/task3/cmake/export_task3__rosidl_typesupport_fastrtps_cExport.cmake
[4.313s] -- Installing: /root/ros2_ws/install/task3/share/task3/cmake/export_task3__rosidl_typesupport_fastrtps_cExport-noconfig.cmake
[4.313s] -- Installing: /root/ros2_ws/install/task3/share/task3/cmake/export_task3__rosidl_generator_cppExport.cmake
[4.313s] -- Installing: /root/ros2_ws/install/task3/share/task3/cmake/export_task3__rosidl_typesupport_fastrtps_cppExport.cmake
[4.313s] -- Installing: /root/ros2_ws/install/task3/share/task3/cmake/export_task3__rosidl_typesupport_fastrtps_cppExport-noconfig.cmake
[4.313s] -- Installing: /root/ros2_ws/install/task3/share/task3/cmake/task3__rosidl_typesupport_introspection_cExport.cmake
[4.313s] -- Installing: /root/ros2_ws/install/task3/share/task3/cmake/task3__rosidl_typesupport_introspection_cExport-noconfig.cmake
[4.313s] -- Installing: /root/ros2_ws/install/task3/share/task3/cmake/task3__rosidl_typesupport_cExport.cmake
[4.314s] -- Installing: /root/ros2_ws/install/task3/share/task3/cmake/task3__rosidl_typesupport_cExport-noconfig.cmake
[4.314s] -- Installing: /root/ros2_ws/install/task3/share/task3/cmake/task3__rosidl_typesupport_introspection_cppExport.cmake
[4.314s] -- Installing: /root/ros2_ws/install/task3/share/task3/cmake/task3__rosidl_typesupport_introspection_cppExport-noconfig.cmake
[4.314s] -- Installing: /root/ros2_ws/install/task3/share/task3/cmake/task3__rosidl_typesupport_cppExport.cmake
[4.314s] -- Installing: /root/ros2_ws/install/task3/share/task3/cmake/task3__rosidl_typesupport_cppExport-noconfig.cmake
[4.314s] -- Installing: /root/ros2_ws/install/task3/share/task3/cmake/export_task3__rosidl_generator_pyExport.cmake
[4.314s] -- Installing: /root/ros2_ws/install/task3/share/task3/cmake/export_task3__rosidl_generator_pyExport-noconfig.cmake
[4.314s] -- Installing: /root/ros2_ws/install/task3/share/task3/cmake/rosidl_cmake-extras.cmake
[4.314s] -- Installing: /root/ros2_ws/install/task3/share/task3/cmake/ament_cmake_export_dependencies-extras.cmake
[4.314s] -- Installing: /root/ros2_ws/install/task3/share/task3/cmake/ament_cmake_export_include_directories-extras.cmake
[4.314s] -- Installing: /root/ros2_ws/install/task3/share/task3/cmake/ament_cmake_export_libraries-extras.cmake
[4.314s] -- Installing: /root/ros2_ws/install/task3/share/task3/cmake/ament_cmake_export_targets-extras.cmake
[4.314s] -- Installing: /root/ros2_ws/install/task3/share/task3/cmake/rosidl_cmake_export_typesupport_targets-extras.cmake
[4.314s] -- Installing: /root/ros2_ws/install/task3/share/task3/cmake/rosidl_cmake_export_typesupport_libraries-extras.cmake
[4.314s] -- Installing: /root/ros2_ws/install/task3/share/task3/cmake/task3Config.cmake
[4.314s] -- Installing: /root/ros2_ws/install/task3/share/task3/cmake/task3Config-version.cmake
[4.315s] -- Installing: /root/ros2_ws/install/task3/share/task3/package.xml
[4.315s] Invoked command in '/root/ros2_ws/build/task3' returned '0': CMAKE_PREFIX_PATH=${CMAKE_PREFIX_PATH}:/root/ros2_ws/install/task2_tester:/root/ros2_ws/install/task1:/root/ros2_ws/install/py_srvcli:/root/ros2_ws/install/py_pubsub:/root/ros2_ws/install/my_action_pkg:/root/ros2_ws/install/launch_testing_examples:/root/ros2_ws/install/examples_rclpy_pointcloud_publisher:/root/ros2_ws/install/examples_rclpy_minimal_subscriber:/root/ros2_ws/install/examples_rclpy_minimal_service:/root/ros2_ws/install/examples_rclpy_minimal_publisher:/root/ros2_ws/install/examples_rclpy_minimal_client:/root/ros2_ws/install/examples_rclpy_minimal_action_server:/root/ros2_ws/install/examples_rclpy_minimal_action_client:/root/ros2_ws/install/examples_rclpy_guard_conditions:/root/ros2_ws/install/examples_rclpy_executors:/root/ros2_ws/src/task1/install/task1:/opt/ros/humble /usr/bin/cmake --install /root/ros2_ws/build/task3
