[4.247s] Invoking command in '/root/ros2_ws/build/examples_rclpy_minimal_action_client': PYTHONPATH=/root/ros2_ws/build/examples_rclpy_minimal_action_client/prefix_override:/usr/lib/python3/dist-packages/colcon_core/task/python/colcon_distutils_commands:/root/ros2_ws/install/examples_rclpy_minimal_action_client/lib/python3.10/site-packages:${PYTHONPATH} /usr/bin/python3 -W ignore:setup.py install is deprecated -W ignore:easy_install command is deprecated setup.py develop --editable --build-directory /root/ros2_ws/build/examples_rclpy_minimal_action_client/build --no-deps symlink_data
[5.000s] running develop
[5.269s] running egg_info
[5.269s] creating examples_rclpy_minimal_action_client.egg-info
[5.269s] writing examples_rclpy_minimal_action_client.egg-info/PKG-INFO
[5.270s] writing dependency_links to examples_rclpy_minimal_action_client.egg-info/dependency_links.txt
[5.270s] writing entry points to examples_rclpy_minimal_action_client.egg-info/entry_points.txt
[5.270s] writing requirements to examples_rclpy_minimal_action_client.egg-info/requires.txt
[5.270s] writing top-level names to examples_rclpy_minimal_action_client.egg-info/top_level.txt
[5.270s] writing manifest file 'examples_rclpy_minimal_action_client.egg-info/SOURCES.txt'
[5.277s] reading manifest file 'examples_rclpy_minimal_action_client.egg-info/SOURCES.txt'
[5.281s] writing manifest file 'examples_rclpy_minimal_action_client.egg-info/SOURCES.txt'
[5.283s] running build_ext
[5.287s] Creating /root/ros2_ws/install/examples_rclpy_minimal_action_client/lib/python3.10/site-packages/examples-rclpy-minimal-action-client.egg-link (link to .)
[5.289s] Installing client script to /root/ros2_ws/install/examples_rclpy_minimal_action_client/lib/examples_rclpy_minimal_action_client
[5.289s] Installing client_asyncio script to /root/ros2_ws/install/examples_rclpy_minimal_action_client/lib/examples_rclpy_minimal_action_client
[5.290s] Installing client_cancel script to /root/ros2_ws/install/examples_rclpy_minimal_action_client/lib/examples_rclpy_minimal_action_client
[5.291s] Installing client_not_composable script to /root/ros2_ws/install/examples_rclpy_minimal_action_client/lib/examples_rclpy_minimal_action_client
[5.291s] 
[5.291s] Installed /root/ros2_ws/build/examples_rclpy_minimal_action_client
[5.291s] running symlink_data
[5.291s] creating /root/ros2_ws/install/examples_rclpy_minimal_action_client/share/ament_index
[5.291s] creating /root/ros2_ws/install/examples_rclpy_minimal_action_client/share/ament_index/resource_index
[5.292s] creating /root/ros2_ws/install/examples_rclpy_minimal_action_client/share/ament_index/resource_index/packages
[5.292s] symbolically linking /root/ros2_ws/build/examples_rclpy_minimal_action_client/resource/examples_rclpy_minimal_action_client -> /root/ros2_ws/install/examples_rclpy_minimal_action_client/share/ament_index/resource_index/packages
[5.292s] symbolically linking /root/ros2_ws/build/examples_rclpy_minimal_action_client/package.xml -> /root/ros2_ws/install/examples_rclpy_minimal_action_client/share/examples_rclpy_minimal_action_client
[5.400s] Invoked command in '/root/ros2_ws/build/examples_rclpy_minimal_action_client' returned '0': PYTHONPATH=/root/ros2_ws/build/examples_rclpy_minimal_action_client/prefix_override:/usr/lib/python3/dist-packages/colcon_core/task/python/colcon_distutils_commands:/root/ros2_ws/install/examples_rclpy_minimal_action_client/lib/python3.10/site-packages:${PYTHONPATH} /usr/bin/python3 -W ignore:setup.py install is deprecated -W ignore:easy_install command is deprecated setup.py develop --editable --build-directory /root/ros2_ws/build/examples_rclpy_minimal_action_client/build --no-deps symlink_data
