[0.696s] Invoking command in '/root/ros2_ws/build/task4': CMAKE_PREFIX_PATH=${CMAKE_PREFIX_PATH}:/root/ros2_ws/install/task5_tester:/root/ros2_ws/install/task4_tester:/root/ros2_ws/install/task3_tester:/root/ros2_ws/install/task2_tester:/root/ros2_ws/install/task1:/root/ros2_ws/install/py_srvcli:/root/ros2_ws/install/py_pubsub:/root/ros2_ws/install/my_action_pkg:/root/ros2_ws/install/launch_testing_examples:/root/ros2_ws/install/examples_rclpy_pointcloud_publisher:/root/ros2_ws/install/examples_rclpy_minimal_subscriber:/root/ros2_ws/install/examples_rclpy_minimal_service:/root/ros2_ws/install/examples_rclpy_minimal_publisher:/root/ros2_ws/install/examples_rclpy_minimal_client:/root/ros2_ws/install/examples_rclpy_minimal_action_server:/root/ros2_ws/install/examples_rclpy_minimal_action_client:/root/ros2_ws/install/examples_rclpy_guard_conditions:/root/ros2_ws/install/examples_rclpy_executors:/root/ros2_ws/src/task1/install/task1:/opt/ros/humble /usr/bin/cmake --build /root/ros2_ws/build/task4 -- -j28 -l28
[0.736s] [  6%] Built target task4__cpp
[0.736s] [  6%] Built target task4__rs
[0.738s] [ 15%] Built target task4__rosidl_generator_c
[0.744s] [ 15%] Built target ament_cmake_python_copy_task4
[0.754s] [ 25%] Built target task4__rosidl_typesupport_cpp
[0.755s] [ 34%] Built target task4__rosidl_typesupport_introspection_cpp
[0.756s] [ 43%] Built target task4__rosidl_typesupport_c
[0.758s] [ 59%] Built target task4__rosidl_typesupport_fastrtps_c
[0.758s] [ 65%] Built target task4__rosidl_typesupport_introspection_c
[0.758s] [ 71%] Built target task4__rosidl_typesupport_fastrtps_cpp
[0.776s] [ 71%] Built target task4
[0.793s] [ 75%] Built target task4__py
[0.813s] [ 81%] Built target task4__rosidl_generator_py
[0.832s] [ 87%] Built target task4__rosidl_typesupport_fastrtps_c__pyext
[0.833s] [100%] Built target task4__rosidl_typesupport_c__pyext
[0.833s] [100%] Built target task4__rosidl_typesupport_introspection_c__pyext
[1.015s] running egg_info
[1.016s] writing task4.egg-info/PKG-INFO
[1.016s] writing dependency_links to task4.egg-info/dependency_links.txt
[1.016s] writing top-level names to task4.egg-info/top_level.txt
[1.019s] reading manifest file 'task4.egg-info/SOURCES.txt'
[1.019s] writing manifest file 'task4.egg-info/SOURCES.txt'
[1.045s] [100%] Built target ament_cmake_python_build_task4_egg
[1.085s] Invoked command in '/root/ros2_ws/build/task4' returned '0': CMAKE_PREFIX_PATH=${CMAKE_PREFIX_PATH}:/root/ros2_ws/install/task5_tester:/root/ros2_ws/install/task4_tester:/root/ros2_ws/install/task3_tester:/root/ros2_ws/install/task2_tester:/root/ros2_ws/install/task1:/root/ros2_ws/install/py_srvcli:/root/ros2_ws/install/py_pubsub:/root/ros2_ws/install/my_action_pkg:/root/ros2_ws/install/launch_testing_examples:/root/ros2_ws/install/examples_rclpy_pointcloud_publisher:/root/ros2_ws/install/examples_rclpy_minimal_subscriber:/root/ros2_ws/install/examples_rclpy_minimal_service:/root/ros2_ws/install/examples_rclpy_minimal_publisher:/root/ros2_ws/install/examples_rclpy_minimal_client:/root/ros2_ws/install/examples_rclpy_minimal_action_server:/root/ros2_ws/install/examples_rclpy_minimal_action_client:/root/ros2_ws/install/examples_rclpy_guard_conditions:/root/ros2_ws/install/examples_rclpy_executors:/root/ros2_ws/src/task1/install/task1:/opt/ros/humble /usr/bin/cmake --build /root/ros2_ws/build/task4 -- -j28 -l28
[1.087s] Invoking command in '/root/ros2_ws/build/task4': CMAKE_PREFIX_PATH=${CMAKE_PREFIX_PATH}:/root/ros2_ws/install/task5_tester:/root/ros2_ws/install/task4_tester:/root/ros2_ws/install/task3_tester:/root/ros2_ws/install/task2_tester:/root/ros2_ws/install/task1:/root/ros2_ws/install/py_srvcli:/root/ros2_ws/install/py_pubsub:/root/ros2_ws/install/my_action_pkg:/root/ros2_ws/install/launch_testing_examples:/root/ros2_ws/install/examples_rclpy_pointcloud_publisher:/root/ros2_ws/install/examples_rclpy_minimal_subscriber:/root/ros2_ws/install/examples_rclpy_minimal_service:/root/ros2_ws/install/examples_rclpy_minimal_publisher:/root/ros2_ws/install/examples_rclpy_minimal_client:/root/ros2_ws/install/examples_rclpy_minimal_action_server:/root/ros2_ws/install/examples_rclpy_minimal_action_client:/root/ros2_ws/install/examples_rclpy_guard_conditions:/root/ros2_ws/install/examples_rclpy_executors:/root/ros2_ws/src/task1/install/task1:/opt/ros/humble /usr/bin/cmake --install /root/ros2_ws/build/task4
[1.093s] -- Install configuration: ""
[1.093s] -- Up-to-date: /root/ros2_ws/install/task4/share/ament_index/resource_index/rosidl_interfaces/task4
[1.093s] -- Up-to-date: /root/ros2_ws/install/task4/include/task4/task4
[1.093s] -- Up-to-date: /root/ros2_ws/install/task4/include/task4/task4/msg
[1.093s] -- Up-to-date: /root/ros2_ws/install/task4/include/task4/task4/msg/rosidl_generator_c__visibility_control.h
[1.093s] -- Up-to-date: /root/ros2_ws/install/task4/include/task4/task4/action
[1.093s] -- Up-to-date: /root/ros2_ws/install/task4/include/task4/task4/action/detail
[1.093s] -- Up-to-date: /root/ros2_ws/install/task4/include/task4/task4/action/detail/count_down__type_support.h
[1.094s] -- Up-to-date: /root/ros2_ws/install/task4/include/task4/task4/action/detail/count_down__struct.h
[1.094s] -- Up-to-date: /root/ros2_ws/install/task4/include/task4/task4/action/detail/count_down__functions.c
[1.094s] -- Up-to-date: /root/ros2_ws/install/task4/include/task4/task4/action/detail/count_down__functions.h
[1.094s] -- Up-to-date: /root/ros2_ws/install/task4/include/task4/task4/action/count_down.h
[1.094s] -- Up-to-date: /root/ros2_ws/install/task4/share/task4/environment/library_path.sh
[1.094s] -- Up-to-date: /root/ros2_ws/install/task4/share/task4/environment/library_path.dsv
[1.094s] -- Up-to-date: /root/ros2_ws/install/task4/lib/libtask4__rosidl_generator_c.so
[1.094s] -- Up-to-date: /root/ros2_ws/install/task4/include/task4/task4
[1.094s] -- Up-to-date: /root/ros2_ws/install/task4/include/task4/task4/msg
[1.094s] -- Up-to-date: /root/ros2_ws/install/task4/include/task4/task4/msg/rosidl_typesupport_fastrtps_c__visibility_control.h
[1.094s] -- Up-to-date: /root/ros2_ws/install/task4/include/task4/task4/action
[1.094s] -- Up-to-date: /root/ros2_ws/install/task4/include/task4/task4/action/detail
[1.094s] -- Up-to-date: /root/ros2_ws/install/task4/include/task4/task4/action/detail/count_down__rosidl_typesupport_fastrtps_c.h
[1.095s] -- Up-to-date: /root/ros2_ws/install/task4/lib/libtask4__rosidl_typesupport_fastrtps_c.so
[1.095s] -- Up-to-date: /root/ros2_ws/install/task4/include/task4/task4
[1.095s] -- Up-to-date: /root/ros2_ws/install/task4/include/task4/task4/msg
[1.095s] -- Up-to-date: /root/ros2_ws/install/task4/include/task4/task4/msg/rosidl_typesupport_introspection_c__visibility_control.h
[1.095s] -- Up-to-date: /root/ros2_ws/install/task4/include/task4/task4/action
[1.095s] -- Up-to-date: /root/ros2_ws/install/task4/include/task4/task4/action/detail
[1.095s] -- Up-to-date: /root/ros2_ws/install/task4/include/task4/task4/action/detail/count_down__type_support.c
[1.095s] -- Up-to-date: /root/ros2_ws/install/task4/include/task4/task4/action/detail/count_down__rosidl_typesupport_introspection_c.h
[1.095s] -- Up-to-date: /root/ros2_ws/install/task4/lib/libtask4__rosidl_typesupport_introspection_c.so
[1.096s] -- Up-to-date: /root/ros2_ws/install/task4/lib/libtask4__rosidl_typesupport_c.so
[1.096s] -- Up-to-date: /root/ros2_ws/install/task4/include/task4/task4
[1.096s] -- Up-to-date: /root/ros2_ws/install/task4/include/task4/task4/msg
[1.096s] -- Up-to-date: /root/ros2_ws/install/task4/include/task4/task4/msg/rosidl_generator_cpp__visibility_control.hpp
[1.096s] -- Up-to-date: /root/ros2_ws/install/task4/include/task4/task4/action
[1.096s] -- Up-to-date: /root/ros2_ws/install/task4/include/task4/task4/action/detail
[1.096s] -- Up-to-date: /root/ros2_ws/install/task4/include/task4/task4/action/detail/count_down__traits.hpp
[1.096s] -- Up-to-date: /root/ros2_ws/install/task4/include/task4/task4/action/detail/count_down__builder.hpp
[1.096s] -- Up-to-date: /root/ros2_ws/install/task4/include/task4/task4/action/detail/count_down__struct.hpp
[1.096s] -- Up-to-date: /root/ros2_ws/install/task4/include/task4/task4/action/detail/count_down__type_support.hpp
[1.096s] -- Up-to-date: /root/ros2_ws/install/task4/include/task4/task4/action/count_down.hpp
[1.096s] -- Up-to-date: /root/ros2_ws/install/task4/include/task4/task4
[1.096s] -- Up-to-date: /root/ros2_ws/install/task4/include/task4/task4/msg
[1.096s] -- Up-to-date: /root/ros2_ws/install/task4/include/task4/task4/msg/rosidl_typesupport_fastrtps_cpp__visibility_control.h
[1.097s] -- Up-to-date: /root/ros2_ws/install/task4/include/task4/task4/action
[1.097s] -- Up-to-date: /root/ros2_ws/install/task4/include/task4/task4/action/detail
[1.097s] -- Up-to-date: /root/ros2_ws/install/task4/include/task4/task4/action/detail/count_down__rosidl_typesupport_fastrtps_cpp.hpp
[1.097s] -- Up-to-date: /root/ros2_ws/install/task4/include/task4/task4/action/detail/dds_fastrtps
[1.097s] -- Up-to-date: /root/ros2_ws/install/task4/lib/libtask4__rosidl_typesupport_fastrtps_cpp.so
[1.097s] -- Up-to-date: /root/ros2_ws/install/task4/include/task4/task4
[1.097s] -- Up-to-date: /root/ros2_ws/install/task4/include/task4/task4/action
[1.097s] -- Up-to-date: /root/ros2_ws/install/task4/include/task4/task4/action/detail
[1.097s] -- Up-to-date: /root/ros2_ws/install/task4/include/task4/task4/action/detail/count_down__type_support.cpp
[1.097s] -- Up-to-date: /root/ros2_ws/install/task4/include/task4/task4/action/detail/count_down__rosidl_typesupport_introspection_cpp.hpp
[1.097s] -- Up-to-date: /root/ros2_ws/install/task4/lib/libtask4__rosidl_typesupport_introspection_cpp.so
[1.097s] -- Up-to-date: /root/ros2_ws/install/task4/lib/libtask4__rosidl_typesupport_cpp.so
[1.098s] -- Up-to-date: /root/ros2_ws/install/task4/share/task4/environment/pythonpath.sh
[1.098s] -- Up-to-date: /root/ros2_ws/install/task4/share/task4/environment/pythonpath.dsv
[1.098s] -- Up-to-date: /root/ros2_ws/install/task4/local/lib/python3.10/dist-packages/task4-0.0.0-py3.10.egg-info
[1.098s] -- Installing: /root/ros2_ws/install/task4/local/lib/python3.10/dist-packages/task4-0.0.0-py3.10.egg-info/PKG-INFO
[1.098s] -- Installing: /root/ros2_ws/install/task4/local/lib/python3.10/dist-packages/task4-0.0.0-py3.10.egg-info/top_level.txt
[1.098s] -- Installing: /root/ros2_ws/install/task4/local/lib/python3.10/dist-packages/task4-0.0.0-py3.10.egg-info/dependency_links.txt
[1.098s] -- Installing: /root/ros2_ws/install/task4/local/lib/python3.10/dist-packages/task4-0.0.0-py3.10.egg-info/SOURCES.txt
[1.098s] -- Up-to-date: /root/ros2_ws/install/task4/local/lib/python3.10/dist-packages/task4
[1.098s] -- Up-to-date: /root/ros2_ws/install/task4/local/lib/python3.10/dist-packages/task4/_task4_s.ep.rosidl_typesupport_fastrtps_c.c
[1.098s] -- Up-to-date: /root/ros2_ws/install/task4/local/lib/python3.10/dist-packages/task4/_task4_s.ep.rosidl_typesupport_introspection_c.c
[1.098s] -- Up-to-date: /root/ros2_ws/install/task4/local/lib/python3.10/dist-packages/task4/task4_s__rosidl_typesupport_fastrtps_c.cpython-310-x86_64-linux-gnu.so
[1.098s] -- Up-to-date: /root/ros2_ws/install/task4/local/lib/python3.10/dist-packages/task4/task4_s__rosidl_typesupport_introspection_c.cpython-310-x86_64-linux-gnu.so
[1.098s] -- Up-to-date: /root/ros2_ws/install/task4/local/lib/python3.10/dist-packages/task4/action
[1.098s] -- Up-to-date: /root/ros2_ws/install/task4/local/lib/python3.10/dist-packages/task4/action/_count_down_s.c
[1.098s] -- Up-to-date: /root/ros2_ws/install/task4/local/lib/python3.10/dist-packages/task4/action/_count_down.py
[1.098s] -- Up-to-date: /root/ros2_ws/install/task4/local/lib/python3.10/dist-packages/task4/action/__init__.py
[1.099s] -- Up-to-date: /root/ros2_ws/install/task4/local/lib/python3.10/dist-packages/task4/task4_s__rosidl_typesupport_c.cpython-310-x86_64-linux-gnu.so
[1.099s] -- Up-to-date: /root/ros2_ws/install/task4/local/lib/python3.10/dist-packages/task4/__init__.py
[1.099s] -- Up-to-date: /root/ros2_ws/install/task4/local/lib/python3.10/dist-packages/task4/_task4_s.ep.rosidl_typesupport_c.c
[1.099s] -- Up-to-date: /root/ros2_ws/install/task4/local/lib/python3.10/dist-packages/task4/libtask4__rosidl_generator_py.so
[1.151s] Listing '/root/ros2_ws/install/task4/local/lib/python3.10/dist-packages/task4'...
[1.152s] Listing '/root/ros2_ws/install/task4/local/lib/python3.10/dist-packages/task4/action'...
[1.156s] -- Up-to-date: /root/ros2_ws/install/task4/local/lib/python3.10/dist-packages/task4/task4_s__rosidl_typesupport_fastrtps_c.cpython-310-x86_64-linux-gnu.so
[1.156s] -- Up-to-date: /root/ros2_ws/install/task4/local/lib/python3.10/dist-packages/task4/task4_s__rosidl_typesupport_introspection_c.cpython-310-x86_64-linux-gnu.so
[1.156s] -- Up-to-date: /root/ros2_ws/install/task4/local/lib/python3.10/dist-packages/task4/task4_s__rosidl_typesupport_c.cpython-310-x86_64-linux-gnu.so
[1.156s] -- Up-to-date: /root/ros2_ws/install/task4/lib/libtask4__rosidl_generator_py.so
[1.156s] -- Up-to-date: /root/ros2_ws/install/task4/share/ament_index/resource_index/rust_packages/task4
[1.156s] -- Up-to-date: /root/ros2_ws/install/task4/share/task4/rust
[1.156s] -- Up-to-date: /root/ros2_ws/install/task4/share/task4/rust/Cargo.toml
[1.157s] -- Up-to-date: /root/ros2_ws/install/task4/share/task4/rust/src
[1.157s] -- Up-to-date: /root/ros2_ws/install/task4/share/task4/rust/src/action
[1.157s] -- Up-to-date: /root/ros2_ws/install/task4/share/task4/rust/src/action/rmw.rs
[1.157s] -- Up-to-date: /root/ros2_ws/install/task4/share/task4/rust/src/action.rs
[1.157s] -- Up-to-date: /root/ros2_ws/install/task4/share/task4/rust/src/lib.rs
[1.157s] -- Up-to-date: /root/ros2_ws/install/task4/share/task4/rust/build.rs
[1.157s] -- Up-to-date: /root/ros2_ws/install/task4/share/task4/action/CountDown.idl
[1.157s] -- Up-to-date: /root/ros2_ws/install/task4/share/task4/action/CountDown.action
[1.157s] -- Up-to-date: /root/ros2_ws/install/task4/share/ament_index/resource_index/package_run_dependencies/task4
[1.157s] -- Up-to-date: /root/ros2_ws/install/task4/share/ament_index/resource_index/parent_prefix_path/task4
[1.157s] -- Up-to-date: /root/ros2_ws/install/task4/share/task4/environment/ament_prefix_path.sh
[1.157s] -- Up-to-date: /root/ros2_ws/install/task4/share/task4/environment/ament_prefix_path.dsv
[1.157s] -- Up-to-date: /root/ros2_ws/install/task4/share/task4/environment/path.sh
[1.157s] -- Up-to-date: /root/ros2_ws/install/task4/share/task4/environment/path.dsv
[1.157s] -- Up-to-date: /root/ros2_ws/install/task4/share/task4/local_setup.bash
[1.157s] -- Up-to-date: /root/ros2_ws/install/task4/share/task4/local_setup.sh
[1.157s] -- Up-to-date: /root/ros2_ws/install/task4/share/task4/local_setup.zsh
[1.158s] -- Up-to-date: /root/ros2_ws/install/task4/share/task4/local_setup.dsv
[1.158s] -- Installing: /root/ros2_ws/install/task4/share/task4/package.dsv
[1.158s] -- Up-to-date: /root/ros2_ws/install/task4/share/ament_index/resource_index/packages/task4
[1.158s] -- Up-to-date: /root/ros2_ws/install/task4/share/task4/cmake/export_task4__rosidl_generator_cExport.cmake
[1.158s] -- Up-to-date: /root/ros2_ws/install/task4/share/task4/cmake/export_task4__rosidl_generator_cExport-noconfig.cmake
[1.158s] -- Up-to-date: /root/ros2_ws/install/task4/share/task4/cmake/export_task4__rosidl_typesupport_fastrtps_cExport.cmake
[1.158s] -- Up-to-date: /root/ros2_ws/install/task4/share/task4/cmake/export_task4__rosidl_typesupport_fastrtps_cExport-noconfig.cmake
[1.159s] -- Up-to-date: /root/ros2_ws/install/task4/share/task4/cmake/task4__rosidl_typesupport_introspection_cExport.cmake
[1.159s] -- Up-to-date: /root/ros2_ws/install/task4/share/task4/cmake/task4__rosidl_typesupport_introspection_cExport-noconfig.cmake
[1.159s] -- Up-to-date: /root/ros2_ws/install/task4/share/task4/cmake/task4__rosidl_typesupport_cExport.cmake
[1.159s] -- Up-to-date: /root/ros2_ws/install/task4/share/task4/cmake/task4__rosidl_typesupport_cExport-noconfig.cmake
[1.159s] -- Up-to-date: /root/ros2_ws/install/task4/share/task4/cmake/export_task4__rosidl_generator_cppExport.cmake
[1.159s] -- Up-to-date: /root/ros2_ws/install/task4/share/task4/cmake/export_task4__rosidl_typesupport_fastrtps_cppExport.cmake
[1.159s] -- Up-to-date: /root/ros2_ws/install/task4/share/task4/cmake/export_task4__rosidl_typesupport_fastrtps_cppExport-noconfig.cmake
[1.159s] -- Up-to-date: /root/ros2_ws/install/task4/share/task4/cmake/task4__rosidl_typesupport_introspection_cppExport.cmake
[1.159s] -- Up-to-date: /root/ros2_ws/install/task4/share/task4/cmake/task4__rosidl_typesupport_introspection_cppExport-noconfig.cmake
[1.159s] -- Up-to-date: /root/ros2_ws/install/task4/share/task4/cmake/task4__rosidl_typesupport_cppExport.cmake
[1.159s] -- Up-to-date: /root/ros2_ws/install/task4/share/task4/cmake/task4__rosidl_typesupport_cppExport-noconfig.cmake
[1.159s] -- Up-to-date: /root/ros2_ws/install/task4/share/task4/cmake/export_task4__rosidl_generator_pyExport.cmake
[1.159s] -- Up-to-date: /root/ros2_ws/install/task4/share/task4/cmake/export_task4__rosidl_generator_pyExport-noconfig.cmake
[1.159s] -- Up-to-date: /root/ros2_ws/install/task4/share/task4/cmake/rosidl_cmake-extras.cmake
[1.159s] -- Up-to-date: /root/ros2_ws/install/task4/share/task4/cmake/ament_cmake_export_dependencies-extras.cmake
[1.159s] -- Up-to-date: /root/ros2_ws/install/task4/share/task4/cmake/ament_cmake_export_include_directories-extras.cmake
[1.159s] -- Up-to-date: /root/ros2_ws/install/task4/share/task4/cmake/ament_cmake_export_libraries-extras.cmake
[1.159s] -- Up-to-date: /root/ros2_ws/install/task4/share/task4/cmake/ament_cmake_export_targets-extras.cmake
[1.159s] -- Up-to-date: /root/ros2_ws/install/task4/share/task4/cmake/rosidl_cmake_export_typesupport_targets-extras.cmake
[1.160s] -- Up-to-date: /root/ros2_ws/install/task4/share/task4/cmake/rosidl_cmake_export_typesupport_libraries-extras.cmake
[1.160s] -- Up-to-date: /root/ros2_ws/install/task4/share/task4/cmake/task4Config.cmake
[1.160s] -- Up-to-date: /root/ros2_ws/install/task4/share/task4/cmake/task4Config-version.cmake
[1.160s] -- Up-to-date: /root/ros2_ws/install/task4/share/task4/package.xml
[1.197s] Invoked command in '/root/ros2_ws/build/task4' returned '0': CMAKE_PREFIX_PATH=${CMAKE_PREFIX_PATH}:/root/ros2_ws/install/task5_tester:/root/ros2_ws/install/task4_tester:/root/ros2_ws/install/task3_tester:/root/ros2_ws/install/task2_tester:/root/ros2_ws/install/task1:/root/ros2_ws/install/py_srvcli:/root/ros2_ws/install/py_pubsub:/root/ros2_ws/install/my_action_pkg:/root/ros2_ws/install/launch_testing_examples:/root/ros2_ws/install/examples_rclpy_pointcloud_publisher:/root/ros2_ws/install/examples_rclpy_minimal_subscriber:/root/ros2_ws/install/examples_rclpy_minimal_service:/root/ros2_ws/install/examples_rclpy_minimal_publisher:/root/ros2_ws/install/examples_rclpy_minimal_client:/root/ros2_ws/install/examples_rclpy_minimal_action_server:/root/ros2_ws/install/examples_rclpy_minimal_action_client:/root/ros2_ws/install/examples_rclpy_guard_conditions:/root/ros2_ws/install/examples_rclpy_executors:/root/ros2_ws/src/task1/install/task1:/opt/ros/humble /usr/bin/cmake --install /root/ros2_ws/build/task4
