/root/ros2_ws/src/task1/install/task1/lib/python3.10/site-packages/task1/processor_node.py
/root/ros2_ws/src/task1/install/task1/lib/python3.10/site-packages/task1/sensor_node.py
/root/ros2_ws/src/task1/install/task1/lib/python3.10/site-packages/task1/logger_node.py
/root/ros2_ws/src/task1/install/task1/lib/python3.10/site-packages/task1/__init__.py
/root/ros2_ws/src/task1/install/task1/lib/python3.10/site-packages/task1/__pycache__/processor_node.cpython-310.pyc
/root/ros2_ws/src/task1/install/task1/lib/python3.10/site-packages/task1/__pycache__/sensor_node.cpython-310.pyc
/root/ros2_ws/src/task1/install/task1/lib/python3.10/site-packages/task1/__pycache__/logger_node.cpython-310.pyc
/root/ros2_ws/src/task1/install/task1/lib/python3.10/site-packages/task1/__pycache__/__init__.cpython-310.pyc
/root/ros2_ws/src/task1/install/task1/share/ament_index/resource_index/packages/task1
/root/ros2_ws/src/task1/install/task1/share/task1/package.xml
/root/ros2_ws/src/task1/install/task1/share/task1/launch
/root/ros2_ws/src/task1/install/task1/lib/python3.10/site-packages/task1-0.0.0-py3.10.egg-info/entry_points.txt
/root/ros2_ws/src/task1/install/task1/lib/python3.10/site-packages/task1-0.0.0-py3.10.egg-info/PKG-INFO
/root/ros2_ws/src/task1/install/task1/lib/python3.10/site-packages/task1-0.0.0-py3.10.egg-info/top_level.txt
/root/ros2_ws/src/task1/install/task1/lib/python3.10/site-packages/task1-0.0.0-py3.10.egg-info/dependency_links.txt
/root/ros2_ws/src/task1/install/task1/lib/python3.10/site-packages/task1-0.0.0-py3.10.egg-info/requires.txt
/root/ros2_ws/src/task1/install/task1/lib/python3.10/site-packages/task1-0.0.0-py3.10.egg-info/zip-safe
/root/ros2_ws/src/task1/install/task1/lib/python3.10/site-packages/task1-0.0.0-py3.10.egg-info/SOURCES.txt
/root/ros2_ws/src/task1/install/task1/lib/task1/logger
/root/ros2_ws/src/task1/install/task1/lib/task1/processor
/root/ros2_ws/src/task1/install/task1/lib/task1/sensor
