running egg_info
creating ../../build/py_pubsub/task1.egg-info
writing ../../build/py_pubsub/task1.egg-info/PKG-INFO
writing dependency_links to ../../build/py_pubsub/task1.egg-info/dependency_links.txt
writing entry points to ../../build/py_pubsub/task1.egg-info/entry_points.txt
writing requirements to ../../build/py_pubsub/task1.egg-info/requires.txt
writing top-level names to ../../build/py_pubsub/task1.egg-info/top_level.txt
writing manifest file '../../build/py_pubsub/task1.egg-info/SOURCES.txt'
reading manifest file '../../build/py_pubsub/task1.egg-info/SOURCES.txt'
adding license file 'LICENSE'
writing manifest file '../../build/py_pubsub/task1.egg-info/SOURCES.txt'
running build
running build_py
running install
running install_lib
running install_data
copying resource/task1 -> /root/ros2_ws/install/py_pubsub/share/ament_index/resource_index/packages
creating /root/ros2_ws/install/py_pubsub/share/task1
copying package.xml -> /root/ros2_ws/install/py_pubsub/share/task1
creating /root/ros2_ws/install/py_pubsub/share/task1/launch
running install_egg_info
Copying ../../build/py_pubsub/task1.egg-info to /root/ros2_ws/install/py_pubsub/lib/python3.10/site-packages/task1-0.0.0-py3.10.egg-info
running install_scripts
Installing logger script to /root/ros2_ws/install/py_pubsub/lib/task1
Installing processor script to /root/ros2_ws/install/py_pubsub/lib/task1
Installing sensor script to /root/ros2_ws/install/py_pubsub/lib/task1
writing list of installed files to '/root/ros2_ws/build/py_pubsub/install.log'
