[0.359s] Invoking command in '/root/ros2_ws/src/task1': PYTHONPATH=/root/ros2_ws/build/py_pubsub/prefix_override:/usr/lib/python3/dist-packages/colcon_core/task/python/colcon_distutils_commands:/root/ros2_ws/install/py_pubsub/lib/python3.10/site-packages:${PYTHONPATH} /usr/bin/python3 -W ignore:setup.py install is deprecated -W ignore:easy_install command is deprecated setup.py egg_info --egg-base ../../build/py_pubsub build --build-base /root/ros2_ws/build/py_pubsub/build install --record /root/ros2_ws/build/py_pubsub/install.log --single-version-externally-managed install_data
[0.489s] running egg_info
[0.489s] creating ../../build/py_pubsub/task1.egg-info
[0.489s] writing ../../build/py_pubsub/task1.egg-info/PKG-INFO
[0.489s] writing dependency_links to ../../build/py_pubsub/task1.egg-info/dependency_links.txt
[0.489s] writing entry points to ../../build/py_pubsub/task1.egg-info/entry_points.txt
[0.489s] writing requirements to ../../build/py_pubsub/task1.egg-info/requires.txt
[0.489s] writing top-level names to ../../build/py_pubsub/task1.egg-info/top_level.txt
[0.489s] writing manifest file '../../build/py_pubsub/task1.egg-info/SOURCES.txt'
[0.490s] reading manifest file '../../build/py_pubsub/task1.egg-info/SOURCES.txt'
[0.490s] adding license file 'LICENSE'
[0.491s] writing manifest file '../../build/py_pubsub/task1.egg-info/SOURCES.txt'
[0.491s] running build
[0.491s] running build_py
[0.491s] running install
[0.491s] running install_lib
[0.492s] running install_data
[0.492s] copying resource/task1 -> /root/ros2_ws/install/py_pubsub/share/ament_index/resource_index/packages
[0.492s] creating /root/ros2_ws/install/py_pubsub/share/task1
[0.492s] copying package.xml -> /root/ros2_ws/install/py_pubsub/share/task1
[0.492s] creating /root/ros2_ws/install/py_pubsub/share/task1/launch
[0.492s] running install_egg_info
[0.493s] Copying ../../build/py_pubsub/task1.egg-info to /root/ros2_ws/install/py_pubsub/lib/python3.10/site-packages/task1-0.0.0-py3.10.egg-info
[0.493s] running install_scripts
[0.506s] Installing logger script to /root/ros2_ws/install/py_pubsub/lib/task1
[0.507s] Installing processor script to /root/ros2_ws/install/py_pubsub/lib/task1
[0.507s] Installing sensor script to /root/ros2_ws/install/py_pubsub/lib/task1
[0.507s] writing list of installed files to '/root/ros2_ws/build/py_pubsub/install.log'
[0.519s] Invoked command in '/root/ros2_ws/src/task1' returned '0': PYTHONPATH=/root/ros2_ws/build/py_pubsub/prefix_override:/usr/lib/python3/dist-packages/colcon_core/task/python/colcon_distutils_commands:/root/ros2_ws/install/py_pubsub/lib/python3.10/site-packages:${PYTHONPATH} /usr/bin/python3 -W ignore:setup.py install is deprecated -W ignore:easy_install command is deprecated setup.py egg_info --egg-base ../../build/py_pubsub build --build-base /root/ros2_ws/build/py_pubsub/build install --record /root/ros2_ws/build/py_pubsub/install.log --single-version-externally-managed install_data
