[  6%] Built target task4__rs
[  6%] Built target task4__cpp
[ 15%] Built target task4__rosidl_generator_c
[ 15%] Built target ament_cmake_python_copy_task4
[ 25%] Built target task4__rosidl_typesupport_c
[ 34%] Built target task4__rosidl_typesupport_introspection_c
[ 50%] Built target task4__rosidl_typesupport_introspection_cpp
[ 53%] Built target task4__rosidl_typesupport_cpp
[ 62%] Built target task4__rosidl_typesupport_fastrtps_c
[ 71%] Built target task4__rosidl_typesupport_fastrtps_cpp
[ 71%] Built target task4
[ 75%] Built target task4__py
[ 81%] Built target task4__rosidl_generator_py
[ 93%] Built target task4__rosidl_typesupport_introspection_c__pyext
[ 93%] Built target task4__rosidl_typesupport_fastrtps_c__pyext
[100%] Built target task4__rosidl_typesupport_c__pyext
running egg_info
writing task4.egg-info/PKG-INFO
writing dependency_links to task4.egg-info/dependency_links.txt
writing top-level names to task4.egg-info/top_level.txt
reading manifest file 'task4.egg-info/SOURCES.txt'
writing manifest file 'task4.egg-info/SOURCES.txt'
[100%] Built target ament_cmake_python_build_task4_egg
-- Install configuration: ""
-- Up-to-date: /root/ros2_ws/install/task4/share/ament_index/resource_index/rosidl_interfaces/task4
-- Up-to-date: /root/ros2_ws/install/task4/include/task4/task4
-- Up-to-date: /root/ros2_ws/install/task4/include/task4/task4/msg
-- Up-to-date: /root/ros2_ws/install/task4/include/task4/task4/msg/rosidl_generator_c__visibility_control.h
-- Up-to-date: /root/ros2_ws/install/task4/include/task4/task4/action
-- Up-to-date: /root/ros2_ws/install/task4/include/task4/task4/action/detail
-- Up-to-date: /root/ros2_ws/install/task4/include/task4/task4/action/detail/count_down__type_support.h
-- Up-to-date: /root/ros2_ws/install/task4/include/task4/task4/action/detail/count_down__struct.h
-- Up-to-date: /root/ros2_ws/install/task4/include/task4/task4/action/detail/count_down__functions.c
-- Up-to-date: /root/ros2_ws/install/task4/include/task4/task4/action/detail/count_down__functions.h
-- Up-to-date: /root/ros2_ws/install/task4/include/task4/task4/action/count_down.h
-- Up-to-date: /root/ros2_ws/install/task4/share/task4/environment/library_path.sh
-- Up-to-date: /root/ros2_ws/install/task4/share/task4/environment/library_path.dsv
-- Up-to-date: /root/ros2_ws/install/task4/lib/libtask4__rosidl_generator_c.so
-- Up-to-date: /root/ros2_ws/install/task4/include/task4/task4
-- Up-to-date: /root/ros2_ws/install/task4/include/task4/task4/msg
-- Up-to-date: /root/ros2_ws/install/task4/include/task4/task4/msg/rosidl_typesupport_fastrtps_c__visibility_control.h
-- Up-to-date: /root/ros2_ws/install/task4/include/task4/task4/action
-- Up-to-date: /root/ros2_ws/install/task4/include/task4/task4/action/detail
-- Up-to-date: /root/ros2_ws/install/task4/include/task4/task4/action/detail/count_down__rosidl_typesupport_fastrtps_c.h
-- Up-to-date: /root/ros2_ws/install/task4/lib/libtask4__rosidl_typesupport_fastrtps_c.so
-- Up-to-date: /root/ros2_ws/install/task4/include/task4/task4
-- Up-to-date: /root/ros2_ws/install/task4/include/task4/task4/msg
-- Up-to-date: /root/ros2_ws/install/task4/include/task4/task4/msg/rosidl_typesupport_introspection_c__visibility_control.h
-- Up-to-date: /root/ros2_ws/install/task4/include/task4/task4/action
-- Up-to-date: /root/ros2_ws/install/task4/include/task4/task4/action/detail
-- Up-to-date: /root/ros2_ws/install/task4/include/task4/task4/action/detail/count_down__type_support.c
-- Up-to-date: /root/ros2_ws/install/task4/include/task4/task4/action/detail/count_down__rosidl_typesupport_introspection_c.h
-- Up-to-date: /root/ros2_ws/install/task4/lib/libtask4__rosidl_typesupport_introspection_c.so
-- Up-to-date: /root/ros2_ws/install/task4/lib/libtask4__rosidl_typesupport_c.so
-- Up-to-date: /root/ros2_ws/install/task4/include/task4/task4
-- Up-to-date: /root/ros2_ws/install/task4/include/task4/task4/msg
-- Up-to-date: /root/ros2_ws/install/task4/include/task4/task4/msg/rosidl_generator_cpp__visibility_control.hpp
-- Up-to-date: /root/ros2_ws/install/task4/include/task4/task4/action
-- Up-to-date: /root/ros2_ws/install/task4/include/task4/task4/action/detail
-- Up-to-date: /root/ros2_ws/install/task4/include/task4/task4/action/detail/count_down__traits.hpp
-- Up-to-date: /root/ros2_ws/install/task4/include/task4/task4/action/detail/count_down__builder.hpp
-- Up-to-date: /root/ros2_ws/install/task4/include/task4/task4/action/detail/count_down__struct.hpp
-- Up-to-date: /root/ros2_ws/install/task4/include/task4/task4/action/detail/count_down__type_support.hpp
-- Up-to-date: /root/ros2_ws/install/task4/include/task4/task4/action/count_down.hpp
-- Up-to-date: /root/ros2_ws/install/task4/include/task4/task4
-- Up-to-date: /root/ros2_ws/install/task4/include/task4/task4/msg
-- Up-to-date: /root/ros2_ws/install/task4/include/task4/task4/msg/rosidl_typesupport_fastrtps_cpp__visibility_control.h
-- Up-to-date: /root/ros2_ws/install/task4/include/task4/task4/action
-- Up-to-date: /root/ros2_ws/install/task4/include/task4/task4/action/detail
-- Up-to-date: /root/ros2_ws/install/task4/include/task4/task4/action/detail/count_down__rosidl_typesupport_fastrtps_cpp.hpp
-- Up-to-date: /root/ros2_ws/install/task4/include/task4/task4/action/detail/dds_fastrtps
-- Up-to-date: /root/ros2_ws/install/task4/lib/libtask4__rosidl_typesupport_fastrtps_cpp.so
-- Up-to-date: /root/ros2_ws/install/task4/include/task4/task4
-- Up-to-date: /root/ros2_ws/install/task4/include/task4/task4/action
-- Up-to-date: /root/ros2_ws/install/task4/include/task4/task4/action/detail
-- Up-to-date: /root/ros2_ws/install/task4/include/task4/task4/action/detail/count_down__type_support.cpp
-- Up-to-date: /root/ros2_ws/install/task4/include/task4/task4/action/detail/count_down__rosidl_typesupport_introspection_cpp.hpp
-- Up-to-date: /root/ros2_ws/install/task4/lib/libtask4__rosidl_typesupport_introspection_cpp.so
-- Up-to-date: /root/ros2_ws/install/task4/lib/libtask4__rosidl_typesupport_cpp.so
-- Up-to-date: /root/ros2_ws/install/task4/share/task4/environment/pythonpath.sh
-- Up-to-date: /root/ros2_ws/install/task4/share/task4/environment/pythonpath.dsv
-- Up-to-date: /root/ros2_ws/install/task4/local/lib/python3.10/dist-packages/task4-0.0.0-py3.10.egg-info
-- Installing: /root/ros2_ws/install/task4/local/lib/python3.10/dist-packages/task4-0.0.0-py3.10.egg-info/PKG-INFO
-- Installing: /root/ros2_ws/install/task4/local/lib/python3.10/dist-packages/task4-0.0.0-py3.10.egg-info/top_level.txt
-- Installing: /root/ros2_ws/install/task4/local/lib/python3.10/dist-packages/task4-0.0.0-py3.10.egg-info/dependency_links.txt
-- Installing: /root/ros2_ws/install/task4/local/lib/python3.10/dist-packages/task4-0.0.0-py3.10.egg-info/SOURCES.txt
-- Up-to-date: /root/ros2_ws/install/task4/local/lib/python3.10/dist-packages/task4
-- Up-to-date: /root/ros2_ws/install/task4/local/lib/python3.10/dist-packages/task4/_task4_s.ep.rosidl_typesupport_fastrtps_c.c
-- Up-to-date: /root/ros2_ws/install/task4/local/lib/python3.10/dist-packages/task4/_task4_s.ep.rosidl_typesupport_introspection_c.c
-- Up-to-date: /root/ros2_ws/install/task4/local/lib/python3.10/dist-packages/task4/task4_s__rosidl_typesupport_fastrtps_c.cpython-310-x86_64-linux-gnu.so
-- Up-to-date: /root/ros2_ws/install/task4/local/lib/python3.10/dist-packages/task4/task4_s__rosidl_typesupport_introspection_c.cpython-310-x86_64-linux-gnu.so
-- Up-to-date: /root/ros2_ws/install/task4/local/lib/python3.10/dist-packages/task4/action
-- Up-to-date: /root/ros2_ws/install/task4/local/lib/python3.10/dist-packages/task4/action/_count_down_s.c
-- Up-to-date: /root/ros2_ws/install/task4/local/lib/python3.10/dist-packages/task4/action/_count_down.py
-- Up-to-date: /root/ros2_ws/install/task4/local/lib/python3.10/dist-packages/task4/action/__init__.py
-- Up-to-date: /root/ros2_ws/install/task4/local/lib/python3.10/dist-packages/task4/task4_s__rosidl_typesupport_c.cpython-310-x86_64-linux-gnu.so
-- Up-to-date: /root/ros2_ws/install/task4/local/lib/python3.10/dist-packages/task4/__init__.py
-- Up-to-date: /root/ros2_ws/install/task4/local/lib/python3.10/dist-packages/task4/_task4_s.ep.rosidl_typesupport_c.c
-- Up-to-date: /root/ros2_ws/install/task4/local/lib/python3.10/dist-packages/task4/libtask4__rosidl_generator_py.so
Listing '/root/ros2_ws/install/task4/local/lib/python3.10/dist-packages/task4'...
Listing '/root/ros2_ws/install/task4/local/lib/python3.10/dist-packages/task4/action'...
-- Up-to-date: /root/ros2_ws/install/task4/local/lib/python3.10/dist-packages/task4/task4_s__rosidl_typesupport_fastrtps_c.cpython-310-x86_64-linux-gnu.so
-- Up-to-date: /root/ros2_ws/install/task4/local/lib/python3.10/dist-packages/task4/task4_s__rosidl_typesupport_introspection_c.cpython-310-x86_64-linux-gnu.so
-- Up-to-date: /root/ros2_ws/install/task4/local/lib/python3.10/dist-packages/task4/task4_s__rosidl_typesupport_c.cpython-310-x86_64-linux-gnu.so
-- Up-to-date: /root/ros2_ws/install/task4/lib/libtask4__rosidl_generator_py.so
-- Up-to-date: /root/ros2_ws/install/task4/share/ament_index/resource_index/rust_packages/task4
-- Up-to-date: /root/ros2_ws/install/task4/share/task4/rust
-- Up-to-date: /root/ros2_ws/install/task4/share/task4/rust/Cargo.toml
-- Up-to-date: /root/ros2_ws/install/task4/share/task4/rust/src
-- Up-to-date: /root/ros2_ws/install/task4/share/task4/rust/src/action
-- Up-to-date: /root/ros2_ws/install/task4/share/task4/rust/src/action/rmw.rs
-- Up-to-date: /root/ros2_ws/install/task4/share/task4/rust/src/action.rs
-- Up-to-date: /root/ros2_ws/install/task4/share/task4/rust/src/lib.rs
-- Up-to-date: /root/ros2_ws/install/task4/share/task4/rust/build.rs
-- Up-to-date: /root/ros2_ws/install/task4/share/task4/action/CountDown.idl
-- Up-to-date: /root/ros2_ws/install/task4/share/task4/action/CountDown.action
-- Up-to-date: /root/ros2_ws/install/task4/share/ament_index/resource_index/package_run_dependencies/task4
-- Up-to-date: /root/ros2_ws/install/task4/share/ament_index/resource_index/parent_prefix_path/task4
-- Up-to-date: /root/ros2_ws/install/task4/share/task4/environment/ament_prefix_path.sh
-- Up-to-date: /root/ros2_ws/install/task4/share/task4/environment/ament_prefix_path.dsv
-- Up-to-date: /root/ros2_ws/install/task4/share/task4/environment/path.sh
-- Up-to-date: /root/ros2_ws/install/task4/share/task4/environment/path.dsv
-- Up-to-date: /root/ros2_ws/install/task4/share/task4/local_setup.bash
-- Up-to-date: /root/ros2_ws/install/task4/share/task4/local_setup.sh
-- Up-to-date: /root/ros2_ws/install/task4/share/task4/local_setup.zsh
-- Up-to-date: /root/ros2_ws/install/task4/share/task4/local_setup.dsv
-- Installing: /root/ros2_ws/install/task4/share/task4/package.dsv
-- Up-to-date: /root/ros2_ws/install/task4/share/ament_index/resource_index/packages/task4
-- Up-to-date: /root/ros2_ws/install/task4/share/task4/cmake/export_task4__rosidl_generator_cExport.cmake
-- Up-to-date: /root/ros2_ws/install/task4/share/task4/cmake/export_task4__rosidl_generator_cExport-noconfig.cmake
-- Up-to-date: /root/ros2_ws/install/task4/share/task4/cmake/export_task4__rosidl_typesupport_fastrtps_cExport.cmake
-- Up-to-date: /root/ros2_ws/install/task4/share/task4/cmake/export_task4__rosidl_typesupport_fastrtps_cExport-noconfig.cmake
-- Up-to-date: /root/ros2_ws/install/task4/share/task4/cmake/task4__rosidl_typesupport_introspection_cExport.cmake
-- Up-to-date: /root/ros2_ws/install/task4/share/task4/cmake/task4__rosidl_typesupport_introspection_cExport-noconfig.cmake
-- Up-to-date: /root/ros2_ws/install/task4/share/task4/cmake/task4__rosidl_typesupport_cExport.cmake
-- Up-to-date: /root/ros2_ws/install/task4/share/task4/cmake/task4__rosidl_typesupport_cExport-noconfig.cmake
-- Up-to-date: /root/ros2_ws/install/task4/share/task4/cmake/export_task4__rosidl_generator_cppExport.cmake
-- Up-to-date: /root/ros2_ws/install/task4/share/task4/cmake/export_task4__rosidl_typesupport_fastrtps_cppExport.cmake
-- Up-to-date: /root/ros2_ws/install/task4/share/task4/cmake/export_task4__rosidl_typesupport_fastrtps_cppExport-noconfig.cmake
-- Up-to-date: /root/ros2_ws/install/task4/share/task4/cmake/task4__rosidl_typesupport_introspection_cppExport.cmake
-- Up-to-date: /root/ros2_ws/install/task4/share/task4/cmake/task4__rosidl_typesupport_introspection_cppExport-noconfig.cmake
-- Up-to-date: /root/ros2_ws/install/task4/share/task4/cmake/task4__rosidl_typesupport_cppExport.cmake
-- Up-to-date: /root/ros2_ws/install/task4/share/task4/cmake/task4__rosidl_typesupport_cppExport-noconfig.cmake
-- Up-to-date: /root/ros2_ws/install/task4/share/task4/cmake/export_task4__rosidl_generator_pyExport.cmake
-- Up-to-date: /root/ros2_ws/install/task4/share/task4/cmake/export_task4__rosidl_generator_pyExport-noconfig.cmake
-- Up-to-date: /root/ros2_ws/install/task4/share/task4/cmake/rosidl_cmake-extras.cmake
-- Up-to-date: /root/ros2_ws/install/task4/share/task4/cmake/ament_cmake_export_dependencies-extras.cmake
-- Up-to-date: /root/ros2_ws/install/task4/share/task4/cmake/ament_cmake_export_include_directories-extras.cmake
-- Up-to-date: /root/ros2_ws/install/task4/share/task4/cmake/ament_cmake_export_libraries-extras.cmake
-- Up-to-date: /root/ros2_ws/install/task4/share/task4/cmake/ament_cmake_export_targets-extras.cmake
-- Up-to-date: /root/ros2_ws/install/task4/share/task4/cmake/rosidl_cmake_export_typesupport_targets-extras.cmake
-- Up-to-date: /root/ros2_ws/install/task4/share/task4/cmake/rosidl_cmake_export_typesupport_libraries-extras.cmake
-- Up-to-date: /root/ros2_ws/install/task4/share/task4/cmake/task4Config.cmake
-- Up-to-date: /root/ros2_ws/install/task4/share/task4/cmake/task4Config-version.cmake
-- Up-to-date: /root/ros2_ws/install/task4/share/task4/package.xml
