[0.176s] Invoking command in '/root/ros2_ws/build/task2': CMAKE_PREFIX_PATH=${CMAKE_PREFIX_PATH}:/root/ros2_ws/install/task1:/root/ros2_ws/install/py_srvcli:/root/ros2_ws/install/py_pubsub:/root/ros2_ws/install/my_action_pkg:/root/ros2_ws/install/launch_testing_examples:/root/ros2_ws/install/examples_rclpy_pointcloud_publisher:/root/ros2_ws/install/examples_rclpy_minimal_subscriber:/root/ros2_ws/install/examples_rclpy_minimal_service:/root/ros2_ws/install/examples_rclpy_minimal_publisher:/root/ros2_ws/install/examples_rclpy_minimal_client:/root/ros2_ws/install/examples_rclpy_minimal_action_server:/root/ros2_ws/install/examples_rclpy_minimal_action_client:/root/ros2_ws/install/examples_rclpy_guard_conditions:/root/ros2_ws/install/examples_rclpy_executors:/opt/ros/humble /usr/bin/cmake --build /root/ros2_ws/build/task2 -- -j28 -l28
[0.191s] [0mCMake Deprecation Warning at CMakeLists.txt:1 (cmake_minimum_required):
[0.191s]   Compatibility with CMake < 3.10 will be removed from a future version of
[0.191s]   CMake.
[0.191s] 
[0.191s]   Update the VERSION argument <min> value.  Or, use the <min>...<max> syntax
[0.191s]   to tell CMake that the project requires at least <min> but has been updated
[0.191s]   to work with policies introduced by <max> or earlier.
[0.191s] 
[0.191s] [0m
[0.197s] -- Found ament_cmake: 1.3.14 (/opt/ros/humble/share/ament_cmake/cmake)
[0.376s] -- Found ament_lint_auto: 0.12.15 (/opt/ros/humble/share/ament_lint_auto/cmake)
[0.431s] -- Found rosidl_default_generators: 1.2.1 (/opt/ros/humble/share/rosidl_default_generators/cmake)
[0.434s] -- Using all available rosidl_typesupport_c: rosidl_typesupport_fastrtps_c;rosidl_typesupport_introspection_c
[0.435s] -- Found rosidl_adapter: 3.1.8 (/opt/ros/humble/share/rosidl_adapter/cmake)
[0.458s] -- Using all available rosidl_typesupport_cpp: rosidl_typesupport_fastrtps_cpp;rosidl_typesupport_introspection_cpp
[0.770s] -- Found ament_cmake_ros: 0.10.0 (/opt/ros/humble/share/ament_cmake_ros/cmake)
[1.226s] -- Using all available rosidl_typesupport_c: rosidl_typesupport_fastrtps_c;rosidl_typesupport_introspection_c
[1.803s] -- Using all available rosidl_typesupport_cpp: rosidl_typesupport_fastrtps_cpp;rosidl_typesupport_introspection_cpp
[1.807s] [33mCMake Warning (dev) at /opt/ros/humble/share/rosidl_generator_py/cmake/rosidl_generator_py_generate_interfaces.cmake:20 (find_package):
[1.807s]   Policy CMP0148 is not set: The FindPythonInterp and FindPythonLibs modules
[1.807s]   are removed.  Run "cmake --help-policy CMP0148" for policy details.  Use
[1.807s]   the cmake_policy command to set the policy and suppress this warning.
[1.807s] 
[1.807s] Call Stack (most recent call first):
[1.807s]   /opt/ros/humble/share/ament_cmake_core/cmake/core/ament_execute_extensions.cmake:48 (include)
[1.807s]   /opt/ros/humble/share/rosidl_cmake/cmake/rosidl_generate_interfaces.cmake:286 (ament_execute_extensions)
[1.807s]   CMakeLists.txt:28 (rosidl_generate_interfaces)
[1.807s] This warning is for project developers.  Use -Wno-dev to suppress it.
[1.807s] [0m
[1.836s] -- Found PythonInterp: /usr/bin/python3 (found suitable version "3.10.12", minimum required is "3.6")
[1.840s] -- Found python_cmake_module: 0.10.0 (/opt/ros/humble/share/python_cmake_module/cmake)
[1.841s] [33mCMake Warning (dev) at /opt/ros/humble/share/python_cmake_module/cmake/Modules/FindPythonExtra.cmake:52 (find_package):
[1.841s]   Policy CMP0148 is not set: The FindPythonInterp and FindPythonLibs modules
[1.841s]   are removed.  Run "cmake --help-policy CMP0148" for policy details.  Use
[1.841s]   the cmake_policy command to set the policy and suppress this warning.
[1.841s] 
[1.841s] Call Stack (most recent call first):
[1.841s]   /opt/ros/humble/share/rosidl_generator_py/cmake/rosidl_generator_py_generate_interfaces.cmake:23 (find_package)
[1.841s]   /opt/ros/humble/share/ament_cmake_core/cmake/core/ament_execute_extensions.cmake:48 (include)
[1.841s]   /opt/ros/humble/share/rosidl_cmake/cmake/rosidl_generate_interfaces.cmake:286 (ament_execute_extensions)
[1.841s]   CMakeLists.txt:28 (rosidl_generate_interfaces)
[1.842s] This warning is for project developers.  Use -Wno-dev to suppress it.
[1.842s] [0m
[1.860s] [33mCMake Warning (dev) at /opt/ros/humble/share/python_cmake_module/cmake/Modules/FindPythonExtra.cmake:140 (find_package):
[1.860s]   Policy CMP0148 is not set: The FindPythonInterp and FindPythonLibs modules
[1.860s]   are removed.  Run "cmake --help-policy CMP0148" for policy details.  Use
[1.860s]   the cmake_policy command to set the policy and suppress this warning.
[1.860s] 
[1.860s] Call Stack (most recent call first):
[1.860s]   /opt/ros/humble/share/rosidl_generator_py/cmake/rosidl_generator_py_generate_interfaces.cmake:23 (find_package)
[1.860s]   /opt/ros/humble/share/ament_cmake_core/cmake/core/ament_execute_extensions.cmake:48 (include)
[1.860s]   /opt/ros/humble/share/rosidl_cmake/cmake/rosidl_generate_interfaces.cmake:286 (ament_execute_extensions)
[1.860s]   CMakeLists.txt:28 (rosidl_generate_interfaces)
[1.860s] This warning is for project developers.  Use -Wno-dev to suppress it.
[1.860s] [0m
[1.867s] -- Found PythonLibs: /usr/lib/x86_64-linux-gnu/libpython3.10.so (found suitable version "3.10.12", minimum required is "3.5")
[1.868s] -- Using PYTHON_EXECUTABLE: /usr/bin/python3
[1.868s] -- Using PYTHON_INCLUDE_DIRS: /usr/include/python3.10
[1.868s] -- Using PYTHON_LIBRARIES: /usr/lib/x86_64-linux-gnu/libpython3.10.so
[1.887s] -- Found PythonExtra: .so
[2.070s] -- Added test 'lint_cmake' to check CMake code style
[2.071s] -- Added test 'xmllint' to check XML markup files
[2.077s] -- Configuring done (1.9s)
[2.099s] -- Generating done (0.0s)
[2.106s] -- Build files have been written to: /root/ros2_ws/build/task2
[2.120s] [  3%] [1m[34mGenerating C code for ROS interfaces[0m
[2.126s] [  9%] [1m[34mGenerating C++ code for ROS interfaces[0m
[2.126s] [  9%] [1m[34mGenerating Rust code for ROS interfaces[0m
[2.129s] [  9%] Built target ament_cmake_python_copy_task2
[2.269s] [  9%] Built target task2__rs
[2.279s] [  9%] Built target task2__cpp
[2.280s] running egg_info
[2.280s] creating task2.egg-info
[2.280s] writing task2.egg-info/PKG-INFO
[2.280s] writing dependency_links to task2.egg-info/dependency_links.txt
[2.280s] writing top-level names to task2.egg-info/top_level.txt
[2.280s] writing manifest file 'task2.egg-info/SOURCES.txt'
[2.282s] reading manifest file 'task2.egg-info/SOURCES.txt'
[2.282s] writing manifest file 'task2.egg-info/SOURCES.txt'
[2.283s] [ 15%] [1m[34mGenerating C++ type support for eProsima Fast-RTPS[0m
[2.284s] [ 15%] [1m[34mGenerating C++ introspection for ROS interfaces[0m
[2.284s] [ 18%] [1m[34mGenerating C++ type support dispatch for ROS interfaces[0m
[2.284s] [ 21%] [32mBuilding C object CMakeFiles/task2__rosidl_generator_c.dir/rosidl_generator_c/task2/msg/detail/robot_status__functions.c.o[0m
[2.296s] [ 21%] Built target ament_cmake_python_build_task2_egg
[2.331s] [ 25%] [1m[32mLinking C shared library libtask2__rosidl_generator_c.so[0m
[2.357s] [ 25%] Built target task2__rosidl_generator_c
[2.363s] [ 28%] [1m[34mGenerating C type support dispatch for ROS interfaces[0m
[2.363s] [ 34%] [1m[34mGenerating C type support for eProsima Fast-RTPS[0m
[2.363s] [ 34%] [1m[34mGenerating C introspection for ROS interfaces[0m
[2.431s] [ 37%] [32mBuilding CXX object CMakeFiles/task2__rosidl_typesupport_cpp.dir/rosidl_typesupport_cpp/task2/msg/robot_status__type_support.cpp.o[0m
[2.436s] [ 40%] [32mBuilding CXX object CMakeFiles/task2__rosidl_typesupport_introspection_cpp.dir/rosidl_typesupport_introspection_cpp/task2/msg/detail/robot_status__type_support.cpp.o[0m
[2.440s] [ 43%] [32mBuilding CXX object CMakeFiles/task2__rosidl_typesupport_fastrtps_cpp.dir/rosidl_typesupport_fastrtps_cpp/task2/msg/detail/dds_fastrtps/robot_status__type_support.cpp.o[0m
[2.509s] [ 46%] [32mBuilding CXX object CMakeFiles/task2__rosidl_typesupport_c.dir/rosidl_typesupport_c/task2/msg/robot_status__type_support.cpp.o[0m
[2.512s] [ 50%] [32mBuilding C object CMakeFiles/task2__rosidl_typesupport_introspection_c.dir/rosidl_typesupport_introspection_c/task2/msg/detail/robot_status__type_support.c.o[0m
[2.517s] [ 53%] [32mBuilding CXX object CMakeFiles/task2__rosidl_typesupport_fastrtps_c.dir/rosidl_typesupport_fastrtps_c/task2/msg/detail/robot_status__type_support_c.cpp.o[0m
[2.533s] [ 56%] [1m[32mLinking CXX shared library libtask2__rosidl_typesupport_c.so[0m
[2.539s] [ 59%] [1m[32mLinking C shared library libtask2__rosidl_typesupport_introspection_c.so[0m
[2.558s] [ 59%] Built target task2__rosidl_typesupport_c
[2.559s] [ 59%] Built target task2__rosidl_typesupport_introspection_c
[2.594s] [ 62%] [1m[32mLinking CXX shared library libtask2__rosidl_typesupport_cpp.so[0m
[2.625s] [ 62%] Built target task2__rosidl_typesupport_cpp
[2.660s] [ 65%] [1m[32mLinking CXX shared library libtask2__rosidl_typesupport_introspection_cpp.so[0m
[2.667s] [ 68%] [1m[32mLinking CXX shared library libtask2__rosidl_typesupport_fastrtps_cpp.so[0m
[2.704s] [ 68%] Built target task2__rosidl_typesupport_introspection_cpp
[2.710s] [ 71%] [1m[32mLinking CXX shared library libtask2__rosidl_typesupport_fastrtps_c.so[0m
[2.715s] [ 71%] Built target task2__rosidl_typesupport_fastrtps_cpp
[2.757s] [ 71%] Built target task2__rosidl_typesupport_fastrtps_c
[2.769s] [ 71%] Built target task2
[2.785s] [ 75%] [1m[34mGenerating Python code for ROS interfaces[0m
[2.976s] [ 75%] Built target task2__py
[2.988s] [ 78%] [32mBuilding C object CMakeFiles/task2__rosidl_generator_py.dir/rosidl_generator_py/task2/msg/_robot_status_s.c.o[0m
[3.074s] [ 81%] [1m[32mLinking C shared library rosidl_generator_py/task2/libtask2__rosidl_generator_py.so[0m
[3.098s] [ 81%] Built target task2__rosidl_generator_py
[3.111s] [ 84%] [32mBuilding C object CMakeFiles/task2__rosidl_typesupport_fastrtps_c__pyext.dir/rosidl_generator_py/task2/_task2_s.ep.rosidl_typesupport_fastrtps_c.c.o[0m
[3.112s] [ 87%] [32mBuilding C object CMakeFiles/task2__rosidl_typesupport_c__pyext.dir/rosidl_generator_py/task2/_task2_s.ep.rosidl_typesupport_c.c.o[0m
[3.112s] [ 90%] [32mBuilding C object CMakeFiles/task2__rosidl_typesupport_introspection_c__pyext.dir/rosidl_generator_py/task2/_task2_s.ep.rosidl_typesupport_introspection_c.c.o[0m
[3.176s] [ 93%] [1m[32mLinking C shared library rosidl_generator_py/task2/task2_s__rosidl_typesupport_fastrtps_c.cpython-310-x86_64-linux-gnu.so[0m
[3.176s] [ 96%] [1m[32mLinking C shared library rosidl_generator_py/task2/task2_s__rosidl_typesupport_c.cpython-310-x86_64-linux-gnu.so[0m
[3.177s] [100%] [1m[32mLinking C shared library rosidl_generator_py/task2/task2_s__rosidl_typesupport_introspection_c.cpython-310-x86_64-linux-gnu.so[0m
[3.197s] [100%] Built target task2__rosidl_typesupport_c__pyext
[3.199s] [100%] Built target task2__rosidl_typesupport_fastrtps_c__pyext
[3.199s] [100%] Built target task2__rosidl_typesupport_introspection_c__pyext
[3.205s] Invoked command in '/root/ros2_ws/build/task2' returned '0': CMAKE_PREFIX_PATH=${CMAKE_PREFIX_PATH}:/root/ros2_ws/install/task1:/root/ros2_ws/install/py_srvcli:/root/ros2_ws/install/py_pubsub:/root/ros2_ws/install/my_action_pkg:/root/ros2_ws/install/launch_testing_examples:/root/ros2_ws/install/examples_rclpy_pointcloud_publisher:/root/ros2_ws/install/examples_rclpy_minimal_subscriber:/root/ros2_ws/install/examples_rclpy_minimal_service:/root/ros2_ws/install/examples_rclpy_minimal_publisher:/root/ros2_ws/install/examples_rclpy_minimal_client:/root/ros2_ws/install/examples_rclpy_minimal_action_server:/root/ros2_ws/install/examples_rclpy_minimal_action_client:/root/ros2_ws/install/examples_rclpy_guard_conditions:/root/ros2_ws/install/examples_rclpy_executors:/opt/ros/humble /usr/bin/cmake --build /root/ros2_ws/build/task2 -- -j28 -l28
[3.214s] Invoking command in '/root/ros2_ws/build/task2': CMAKE_PREFIX_PATH=${CMAKE_PREFIX_PATH}:/root/ros2_ws/install/task1:/root/ros2_ws/install/py_srvcli:/root/ros2_ws/install/py_pubsub:/root/ros2_ws/install/my_action_pkg:/root/ros2_ws/install/launch_testing_examples:/root/ros2_ws/install/examples_rclpy_pointcloud_publisher:/root/ros2_ws/install/examples_rclpy_minimal_subscriber:/root/ros2_ws/install/examples_rclpy_minimal_service:/root/ros2_ws/install/examples_rclpy_minimal_publisher:/root/ros2_ws/install/examples_rclpy_minimal_client:/root/ros2_ws/install/examples_rclpy_minimal_action_server:/root/ros2_ws/install/examples_rclpy_minimal_action_client:/root/ros2_ws/install/examples_rclpy_guard_conditions:/root/ros2_ws/install/examples_rclpy_executors:/opt/ros/humble /usr/bin/cmake --install /root/ros2_ws/build/task2
[3.219s] -- Install configuration: ""
[3.219s] -- Installing: /root/ros2_ws/install/task2/share/ament_index/resource_index/rosidl_interfaces/task2
[3.219s] -- Installing: /root/ros2_ws/install/task2/include/task2/task2
[3.220s] -- Installing: /root/ros2_ws/install/task2/include/task2/task2/msg
[3.220s] -- Installing: /root/ros2_ws/install/task2/include/task2/task2/msg/detail
[3.220s] -- Installing: /root/ros2_ws/install/task2/include/task2/task2/msg/detail/robot_status__type_support.h
[3.220s] -- Installing: /root/ros2_ws/install/task2/include/task2/task2/msg/detail/robot_status__struct.h
[3.220s] -- Installing: /root/ros2_ws/install/task2/include/task2/task2/msg/detail/robot_status__functions.h
[3.221s] -- Installing: /root/ros2_ws/install/task2/include/task2/task2/msg/detail/robot_status__functions.c
[3.221s] -- Installing: /root/ros2_ws/install/task2/include/task2/task2/msg/robot_status.h
[3.221s] -- Installing: /root/ros2_ws/install/task2/include/task2/task2/msg/rosidl_generator_c__visibility_control.h
[3.221s] -- Installing: /root/ros2_ws/install/task2/share/task2/environment/library_path.sh
[3.221s] -- Installing: /root/ros2_ws/install/task2/share/task2/environment/library_path.dsv
[3.221s] -- Installing: /root/ros2_ws/install/task2/lib/libtask2__rosidl_generator_c.so
[3.221s] -- Set non-toolchain portion of runtime path of "/root/ros2_ws/install/task2/lib/libtask2__rosidl_generator_c.so" to ""
[3.222s] -- Up-to-date: /root/ros2_ws/install/task2/include/task2/task2
[3.222s] -- Up-to-date: /root/ros2_ws/install/task2/include/task2/task2/msg
[3.222s] -- Up-to-date: /root/ros2_ws/install/task2/include/task2/task2/msg/detail
[3.222s] -- Installing: /root/ros2_ws/install/task2/include/task2/task2/msg/detail/robot_status__rosidl_typesupport_fastrtps_c.h
[3.222s] -- Installing: /root/ros2_ws/install/task2/include/task2/task2/msg/rosidl_typesupport_fastrtps_c__visibility_control.h
[3.222s] -- Installing: /root/ros2_ws/install/task2/lib/libtask2__rosidl_typesupport_fastrtps_c.so
[3.223s] -- Set non-toolchain portion of runtime path of "/root/ros2_ws/install/task2/lib/libtask2__rosidl_typesupport_fastrtps_c.so" to ""
[3.223s] -- Up-to-date: /root/ros2_ws/install/task2/include/task2/task2
[3.223s] -- Up-to-date: /root/ros2_ws/install/task2/include/task2/task2/msg
[3.223s] -- Up-to-date: /root/ros2_ws/install/task2/include/task2/task2/msg/detail
[3.223s] -- Installing: /root/ros2_ws/install/task2/include/task2/task2/msg/detail/robot_status__type_support.c
[3.223s] -- Installing: /root/ros2_ws/install/task2/include/task2/task2/msg/detail/robot_status__rosidl_typesupport_introspection_c.h
[3.223s] -- Installing: /root/ros2_ws/install/task2/include/task2/task2/msg/rosidl_typesupport_introspection_c__visibility_control.h
[3.223s] -- Installing: /root/ros2_ws/install/task2/lib/libtask2__rosidl_typesupport_introspection_c.so
[3.223s] -- Set non-toolchain portion of runtime path of "/root/ros2_ws/install/task2/lib/libtask2__rosidl_typesupport_introspection_c.so" to ""
[3.223s] -- Installing: /root/ros2_ws/install/task2/lib/libtask2__rosidl_typesupport_c.so
[3.223s] -- Set non-toolchain portion of runtime path of "/root/ros2_ws/install/task2/lib/libtask2__rosidl_typesupport_c.so" to ""
[3.224s] -- Up-to-date: /root/ros2_ws/install/task2/include/task2/task2
[3.224s] -- Up-to-date: /root/ros2_ws/install/task2/include/task2/task2/msg
[3.224s] -- Up-to-date: /root/ros2_ws/install/task2/include/task2/task2/msg/detail
[3.224s] -- Installing: /root/ros2_ws/install/task2/include/task2/task2/msg/detail/robot_status__type_support.hpp
[3.224s] -- Installing: /root/ros2_ws/install/task2/include/task2/task2/msg/detail/robot_status__struct.hpp
[3.224s] -- Installing: /root/ros2_ws/install/task2/include/task2/task2/msg/detail/robot_status__builder.hpp
[3.224s] -- Installing: /root/ros2_ws/install/task2/include/task2/task2/msg/detail/robot_status__traits.hpp
[3.224s] -- Installing: /root/ros2_ws/install/task2/include/task2/task2/msg/rosidl_generator_cpp__visibility_control.hpp
[3.224s] -- Installing: /root/ros2_ws/install/task2/include/task2/task2/msg/robot_status.hpp
[3.224s] -- Up-to-date: /root/ros2_ws/install/task2/include/task2/task2
[3.224s] -- Up-to-date: /root/ros2_ws/install/task2/include/task2/task2/msg
[3.224s] -- Up-to-date: /root/ros2_ws/install/task2/include/task2/task2/msg/detail
[3.224s] -- Installing: /root/ros2_ws/install/task2/include/task2/task2/msg/detail/dds_fastrtps
[3.225s] -- Installing: /root/ros2_ws/install/task2/include/task2/task2/msg/detail/robot_status__rosidl_typesupport_fastrtps_cpp.hpp
[3.225s] -- Installing: /root/ros2_ws/install/task2/include/task2/task2/msg/rosidl_typesupport_fastrtps_cpp__visibility_control.h
[3.225s] -- Installing: /root/ros2_ws/install/task2/lib/libtask2__rosidl_typesupport_fastrtps_cpp.so
[3.225s] -- Set non-toolchain portion of runtime path of "/root/ros2_ws/install/task2/lib/libtask2__rosidl_typesupport_fastrtps_cpp.so" to ""
[3.225s] -- Up-to-date: /root/ros2_ws/install/task2/include/task2/task2
[3.225s] -- Up-to-date: /root/ros2_ws/install/task2/include/task2/task2/msg
[3.225s] -- Up-to-date: /root/ros2_ws/install/task2/include/task2/task2/msg/detail
[3.225s] -- Installing: /root/ros2_ws/install/task2/include/task2/task2/msg/detail/robot_status__type_support.cpp
[3.225s] -- Installing: /root/ros2_ws/install/task2/include/task2/task2/msg/detail/robot_status__rosidl_typesupport_introspection_cpp.hpp
[3.225s] -- Installing: /root/ros2_ws/install/task2/lib/libtask2__rosidl_typesupport_introspection_cpp.so
[3.225s] -- Set non-toolchain portion of runtime path of "/root/ros2_ws/install/task2/lib/libtask2__rosidl_typesupport_introspection_cpp.so" to ""
[3.225s] -- Installing: /root/ros2_ws/install/task2/lib/libtask2__rosidl_typesupport_cpp.so
[3.225s] -- Set non-toolchain portion of runtime path of "/root/ros2_ws/install/task2/lib/libtask2__rosidl_typesupport_cpp.so" to ""
[3.225s] -- Installing: /root/ros2_ws/install/task2/share/task2/environment/pythonpath.sh
[3.226s] -- Installing: /root/ros2_ws/install/task2/share/task2/environment/pythonpath.dsv
[3.226s] -- Installing: /root/ros2_ws/install/task2/local/lib/python3.10/dist-packages/task2-0.0.0-py3.10.egg-info
[3.226s] -- Installing: /root/ros2_ws/install/task2/local/lib/python3.10/dist-packages/task2-0.0.0-py3.10.egg-info/PKG-INFO
[3.226s] -- Installing: /root/ros2_ws/install/task2/local/lib/python3.10/dist-packages/task2-0.0.0-py3.10.egg-info/top_level.txt
[3.226s] -- Installing: /root/ros2_ws/install/task2/local/lib/python3.10/dist-packages/task2-0.0.0-py3.10.egg-info/dependency_links.txt
[3.226s] -- Installing: /root/ros2_ws/install/task2/local/lib/python3.10/dist-packages/task2-0.0.0-py3.10.egg-info/SOURCES.txt
[3.227s] -- Installing: /root/ros2_ws/install/task2/local/lib/python3.10/dist-packages/task2
[3.227s] -- Installing: /root/ros2_ws/install/task2/local/lib/python3.10/dist-packages/task2/msg
[3.227s] -- Installing: /root/ros2_ws/install/task2/local/lib/python3.10/dist-packages/task2/msg/_robot_status.py
[3.227s] -- Installing: /root/ros2_ws/install/task2/local/lib/python3.10/dist-packages/task2/msg/_robot_status_s.c
[3.227s] -- Installing: /root/ros2_ws/install/task2/local/lib/python3.10/dist-packages/task2/msg/__init__.py
[3.227s] -- Installing: /root/ros2_ws/install/task2/local/lib/python3.10/dist-packages/task2/libtask2__rosidl_generator_py.so
[3.227s] -- Installing: /root/ros2_ws/install/task2/local/lib/python3.10/dist-packages/task2/task2_s__rosidl_typesupport_c.cpython-310-x86_64-linux-gnu.so
[3.227s] -- Installing: /root/ros2_ws/install/task2/local/lib/python3.10/dist-packages/task2/_task2_s.ep.rosidl_typesupport_c.c
[3.228s] -- Installing: /root/ros2_ws/install/task2/local/lib/python3.10/dist-packages/task2/task2_s__rosidl_typesupport_introspection_c.cpython-310-x86_64-linux-gnu.so
[3.228s] -- Installing: /root/ros2_ws/install/task2/local/lib/python3.10/dist-packages/task2/_task2_s.ep.rosidl_typesupport_introspection_c.c
[3.228s] -- Installing: /root/ros2_ws/install/task2/local/lib/python3.10/dist-packages/task2/_task2_s.ep.rosidl_typesupport_fastrtps_c.c
[3.228s] -- Installing: /root/ros2_ws/install/task2/local/lib/python3.10/dist-packages/task2/task2_s__rosidl_typesupport_fastrtps_c.cpython-310-x86_64-linux-gnu.so
[3.228s] -- Installing: /root/ros2_ws/install/task2/local/lib/python3.10/dist-packages/task2/__init__.py
[3.263s] Listing '/root/ros2_ws/install/task2/local/lib/python3.10/dist-packages/task2'...
[3.263s] Compiling '/root/ros2_ws/install/task2/local/lib/python3.10/dist-packages/task2/__init__.py'...
[3.263s] Listing '/root/ros2_ws/install/task2/local/lib/python3.10/dist-packages/task2/msg'...
[3.263s] Compiling '/root/ros2_ws/install/task2/local/lib/python3.10/dist-packages/task2/msg/__init__.py'...
[3.263s] Compiling '/root/ros2_ws/install/task2/local/lib/python3.10/dist-packages/task2/msg/_robot_status.py'...
[3.266s] -- Installing: /root/ros2_ws/install/task2/local/lib/python3.10/dist-packages/task2/task2_s__rosidl_typesupport_fastrtps_c.cpython-310-x86_64-linux-gnu.so
[3.266s] -- Set non-toolchain portion of runtime path of "/root/ros2_ws/install/task2/local/lib/python3.10/dist-packages/task2/task2_s__rosidl_typesupport_fastrtps_c.cpython-310-x86_64-linux-gnu.so" to ""
[3.267s] -- Installing: /root/ros2_ws/install/task2/local/lib/python3.10/dist-packages/task2/task2_s__rosidl_typesupport_introspection_c.cpython-310-x86_64-linux-gnu.so
[3.267s] -- Set non-toolchain portion of runtime path of "/root/ros2_ws/install/task2/local/lib/python3.10/dist-packages/task2/task2_s__rosidl_typesupport_introspection_c.cpython-310-x86_64-linux-gnu.so" to ""
[3.267s] -- Installing: /root/ros2_ws/install/task2/local/lib/python3.10/dist-packages/task2/task2_s__rosidl_typesupport_c.cpython-310-x86_64-linux-gnu.so
[3.267s] -- Set non-toolchain portion of runtime path of "/root/ros2_ws/install/task2/local/lib/python3.10/dist-packages/task2/task2_s__rosidl_typesupport_c.cpython-310-x86_64-linux-gnu.so" to ""
[3.267s] -- Installing: /root/ros2_ws/install/task2/lib/libtask2__rosidl_generator_py.so
[3.267s] -- Set non-toolchain portion of runtime path of "/root/ros2_ws/install/task2/lib/libtask2__rosidl_generator_py.so" to ""
[3.267s] -- Installing: /root/ros2_ws/install/task2/share/ament_index/resource_index/rust_packages/task2
[3.267s] -- Installing: /root/ros2_ws/install/task2/share/task2/rust
[3.267s] -- Installing: /root/ros2_ws/install/task2/share/task2/rust/Cargo.toml
[3.267s] -- Installing: /root/ros2_ws/install/task2/share/task2/rust/src
[3.267s] -- Installing: /root/ros2_ws/install/task2/share/task2/rust/src/msg
[3.267s] -- Installing: /root/ros2_ws/install/task2/share/task2/rust/src/msg/rmw.rs
[3.267s] -- Installing: /root/ros2_ws/install/task2/share/task2/rust/src/msg.rs
[3.267s] -- Installing: /root/ros2_ws/install/task2/share/task2/rust/src/lib.rs
[3.267s] -- Installing: /root/ros2_ws/install/task2/share/task2/rust/build.rs
[3.267s] -- Installing: /root/ros2_ws/install/task2/share/task2/msg/RobotStatus.idl
[3.267s] -- Installing: /root/ros2_ws/install/task2/share/task2/msg/RobotStatus.msg
[3.267s] -- Installing: /root/ros2_ws/install/task2/share/ament_index/resource_index/package_run_dependencies/task2
[3.267s] -- Up-to-date: /root/ros2_ws/install/task2/share/ament_index/resource_index/parent_prefix_path/task2
[3.267s] -- Up-to-date: /root/ros2_ws/install/task2/share/task2/environment/ament_prefix_path.sh
[3.267s] -- Installing: /root/ros2_ws/install/task2/share/task2/environment/ament_prefix_path.dsv
[3.268s] -- Up-to-date: /root/ros2_ws/install/task2/share/task2/environment/path.sh
[3.268s] -- Installing: /root/ros2_ws/install/task2/share/task2/environment/path.dsv
[3.268s] -- Up-to-date: /root/ros2_ws/install/task2/share/task2/local_setup.bash
[3.268s] -- Installing: /root/ros2_ws/install/task2/share/task2/local_setup.sh
[3.268s] -- Up-to-date: /root/ros2_ws/install/task2/share/task2/local_setup.zsh
[3.268s] -- Installing: /root/ros2_ws/install/task2/share/task2/local_setup.dsv
[3.268s] -- Installing: /root/ros2_ws/install/task2/share/task2/package.dsv
[3.268s] -- Up-to-date: /root/ros2_ws/install/task2/share/ament_index/resource_index/packages/task2
[3.268s] -- Installing: /root/ros2_ws/install/task2/share/task2/cmake/export_task2__rosidl_generator_cExport.cmake
[3.268s] -- Installing: /root/ros2_ws/install/task2/share/task2/cmake/export_task2__rosidl_generator_cExport-noconfig.cmake
[3.268s] -- Installing: /root/ros2_ws/install/task2/share/task2/cmake/export_task2__rosidl_typesupport_fastrtps_cExport.cmake
[3.268s] -- Installing: /root/ros2_ws/install/task2/share/task2/cmake/export_task2__rosidl_typesupport_fastrtps_cExport-noconfig.cmake
[3.268s] -- Installing: /root/ros2_ws/install/task2/share/task2/cmake/task2__rosidl_typesupport_introspection_cExport.cmake
[3.268s] -- Installing: /root/ros2_ws/install/task2/share/task2/cmake/task2__rosidl_typesupport_introspection_cExport-noconfig.cmake
[3.268s] -- Installing: /root/ros2_ws/install/task2/share/task2/cmake/task2__rosidl_typesupport_cExport.cmake
[3.268s] -- Installing: /root/ros2_ws/install/task2/share/task2/cmake/task2__rosidl_typesupport_cExport-noconfig.cmake
[3.268s] -- Installing: /root/ros2_ws/install/task2/share/task2/cmake/export_task2__rosidl_generator_cppExport.cmake
[3.268s] -- Installing: /root/ros2_ws/install/task2/share/task2/cmake/export_task2__rosidl_typesupport_fastrtps_cppExport.cmake
[3.268s] -- Installing: /root/ros2_ws/install/task2/share/task2/cmake/export_task2__rosidl_typesupport_fastrtps_cppExport-noconfig.cmake
[3.269s] -- Installing: /root/ros2_ws/install/task2/share/task2/cmake/task2__rosidl_typesupport_introspection_cppExport.cmake
[3.269s] -- Installing: /root/ros2_ws/install/task2/share/task2/cmake/task2__rosidl_typesupport_introspection_cppExport-noconfig.cmake
[3.269s] -- Installing: /root/ros2_ws/install/task2/share/task2/cmake/task2__rosidl_typesupport_cppExport.cmake
[3.269s] -- Installing: /root/ros2_ws/install/task2/share/task2/cmake/task2__rosidl_typesupport_cppExport-noconfig.cmake
[3.269s] -- Installing: /root/ros2_ws/install/task2/share/task2/cmake/export_task2__rosidl_generator_pyExport.cmake
[3.269s] -- Installing: /root/ros2_ws/install/task2/share/task2/cmake/export_task2__rosidl_generator_pyExport-noconfig.cmake
[3.269s] -- Installing: /root/ros2_ws/install/task2/share/task2/cmake/rosidl_cmake-extras.cmake
[3.269s] -- Installing: /root/ros2_ws/install/task2/share/task2/cmake/ament_cmake_export_include_directories-extras.cmake
[3.269s] -- Installing: /root/ros2_ws/install/task2/share/task2/cmake/ament_cmake_export_libraries-extras.cmake
[3.269s] -- Installing: /root/ros2_ws/install/task2/share/task2/cmake/ament_cmake_export_targets-extras.cmake
[3.269s] -- Installing: /root/ros2_ws/install/task2/share/task2/cmake/rosidl_cmake_export_typesupport_targets-extras.cmake
[3.269s] -- Installing: /root/ros2_ws/install/task2/share/task2/cmake/ament_cmake_export_dependencies-extras.cmake
[3.269s] -- Installing: /root/ros2_ws/install/task2/share/task2/cmake/rosidl_cmake_export_typesupport_libraries-extras.cmake
[3.269s] -- Installing: /root/ros2_ws/install/task2/share/task2/cmake/task2Config.cmake
[3.269s] -- Up-to-date: /root/ros2_ws/install/task2/share/task2/cmake/task2Config-version.cmake
[3.269s] -- Installing: /root/ros2_ws/install/task2/share/task2/package.xml
[3.271s] Invoked command in '/root/ros2_ws/build/task2' returned '0': CMAKE_PREFIX_PATH=${CMAKE_PREFIX_PATH}:/root/ros2_ws/install/task1:/root/ros2_ws/install/py_srvcli:/root/ros2_ws/install/py_pubsub:/root/ros2_ws/install/my_action_pkg:/root/ros2_ws/install/launch_testing_examples:/root/ros2_ws/install/examples_rclpy_pointcloud_publisher:/root/ros2_ws/install/examples_rclpy_minimal_subscriber:/root/ros2_ws/install/examples_rclpy_minimal_service:/root/ros2_ws/install/examples_rclpy_minimal_publisher:/root/ros2_ws/install/examples_rclpy_minimal_client:/root/ros2_ws/install/examples_rclpy_minimal_action_server:/root/ros2_ws/install/examples_rclpy_minimal_action_client:/root/ros2_ws/install/examples_rclpy_guard_conditions:/root/ros2_ws/install/examples_rclpy_executors:/opt/ros/humble /usr/bin/cmake --install /root/ros2_ws/build/task2
