[0.013s] Invoking command in '/root/ros2_ws/build/examples_rclcpp_wait_set': CMAKE_PREFIX_PATH=/opt/ros/humble /usr/bin/cmake /root/ros2_ws/src/examples/rclcpp/wait_set -DCMAKE_INSTALL_PREFIX=/root/ros2_ws/install/examples_rclcpp_wait_set
[0.027s] [0mCMake Deprecation Warning at CMakeLists.txt:1 (cmake_minimum_required):
[0.027s]   Compatibility with CMake < 3.10 will be removed from a future version of
[0.027s]   CMake.
[0.027s] 
[0.027s]   Update the VERSION argument <min> value.  Or, use the <min>...<max> syntax
[0.028s]   to tell CMake that the project requires at least <min> but has been updated
[0.028s]   to work with policies introduced by <max> or earlier.
[0.028s] 
[0.028s] [0m
[0.131s] -- The C compiler identification is GNU 11.4.0
[0.240s] -- The CXX compiler identification is GNU 11.4.0
[0.256s] -- Detecting C compiler ABI info
[0.345s] -- Detecting C compiler ABI info - done
[0.369s] -- Check for working C compiler: /usr/bin/cc - skipped
[0.371s] -- Detecting C compile features
[0.372s] -- Detecting C compile features - done
[0.392s] -- Detecting CXX compiler ABI info
[0.496s] -- Detecting CXX compiler ABI info - done
[0.522s] -- Check for working CXX compiler: /usr/bin/c++ - skipped
[0.523s] -- Detecting CXX compile features
[0.524s] -- Detecting CXX compile features - done
[0.540s] -- Found ament_cmake: 1.3.14 (/opt/ros/humble/share/ament_cmake/cmake)
[0.737s] -- Found Python3: /usr/bin/python3 (found version "3.10.12") found components: Interpreter
[0.879s] -- Found example_interfaces: 0.9.3 (/opt/ros/humble/share/example_interfaces/cmake)
[0.960s] -- Found rosidl_generator_c: 3.1.8 (/opt/ros/humble/share/rosidl_generator_c/cmake)
[0.971s] -- Found rosidl_adapter: 3.1.8 (/opt/ros/humble/share/rosidl_adapter/cmake)
[0.989s] -- Found rosidl_generator_cpp: 3.1.8 (/opt/ros/humble/share/rosidl_generator_cpp/cmake)
[1.011s] -- Using all available rosidl_typesupport_c: rosidl_typesupport_fastrtps_c;rosidl_typesupport_introspection_c
[1.038s] -- Using all available rosidl_typesupport_cpp: rosidl_typesupport_fastrtps_cpp;rosidl_typesupport_introspection_cpp
[1.128s] -- Found rclcpp: 16.0.19 (/opt/ros/humble/share/rclcpp/cmake)
[1.185s] -- Found rmw_implementation_cmake: 6.1.2 (/opt/ros/humble/share/rmw_implementation_cmake/cmake)
[1.189s] -- Found rmw_fastrtps_cpp: 6.2.10 (/opt/ros/humble/share/rmw_fastrtps_cpp/cmake)
[1.313s] -- Found OpenSSL: /usr/lib/x86_64-linux-gnu/libcrypto.so (found version "3.0.2")
[1.366s] -- Found FastRTPS: /opt/ros/humble/include
[1.454s] -- Using RMW implementation 'rmw_fastrtps_cpp' as default
[1.472s] -- Performing Test CMAKE_HAVE_LIBC_PTHREAD
[1.566s] -- Performing Test CMAKE_HAVE_LIBC_PTHREAD - Success
[1.567s] -- Found Threads: TRUE
[1.659s] -- Found rclcpp_components: 16.0.19 (/opt/ros/humble/share/rclcpp_components/cmake)
[1.719s] -- Found ament_lint_auto: 0.12.15 (/opt/ros/humble/share/ament_lint_auto/cmake)
[1.818s] -- Added test 'copyright' to check source files copyright and LICENSE
[1.820s] -- Added test 'cppcheck' to perform static code analysis on C / C++ code
[1.821s] -- Configured cppcheck include dirs: /root/ros2_ws/src/examples/rclcpp/wait_set/include
[1.821s] -- Configured cppcheck exclude dirs and/or files: 
[1.822s] -- Added test 'cpplint' to check C / C++ code against the Google style
[1.822s] -- Configured cpplint exclude dirs and/or files: 
[1.823s] -- Added test 'lint_cmake' to check CMake code style
[1.825s] -- Added test 'uncrustify' to check C / C++ code style
[1.825s] -- Configured uncrustify additional arguments: 
[1.826s] -- Added test 'xmllint' to check XML markup files
[1.827s] -- Configuring done (1.8s)
[1.906s] -- Generating done (0.1s)
[1.953s] -- Build files have been written to: /root/ros2_ws/build/examples_rclcpp_wait_set
[1.964s] Invoked command in '/root/ros2_ws/build/examples_rclcpp_wait_set' returned '0': CMAKE_PREFIX_PATH=/opt/ros/humble /usr/bin/cmake /root/ros2_ws/src/examples/rclcpp/wait_set -DCMAKE_INSTALL_PREFIX=/root/ros2_ws/install/examples_rclcpp_wait_set
[1.966s] Invoking command in '/root/ros2_ws/build/examples_rclcpp_wait_set': CMAKE_PREFIX_PATH=/opt/ros/humble /usr/bin/cmake --build /root/ros2_ws/build/examples_rclcpp_wait_set -- -j28 -l28
[2.012s] [  4%] [32mBuilding CXX object CMakeFiles/wait_set_listener.dir/rclcpp_components/node_main_wait_set_listener.cpp.o[0m
[2.012s] [  8%] [32mBuilding CXX object CMakeFiles/wait_set.dir/src/wait_set.cpp.o[0m
[2.013s] [ 12%] [32mBuilding CXX object CMakeFiles/wait_set_talker.dir/rclcpp_components/node_main_wait_set_talker.cpp.o[0m
[2.013s] [ 16%] [32mBuilding CXX object CMakeFiles/thread_safe_wait_set.dir/src/thread_safe_wait_set.cpp.o[0m
[2.015s] [ 20%] [32mBuilding CXX object CMakeFiles/static_wait_set.dir/src/static_wait_set.cpp.o[0m
[2.015s] [ 29%] [32mBuilding CXX object CMakeFiles/talker.dir/src/talker.cpp.o[0m
[2.015s] [ 29%] [32mBuilding CXX object CMakeFiles/listener.dir/src/listener.cpp.o[0m
[2.015s] [ 37%] [32mBuilding CXX object CMakeFiles/wait_set_topics_and_timer.dir/src/wait_set_topics_and_timer.cpp.o[0m
[2.015s] [ 37%] [32mBuilding CXX object CMakeFiles/wait_set_random_order.dir/src/wait_set_random_order.cpp.o[0m
[2.017s] [ 41%] [32mBuilding CXX object CMakeFiles/executor_random_order.dir/src/executor_random_order.cpp.o[0m
[2.018s] [ 45%] [32mBuilding CXX object CMakeFiles/wait_set_topics_with_different_rates.dir/src/wait_set_topics_with_different_rates.cpp.o[0m
[5.646s] [ 50%] [1m[32mLinking CXX executable wait_set_listener[0m
[5.809s] [ 50%] Built target wait_set_listener
[7.630s] [ 54%] [1m[32mLinking CXX executable wait_set_talker[0m
[7.806s] [ 54%] Built target wait_set_talker
[10.081s] [ 58%] [1m[32mLinking CXX shared library libtalker.so[0m
[10.348s] [ 58%] Built target talker
[11.595s] [ 62%] [1m[32mLinking CXX executable static_wait_set[0m
[12.008s] [ 62%] Built target static_wait_set
[12.063s] [ 66%] [1m[32mLinking CXX executable wait_set_topics_and_timer[0m
[12.125s] [ 70%] [1m[32mLinking CXX executable wait_set[0m
[12.211s] [ 75%] [1m[32mLinking CXX executable wait_set_topics_with_different_rates[0m
[12.504s] [ 79%] [1m[32mLinking CXX executable wait_set_random_order[0m
[12.511s] [ 79%] Built target wait_set_topics_and_timer
[12.551s] [ 83%] [1m[32mLinking CXX shared library liblistener.so[0m
[12.625s] [ 83%] Built target wait_set
[12.725s] [ 87%] [1m[32mLinking CXX executable executor_random_order[0m
[12.750s] [ 87%] Built target wait_set_topics_with_different_rates
[12.970s] [ 87%] Built target wait_set_random_order
[13.037s] [ 87%] Built target listener
[13.056s] [ 91%] [32mBuilding CXX object CMakeFiles/wait_set_composed.dir/src/wait_set_composed.cpp.o[0m
[13.132s] [ 91%] Built target executor_random_order
[13.317s] [ 95%] [1m[32mLinking CXX executable thread_safe_wait_set[0m
[13.862s] [ 95%] Built target thread_safe_wait_set
[15.897s] [100%] [1m[32mLinking CXX executable wait_set_composed[0m
[16.086s] [100%] Built target wait_set_composed
[16.094s] Invoked command in '/root/ros2_ws/build/examples_rclcpp_wait_set' returned '0': CMAKE_PREFIX_PATH=/opt/ros/humble /usr/bin/cmake --build /root/ros2_ws/build/examples_rclcpp_wait_set -- -j28 -l28
[16.096s] Invoking command in '/root/ros2_ws/build/examples_rclcpp_wait_set': CMAKE_PREFIX_PATH=/opt/ros/humble /usr/bin/cmake --install /root/ros2_ws/build/examples_rclcpp_wait_set
[16.101s] -- Install configuration: ""
[16.101s] -- Installing: /root/ros2_ws/install/examples_rclcpp_wait_set/lib/examples_rclcpp_wait_set/wait_set_talker
[16.101s] -- Set non-toolchain portion of runtime path of "/root/ros2_ws/install/examples_rclcpp_wait_set/lib/examples_rclcpp_wait_set/wait_set_talker" to ""
[16.101s] -- Installing: /root/ros2_ws/install/examples_rclcpp_wait_set/lib/examples_rclcpp_wait_set/wait_set_listener
[16.102s] -- Set non-toolchain portion of runtime path of "/root/ros2_ws/install/examples_rclcpp_wait_set/lib/examples_rclcpp_wait_set/wait_set_listener" to ""
[16.102s] -- Installing: /root/ros2_ws/install/examples_rclcpp_wait_set/lib/libtalker.so
[16.103s] -- Set non-toolchain portion of runtime path of "/root/ros2_ws/install/examples_rclcpp_wait_set/lib/libtalker.so" to ""
[16.104s] -- Installing: /root/ros2_ws/install/examples_rclcpp_wait_set/lib/liblistener.so
[16.110s] -- Set non-toolchain portion of runtime path of "/root/ros2_ws/install/examples_rclcpp_wait_set/lib/liblistener.so" to ""
[16.110s] -- Installing: /root/ros2_ws/install/examples_rclcpp_wait_set/lib/examples_rclcpp_wait_set/wait_set
[16.113s] -- Set non-toolchain portion of runtime path of "/root/ros2_ws/install/examples_rclcpp_wait_set/lib/examples_rclcpp_wait_set/wait_set" to ""
[16.113s] -- Installing: /root/ros2_ws/install/examples_rclcpp_wait_set/lib/examples_rclcpp_wait_set/static_wait_set
[16.116s] -- Set non-toolchain portion of runtime path of "/root/ros2_ws/install/examples_rclcpp_wait_set/lib/examples_rclcpp_wait_set/static_wait_set" to ""
[16.116s] -- Installing: /root/ros2_ws/install/examples_rclcpp_wait_set/lib/examples_rclcpp_wait_set/thread_safe_wait_set
[16.120s] -- Set non-toolchain portion of runtime path of "/root/ros2_ws/install/examples_rclcpp_wait_set/lib/examples_rclcpp_wait_set/thread_safe_wait_set" to ""
[16.120s] -- Installing: /root/ros2_ws/install/examples_rclcpp_wait_set/lib/examples_rclcpp_wait_set/wait_set_topics_and_timer
[16.123s] -- Set non-toolchain portion of runtime path of "/root/ros2_ws/install/examples_rclcpp_wait_set/lib/examples_rclcpp_wait_set/wait_set_topics_and_timer" to ""
[16.123s] -- Installing: /root/ros2_ws/install/examples_rclcpp_wait_set/lib/examples_rclcpp_wait_set/wait_set_random_order
[16.126s] -- Set non-toolchain portion of runtime path of "/root/ros2_ws/install/examples_rclcpp_wait_set/lib/examples_rclcpp_wait_set/wait_set_random_order" to ""
[16.126s] -- Installing: /root/ros2_ws/install/examples_rclcpp_wait_set/lib/examples_rclcpp_wait_set/executor_random_order
[16.129s] -- Set non-toolchain portion of runtime path of "/root/ros2_ws/install/examples_rclcpp_wait_set/lib/examples_rclcpp_wait_set/executor_random_order" to ""
[16.129s] -- Installing: /root/ros2_ws/install/examples_rclcpp_wait_set/lib/examples_rclcpp_wait_set/wait_set_topics_with_different_rates
[16.132s] -- Set non-toolchain portion of runtime path of "/root/ros2_ws/install/examples_rclcpp_wait_set/lib/examples_rclcpp_wait_set/wait_set_topics_with_different_rates" to ""
[16.133s] -- Installing: /root/ros2_ws/install/examples_rclcpp_wait_set/lib/examples_rclcpp_wait_set/wait_set_composed
[16.133s] -- Set non-toolchain portion of runtime path of "/root/ros2_ws/install/examples_rclcpp_wait_set/lib/examples_rclcpp_wait_set/wait_set_composed" to ""
[16.133s] -- Installing: /root/ros2_ws/install/examples_rclcpp_wait_set/share/ament_index/resource_index/package_run_dependencies/examples_rclcpp_wait_set
[16.133s] -- Installing: /root/ros2_ws/install/examples_rclcpp_wait_set/share/ament_index/resource_index/parent_prefix_path/examples_rclcpp_wait_set
[16.134s] -- Installing: /root/ros2_ws/install/examples_rclcpp_wait_set/share/examples_rclcpp_wait_set/environment/ament_prefix_path.sh
[16.134s] -- Installing: /root/ros2_ws/install/examples_rclcpp_wait_set/share/examples_rclcpp_wait_set/environment/ament_prefix_path.dsv
[16.134s] -- Installing: /root/ros2_ws/install/examples_rclcpp_wait_set/share/examples_rclcpp_wait_set/environment/path.sh
[16.134s] -- Installing: /root/ros2_ws/install/examples_rclcpp_wait_set/share/examples_rclcpp_wait_set/environment/path.dsv
[16.134s] -- Installing: /root/ros2_ws/install/examples_rclcpp_wait_set/share/examples_rclcpp_wait_set/local_setup.bash
[16.134s] -- Installing: /root/ros2_ws/install/examples_rclcpp_wait_set/share/examples_rclcpp_wait_set/local_setup.sh
[16.134s] -- Installing: /root/ros2_ws/install/examples_rclcpp_wait_set/share/examples_rclcpp_wait_set/local_setup.zsh
[16.134s] -- Installing: /root/ros2_ws/install/examples_rclcpp_wait_set/share/examples_rclcpp_wait_set/local_setup.dsv
[16.134s] -- Installing: /root/ros2_ws/install/examples_rclcpp_wait_set/share/examples_rclcpp_wait_set/package.dsv
[16.134s] -- Installing: /root/ros2_ws/install/examples_rclcpp_wait_set/share/ament_index/resource_index/packages/examples_rclcpp_wait_set
[16.134s] -- Installing: /root/ros2_ws/install/examples_rclcpp_wait_set/share/ament_index/resource_index/rclcpp_components/examples_rclcpp_wait_set
[16.134s] -- Installing: /root/ros2_ws/install/examples_rclcpp_wait_set/share/examples_rclcpp_wait_set/cmake/examples_rclcpp_wait_setConfig.cmake
[16.134s] -- Installing: /root/ros2_ws/install/examples_rclcpp_wait_set/share/examples_rclcpp_wait_set/cmake/examples_rclcpp_wait_setConfig-version.cmake
[16.134s] -- Installing: /root/ros2_ws/install/examples_rclcpp_wait_set/share/examples_rclcpp_wait_set/package.xml
[16.136s] Invoked command in '/root/ros2_ws/build/examples_rclcpp_wait_set' returned '0': CMAKE_PREFIX_PATH=/opt/ros/humble /usr/bin/cmake --install /root/ros2_ws/build/examples_rclcpp_wait_set
