[0.169s] Invoking command in '/root/ros2_ws/build/task2': CMAKE_PREFIX_PATH=${CMAKE_PREFIX_PATH}:/root/ros2_ws/install/task2_tester:/root/ros2_ws/install/task1:/root/ros2_ws/install/py_srvcli:/root/ros2_ws/install/py_pubsub:/root/ros2_ws/install/my_action_pkg:/root/ros2_ws/install/launch_testing_examples:/root/ros2_ws/install/examples_rclpy_pointcloud_publisher:/root/ros2_ws/install/examples_rclpy_minimal_subscriber:/root/ros2_ws/install/examples_rclpy_minimal_service:/root/ros2_ws/install/examples_rclpy_minimal_publisher:/root/ros2_ws/install/examples_rclpy_minimal_client:/root/ros2_ws/install/examples_rclpy_minimal_action_server:/root/ros2_ws/install/examples_rclpy_minimal_action_client:/root/ros2_ws/install/examples_rclpy_guard_conditions:/root/ros2_ws/install/examples_rclpy_executors:/opt/ros/humble /usr/bin/cmake --build /root/ros2_ws/build/task2 -- -j28 -l28
[0.182s] [0mCMake Deprecation Warning at CMakeLists.txt:1 (cmake_minimum_required):
[0.182s]   Compatibility with CMake < 3.10 will be removed from a future version of
[0.182s]   CMake.
[0.182s] 
[0.182s]   Update the VERSION argument <min> value.  Or, use the <min>...<max> syntax
[0.182s]   to tell CMake that the project requires at least <min> but has been updated
[0.182s]   to work with policies introduced by <max> or earlier.
[0.183s] 
[0.183s] [0m
[0.186s] -- Found ament_cmake: 1.3.14 (/opt/ros/humble/share/ament_cmake/cmake)
[0.367s] -- Found ament_lint_auto: 0.12.15 (/opt/ros/humble/share/ament_lint_auto/cmake)
[0.417s] -- Found rosidl_default_generators: 1.2.1 (/opt/ros/humble/share/rosidl_default_generators/cmake)
[0.420s] -- Using all available rosidl_typesupport_c: rosidl_typesupport_fastrtps_c;rosidl_typesupport_introspection_c
[0.422s] -- Found rosidl_adapter: 3.1.8 (/opt/ros/humble/share/rosidl_adapter/cmake)
[0.444s] -- Using all available rosidl_typesupport_cpp: rosidl_typesupport_fastrtps_cpp;rosidl_typesupport_introspection_cpp
[0.764s] -- Found ament_cmake_ros: 0.10.0 (/opt/ros/humble/share/ament_cmake_ros/cmake)
[1.242s] -- Using all available rosidl_typesupport_c: rosidl_typesupport_fastrtps_c;rosidl_typesupport_introspection_c
[1.860s] -- Using all available rosidl_typesupport_cpp: rosidl_typesupport_fastrtps_cpp;rosidl_typesupport_introspection_cpp
[1.861s] [33mCMake Warning (dev) at /opt/ros/humble/share/rosidl_generator_py/cmake/rosidl_generator_py_generate_interfaces.cmake:20 (find_package):
[1.861s]   Policy CMP0148 is not set: The FindPythonInterp and FindPythonLibs modules
[1.861s]   are removed.  Run "cmake --help-policy CMP0148" for policy details.  Use
[1.861s]   the cmake_policy command to set the policy and suppress this warning.
[1.861s] 
[1.861s] Call Stack (most recent call first):
[1.862s]   /opt/ros/humble/share/ament_cmake_core/cmake/core/ament_execute_extensions.cmake:48 (include)
[1.862s]   /opt/ros/humble/share/rosidl_cmake/cmake/rosidl_generate_interfaces.cmake:286 (ament_execute_extensions)
[1.862s]   CMakeLists.txt:28 (rosidl_generate_interfaces)
[1.862s] This warning is for project developers.  Use -Wno-dev to suppress it.
[1.862s] [0m
[1.885s] -- Found python_cmake_module: 0.10.0 (/opt/ros/humble/share/python_cmake_module/cmake)
[1.886s] [33mCMake Warning (dev) at /opt/ros/humble/share/python_cmake_module/cmake/Modules/FindPythonExtra.cmake:52 (find_package):
[1.886s]   Policy CMP0148 is not set: The FindPythonInterp and FindPythonLibs modules
[1.886s]   are removed.  Run "cmake --help-policy CMP0148" for policy details.  Use
[1.886s]   the cmake_policy command to set the policy and suppress this warning.
[1.886s] 
[1.886s] Call Stack (most recent call first):
[1.886s]   /opt/ros/humble/share/rosidl_generator_py/cmake/rosidl_generator_py_generate_interfaces.cmake:23 (find_package)
[1.886s]   /opt/ros/humble/share/ament_cmake_core/cmake/core/ament_execute_extensions.cmake:48 (include)
[1.886s]   /opt/ros/humble/share/rosidl_cmake/cmake/rosidl_generate_interfaces.cmake:286 (ament_execute_extensions)
[1.886s]   CMakeLists.txt:28 (rosidl_generate_interfaces)
[1.886s] This warning is for project developers.  Use -Wno-dev to suppress it.
[1.887s] [0m
[1.913s] [33mCMake Warning (dev) at /opt/ros/humble/share/python_cmake_module/cmake/Modules/FindPythonExtra.cmake:140 (find_package):
[1.913s]   Policy CMP0148 is not set: The FindPythonInterp and FindPythonLibs modules
[1.913s]   are removed.  Run "cmake --help-policy CMP0148" for policy details.  Use
[1.913s]   the cmake_policy command to set the policy and suppress this warning.
[1.913s] 
[1.913s] Call Stack (most recent call first):
[1.913s]   /opt/ros/humble/share/rosidl_generator_py/cmake/rosidl_generator_py_generate_interfaces.cmake:23 (find_package)
[1.913s]   /opt/ros/humble/share/ament_cmake_core/cmake/core/ament_execute_extensions.cmake:48 (include)
[1.913s]   /opt/ros/humble/share/rosidl_cmake/cmake/rosidl_generate_interfaces.cmake:286 (ament_execute_extensions)
[1.913s]   CMakeLists.txt:28 (rosidl_generate_interfaces)
[1.914s] This warning is for project developers.  Use -Wno-dev to suppress it.
[1.914s] [0m
[1.914s] -- Using PYTHON_EXECUTABLE: /usr/bin/python3
[1.914s] -- Using PYTHON_INCLUDE_DIRS: /usr/include/python3.10
[1.915s] -- Using PYTHON_LIBRARIES: /usr/lib/x86_64-linux-gnu/libpython3.10.so
[2.081s] -- Added test 'lint_cmake' to check CMake code style
[2.082s] -- Added test 'xmllint' to check XML markup files
[2.084s] -- Configuring done (1.9s)
[2.104s] -- Generating done (0.0s)
[2.112s] -- Build files have been written to: /root/ros2_ws/build/task2
[2.126s] [  3%] [1m[34mGenerating C code for ROS interfaces[0m
[2.134s] [  6%] [1m[34mGenerating C++ code for ROS interfaces[0m
[2.134s] [  9%] [1m[34mGenerating Rust code for ROS interfaces[0m
[2.141s] [  9%] Built target ament_cmake_python_copy_task2
[2.287s] [  9%] Built target task2__rs
[2.294s] running egg_info
[2.294s] writing task2.egg-info/PKG-INFO
[2.294s] writing dependency_links to task2.egg-info/dependency_links.txt
[2.294s] writing top-level names to task2.egg-info/top_level.txt
[2.296s] reading manifest file 'task2.egg-info/SOURCES.txt'
[2.296s] writing manifest file 'task2.egg-info/SOURCES.txt'
[2.297s] [ 12%] [32mBuilding C object CMakeFiles/task2__rosidl_generator_c.dir/rosidl_generator_c/task2/msg/detail/robo_status__functions.c.o[0m
[2.302s] [ 12%] Built target task2__cpp
[2.307s] [ 15%] [1m[34mGenerating C++ type support for eProsima Fast-RTPS[0m
[2.307s] [ 18%] [1m[34mGenerating C++ type support dispatch for ROS interfaces[0m
[2.307s] [ 21%] [1m[34mGenerating C++ introspection for ROS interfaces[0m
[2.310s] [ 21%] Built target ament_cmake_python_build_task2_egg
[2.331s] [ 25%] [1m[32mLinking C shared library libtask2__rosidl_generator_c.so[0m
[2.357s] [ 25%] Built target task2__rosidl_generator_c
[2.361s] [ 28%] [1m[34mGenerating C introspection for ROS interfaces[0m
[2.362s] [ 31%] [1m[34mGenerating C type support dispatch for ROS interfaces[0m
[2.362s] [ 34%] [1m[34mGenerating C type support for eProsima Fast-RTPS[0m
[2.448s] [ 37%] [32mBuilding CXX object CMakeFiles/task2__rosidl_typesupport_cpp.dir/rosidl_typesupport_cpp/task2/msg/robo_status__type_support.cpp.o[0m
[2.456s] [ 40%] [32mBuilding CXX object CMakeFiles/task2__rosidl_typesupport_introspection_cpp.dir/rosidl_typesupport_introspection_cpp/task2/msg/detail/robo_status__type_support.cpp.o[0m
[2.459s] [ 43%] [32mBuilding CXX object CMakeFiles/task2__rosidl_typesupport_fastrtps_cpp.dir/rosidl_typesupport_fastrtps_cpp/task2/msg/detail/dds_fastrtps/robo_status__type_support.cpp.o[0m
[2.506s] [ 46%] [32mBuilding CXX object CMakeFiles/task2__rosidl_typesupport_c.dir/rosidl_typesupport_c/task2/msg/robo_status__type_support.cpp.o[0m
[2.508s] [ 50%] [32mBuilding C object CMakeFiles/task2__rosidl_typesupport_introspection_c.dir/rosidl_typesupport_introspection_c/task2/msg/detail/robo_status__type_support.c.o[0m
[2.526s] [ 53%] [1m[32mLinking CXX shared library libtask2__rosidl_typesupport_c.so[0m
[2.530s] [ 56%] [32mBuilding CXX object CMakeFiles/task2__rosidl_typesupport_fastrtps_c.dir/rosidl_typesupport_fastrtps_c/task2/msg/detail/robo_status__type_support_c.cpp.o[0m
[2.534s] [ 59%] [1m[32mLinking C shared library libtask2__rosidl_typesupport_introspection_c.so[0m
[2.554s] [ 59%] Built target task2__rosidl_typesupport_introspection_c
[2.555s] [ 59%] Built target task2__rosidl_typesupport_c
[2.634s] [ 62%] [1m[32mLinking CXX shared library libtask2__rosidl_typesupport_cpp.so[0m
[2.662s] [ 62%] Built target task2__rosidl_typesupport_cpp
[2.670s] [ 65%] [1m[32mLinking CXX shared library libtask2__rosidl_typesupport_introspection_cpp.so[0m
[2.676s] [ 68%] [1m[32mLinking CXX shared library libtask2__rosidl_typesupport_fastrtps_cpp.so[0m
[2.709s] [ 68%] Built target task2__rosidl_typesupport_introspection_cpp
[2.723s] [ 68%] Built target task2__rosidl_typesupport_fastrtps_cpp
[2.723s] [ 71%] [1m[32mLinking CXX shared library libtask2__rosidl_typesupport_fastrtps_c.so[0m
[2.785s] [ 71%] Built target task2__rosidl_typesupport_fastrtps_c
[2.798s] [ 71%] Built target task2
[2.814s] [ 75%] [1m[34mGenerating Python code for ROS interfaces[0m
[3.016s] [ 75%] Built target task2__py
[3.034s] [ 78%] [32mBuilding C object CMakeFiles/task2__rosidl_generator_py.dir/rosidl_generator_py/task2/msg/_robo_status_s.c.o[0m
[3.103s] [ 81%] [1m[32mLinking C shared library rosidl_generator_py/task2/libtask2__rosidl_generator_py.so[0m
[3.138s] [ 81%] Built target task2__rosidl_generator_py
[3.159s] [ 84%] [32mBuilding C object CMakeFiles/task2__rosidl_typesupport_fastrtps_c__pyext.dir/rosidl_generator_py/task2/_task2_s.ep.rosidl_typesupport_fastrtps_c.c.o[0m
[3.159s] [ 87%] [32mBuilding C object CMakeFiles/task2__rosidl_typesupport_c__pyext.dir/rosidl_generator_py/task2/_task2_s.ep.rosidl_typesupport_c.c.o[0m
[3.160s] [ 90%] [32mBuilding C object CMakeFiles/task2__rosidl_typesupport_introspection_c__pyext.dir/rosidl_generator_py/task2/_task2_s.ep.rosidl_typesupport_introspection_c.c.o[0m
[3.217s] [ 93%] [1m[32mLinking C shared library rosidl_generator_py/task2/task2_s__rosidl_typesupport_c.cpython-310-x86_64-linux-gnu.so[0m
[3.222s] [ 96%] [1m[32mLinking C shared library rosidl_generator_py/task2/task2_s__rosidl_typesupport_fastrtps_c.cpython-310-x86_64-linux-gnu.so[0m
[3.222s] [100%] [1m[32mLinking C shared library rosidl_generator_py/task2/task2_s__rosidl_typesupport_introspection_c.cpython-310-x86_64-linux-gnu.so[0m
[3.241s] [100%] Built target task2__rosidl_typesupport_c__pyext
[3.245s] [100%] Built target task2__rosidl_typesupport_fastrtps_c__pyext
[3.248s] [100%] Built target task2__rosidl_typesupport_introspection_c__pyext
[3.258s] Invoked command in '/root/ros2_ws/build/task2' returned '0': CMAKE_PREFIX_PATH=${CMAKE_PREFIX_PATH}:/root/ros2_ws/install/task2_tester:/root/ros2_ws/install/task1:/root/ros2_ws/install/py_srvcli:/root/ros2_ws/install/py_pubsub:/root/ros2_ws/install/my_action_pkg:/root/ros2_ws/install/launch_testing_examples:/root/ros2_ws/install/examples_rclpy_pointcloud_publisher:/root/ros2_ws/install/examples_rclpy_minimal_subscriber:/root/ros2_ws/install/examples_rclpy_minimal_service:/root/ros2_ws/install/examples_rclpy_minimal_publisher:/root/ros2_ws/install/examples_rclpy_minimal_client:/root/ros2_ws/install/examples_rclpy_minimal_action_server:/root/ros2_ws/install/examples_rclpy_minimal_action_client:/root/ros2_ws/install/examples_rclpy_guard_conditions:/root/ros2_ws/install/examples_rclpy_executors:/opt/ros/humble /usr/bin/cmake --build /root/ros2_ws/build/task2 -- -j28 -l28
[3.264s] Invoking command in '/root/ros2_ws/build/task2': CMAKE_PREFIX_PATH=${CMAKE_PREFIX_PATH}:/root/ros2_ws/install/task2_tester:/root/ros2_ws/install/task1:/root/ros2_ws/install/py_srvcli:/root/ros2_ws/install/py_pubsub:/root/ros2_ws/install/my_action_pkg:/root/ros2_ws/install/launch_testing_examples:/root/ros2_ws/install/examples_rclpy_pointcloud_publisher:/root/ros2_ws/install/examples_rclpy_minimal_subscriber:/root/ros2_ws/install/examples_rclpy_minimal_service:/root/ros2_ws/install/examples_rclpy_minimal_publisher:/root/ros2_ws/install/examples_rclpy_minimal_client:/root/ros2_ws/install/examples_rclpy_minimal_action_server:/root/ros2_ws/install/examples_rclpy_minimal_action_client:/root/ros2_ws/install/examples_rclpy_guard_conditions:/root/ros2_ws/install/examples_rclpy_executors:/opt/ros/humble /usr/bin/cmake --install /root/ros2_ws/build/task2
[3.271s] -- Install configuration: ""
[3.271s] -- Installing: /root/ros2_ws/install/task2/share/ament_index/resource_index/rosidl_interfaces/task2
[3.271s] -- Up-to-date: /root/ros2_ws/install/task2/include/task2/task2
[3.272s] -- Up-to-date: /root/ros2_ws/install/task2/include/task2/task2/msg
[3.272s] -- Up-to-date: /root/ros2_ws/install/task2/include/task2/task2/msg/detail
[3.272s] -- Up-to-date: /root/ros2_ws/install/task2/include/task2/task2/msg/detail/robot_status__type_support.h
[3.272s] -- Installing: /root/ros2_ws/install/task2/include/task2/task2/msg/detail/robo_status__functions.c
[3.272s] -- Up-to-date: /root/ros2_ws/install/task2/include/task2/task2/msg/detail/robot_status__struct.h
[3.272s] -- Installing: /root/ros2_ws/install/task2/include/task2/task2/msg/detail/robo_status__type_support.h
[3.272s] -- Installing: /root/ros2_ws/install/task2/include/task2/task2/msg/detail/robo_status__struct.h
[3.272s] -- Up-to-date: /root/ros2_ws/install/task2/include/task2/task2/msg/detail/robot_status__functions.h
[3.272s] -- Up-to-date: /root/ros2_ws/install/task2/include/task2/task2/msg/detail/robot_status__functions.c
[3.272s] -- Installing: /root/ros2_ws/install/task2/include/task2/task2/msg/detail/robo_status__functions.h
[3.272s] -- Up-to-date: /root/ros2_ws/install/task2/include/task2/task2/msg/robot_status.h
[3.272s] -- Up-to-date: /root/ros2_ws/install/task2/include/task2/task2/msg/rosidl_generator_c__visibility_control.h
[3.273s] -- Installing: /root/ros2_ws/install/task2/include/task2/task2/msg/robo_status.h
[3.273s] -- Up-to-date: /root/ros2_ws/install/task2/share/task2/environment/library_path.sh
[3.273s] -- Installing: /root/ros2_ws/install/task2/share/task2/environment/library_path.dsv
[3.273s] -- Installing: /root/ros2_ws/install/task2/lib/libtask2__rosidl_generator_c.so
[3.273s] -- Set non-toolchain portion of runtime path of "/root/ros2_ws/install/task2/lib/libtask2__rosidl_generator_c.so" to ""
[3.273s] -- Up-to-date: /root/ros2_ws/install/task2/include/task2/task2
[3.273s] -- Up-to-date: /root/ros2_ws/install/task2/include/task2/task2/msg
[3.274s] -- Up-to-date: /root/ros2_ws/install/task2/include/task2/task2/msg/detail
[3.274s] -- Up-to-date: /root/ros2_ws/install/task2/include/task2/task2/msg/detail/robot_status__rosidl_typesupport_fastrtps_c.h
[3.274s] -- Installing: /root/ros2_ws/install/task2/include/task2/task2/msg/detail/robo_status__rosidl_typesupport_fastrtps_c.h
[3.274s] -- Up-to-date: /root/ros2_ws/install/task2/include/task2/task2/msg/rosidl_typesupport_fastrtps_c__visibility_control.h
[3.274s] -- Installing: /root/ros2_ws/install/task2/lib/libtask2__rosidl_typesupport_fastrtps_c.so
[3.274s] -- Set non-toolchain portion of runtime path of "/root/ros2_ws/install/task2/lib/libtask2__rosidl_typesupport_fastrtps_c.so" to ""
[3.274s] -- Up-to-date: /root/ros2_ws/install/task2/include/task2/task2
[3.274s] -- Up-to-date: /root/ros2_ws/install/task2/include/task2/task2/msg
[3.274s] -- Up-to-date: /root/ros2_ws/install/task2/include/task2/task2/msg/detail
[3.274s] -- Installing: /root/ros2_ws/install/task2/include/task2/task2/msg/detail/robo_status__rosidl_typesupport_introspection_c.h
[3.275s] -- Up-to-date: /root/ros2_ws/install/task2/include/task2/task2/msg/detail/robot_status__type_support.c
[3.275s] -- Installing: /root/ros2_ws/install/task2/include/task2/task2/msg/detail/robo_status__type_support.c
[3.275s] -- Up-to-date: /root/ros2_ws/install/task2/include/task2/task2/msg/detail/robot_status__rosidl_typesupport_introspection_c.h
[3.275s] -- Up-to-date: /root/ros2_ws/install/task2/include/task2/task2/msg/rosidl_typesupport_introspection_c__visibility_control.h
[3.275s] -- Installing: /root/ros2_ws/install/task2/lib/libtask2__rosidl_typesupport_introspection_c.so
[3.275s] -- Set non-toolchain portion of runtime path of "/root/ros2_ws/install/task2/lib/libtask2__rosidl_typesupport_introspection_c.so" to ""
[3.275s] -- Installing: /root/ros2_ws/install/task2/lib/libtask2__rosidl_typesupport_c.so
[3.275s] -- Set non-toolchain portion of runtime path of "/root/ros2_ws/install/task2/lib/libtask2__rosidl_typesupport_c.so" to ""
[3.275s] -- Up-to-date: /root/ros2_ws/install/task2/include/task2/task2
[3.275s] -- Up-to-date: /root/ros2_ws/install/task2/include/task2/task2/msg
[3.275s] -- Up-to-date: /root/ros2_ws/install/task2/include/task2/task2/msg/detail
[3.275s] -- Up-to-date: /root/ros2_ws/install/task2/include/task2/task2/msg/detail/robot_status__type_support.hpp
[3.276s] -- Installing: /root/ros2_ws/install/task2/include/task2/task2/msg/detail/robo_status__traits.hpp
[3.276s] -- Up-to-date: /root/ros2_ws/install/task2/include/task2/task2/msg/detail/robot_status__struct.hpp
[3.276s] -- Up-to-date: /root/ros2_ws/install/task2/include/task2/task2/msg/detail/robot_status__builder.hpp
[3.276s] -- Installing: /root/ros2_ws/install/task2/include/task2/task2/msg/detail/robo_status__type_support.hpp
[3.276s] -- Up-to-date: /root/ros2_ws/install/task2/include/task2/task2/msg/detail/robot_status__traits.hpp
[3.276s] -- Installing: /root/ros2_ws/install/task2/include/task2/task2/msg/detail/robo_status__struct.hpp
[3.276s] -- Installing: /root/ros2_ws/install/task2/include/task2/task2/msg/detail/robo_status__builder.hpp
[3.276s] -- Up-to-date: /root/ros2_ws/install/task2/include/task2/task2/msg/rosidl_generator_cpp__visibility_control.hpp
[3.276s] -- Up-to-date: /root/ros2_ws/install/task2/include/task2/task2/msg/robot_status.hpp
[3.276s] -- Installing: /root/ros2_ws/install/task2/include/task2/task2/msg/robo_status.hpp
[3.276s] -- Up-to-date: /root/ros2_ws/install/task2/include/task2/task2
[3.276s] -- Up-to-date: /root/ros2_ws/install/task2/include/task2/task2/msg
[3.276s] -- Up-to-date: /root/ros2_ws/install/task2/include/task2/task2/msg/detail
[3.276s] -- Installing: /root/ros2_ws/install/task2/include/task2/task2/msg/detail/robo_status__rosidl_typesupport_fastrtps_cpp.hpp
[3.277s] -- Up-to-date: /root/ros2_ws/install/task2/include/task2/task2/msg/detail/dds_fastrtps
[3.277s] -- Up-to-date: /root/ros2_ws/install/task2/include/task2/task2/msg/detail/robot_status__rosidl_typesupport_fastrtps_cpp.hpp
[3.277s] -- Up-to-date: /root/ros2_ws/install/task2/include/task2/task2/msg/rosidl_typesupport_fastrtps_cpp__visibility_control.h
[3.277s] -- Installing: /root/ros2_ws/install/task2/lib/libtask2__rosidl_typesupport_fastrtps_cpp.so
[3.277s] -- Set non-toolchain portion of runtime path of "/root/ros2_ws/install/task2/lib/libtask2__rosidl_typesupport_fastrtps_cpp.so" to ""
[3.277s] -- Up-to-date: /root/ros2_ws/install/task2/include/task2/task2
[3.277s] -- Up-to-date: /root/ros2_ws/install/task2/include/task2/task2/msg
[3.277s] -- Up-to-date: /root/ros2_ws/install/task2/include/task2/task2/msg/detail
[3.277s] -- Up-to-date: /root/ros2_ws/install/task2/include/task2/task2/msg/detail/robot_status__type_support.cpp
[3.277s] -- Installing: /root/ros2_ws/install/task2/include/task2/task2/msg/detail/robo_status__rosidl_typesupport_introspection_cpp.hpp
[3.277s] -- Installing: /root/ros2_ws/install/task2/include/task2/task2/msg/detail/robo_status__type_support.cpp
[3.277s] -- Up-to-date: /root/ros2_ws/install/task2/include/task2/task2/msg/detail/robot_status__rosidl_typesupport_introspection_cpp.hpp
[3.277s] -- Installing: /root/ros2_ws/install/task2/lib/libtask2__rosidl_typesupport_introspection_cpp.so
[3.278s] -- Set non-toolchain portion of runtime path of "/root/ros2_ws/install/task2/lib/libtask2__rosidl_typesupport_introspection_cpp.so" to ""
[3.278s] -- Installing: /root/ros2_ws/install/task2/lib/libtask2__rosidl_typesupport_cpp.so
[3.278s] -- Set non-toolchain portion of runtime path of "/root/ros2_ws/install/task2/lib/libtask2__rosidl_typesupport_cpp.so" to ""
[3.278s] -- Up-to-date: /root/ros2_ws/install/task2/share/task2/environment/pythonpath.sh
[3.278s] -- Installing: /root/ros2_ws/install/task2/share/task2/environment/pythonpath.dsv
[3.278s] -- Up-to-date: /root/ros2_ws/install/task2/local/lib/python3.10/dist-packages/task2-0.0.0-py3.10.egg-info
[3.278s] -- Installing: /root/ros2_ws/install/task2/local/lib/python3.10/dist-packages/task2-0.0.0-py3.10.egg-info/PKG-INFO
[3.278s] -- Installing: /root/ros2_ws/install/task2/local/lib/python3.10/dist-packages/task2-0.0.0-py3.10.egg-info/top_level.txt
[3.278s] -- Installing: /root/ros2_ws/install/task2/local/lib/python3.10/dist-packages/task2-0.0.0-py3.10.egg-info/dependency_links.txt
[3.278s] -- Installing: /root/ros2_ws/install/task2/local/lib/python3.10/dist-packages/task2-0.0.0-py3.10.egg-info/SOURCES.txt
[3.279s] -- Up-to-date: /root/ros2_ws/install/task2/local/lib/python3.10/dist-packages/task2
[3.279s] -- Up-to-date: /root/ros2_ws/install/task2/local/lib/python3.10/dist-packages/task2/msg
[3.279s] -- Installing: /root/ros2_ws/install/task2/local/lib/python3.10/dist-packages/task2/msg/_robo_status_s.c
[3.279s] -- Up-to-date: /root/ros2_ws/install/task2/local/lib/python3.10/dist-packages/task2/msg/_robot_status.py
[3.279s] -- Up-to-date: /root/ros2_ws/install/task2/local/lib/python3.10/dist-packages/task2/msg/_robot_status_s.c
[3.279s] -- Installing: /root/ros2_ws/install/task2/local/lib/python3.10/dist-packages/task2/msg/__init__.py
[3.279s] -- Installing: /root/ros2_ws/install/task2/local/lib/python3.10/dist-packages/task2/msg/_robo_status.py
[3.279s] -- Installing: /root/ros2_ws/install/task2/local/lib/python3.10/dist-packages/task2/libtask2__rosidl_generator_py.so
[3.279s] -- Installing: /root/ros2_ws/install/task2/local/lib/python3.10/dist-packages/task2/task2_s__rosidl_typesupport_c.cpython-310-x86_64-linux-gnu.so
[3.279s] -- Installing: /root/ros2_ws/install/task2/local/lib/python3.10/dist-packages/task2/_task2_s.ep.rosidl_typesupport_c.c
[3.279s] -- Installing: /root/ros2_ws/install/task2/local/lib/python3.10/dist-packages/task2/task2_s__rosidl_typesupport_introspection_c.cpython-310-x86_64-linux-gnu.so
[3.279s] -- Installing: /root/ros2_ws/install/task2/local/lib/python3.10/dist-packages/task2/_task2_s.ep.rosidl_typesupport_introspection_c.c
[3.279s] -- Installing: /root/ros2_ws/install/task2/local/lib/python3.10/dist-packages/task2/_task2_s.ep.rosidl_typesupport_fastrtps_c.c
[3.280s] -- Installing: /root/ros2_ws/install/task2/local/lib/python3.10/dist-packages/task2/task2_s__rosidl_typesupport_fastrtps_c.cpython-310-x86_64-linux-gnu.so
[3.280s] -- Installing: /root/ros2_ws/install/task2/local/lib/python3.10/dist-packages/task2/__init__.py
[3.327s] Listing '/root/ros2_ws/install/task2/local/lib/python3.10/dist-packages/task2'...
[3.327s] Compiling '/root/ros2_ws/install/task2/local/lib/python3.10/dist-packages/task2/__init__.py'...
[3.327s] Listing '/root/ros2_ws/install/task2/local/lib/python3.10/dist-packages/task2/msg'...
[3.327s] Compiling '/root/ros2_ws/install/task2/local/lib/python3.10/dist-packages/task2/msg/__init__.py'...
[3.327s] Compiling '/root/ros2_ws/install/task2/local/lib/python3.10/dist-packages/task2/msg/_robo_status.py'...
[3.330s] -- Installing: /root/ros2_ws/install/task2/local/lib/python3.10/dist-packages/task2/task2_s__rosidl_typesupport_fastrtps_c.cpython-310-x86_64-linux-gnu.so
[3.330s] -- Set non-toolchain portion of runtime path of "/root/ros2_ws/install/task2/local/lib/python3.10/dist-packages/task2/task2_s__rosidl_typesupport_fastrtps_c.cpython-310-x86_64-linux-gnu.so" to ""
[3.330s] -- Installing: /root/ros2_ws/install/task2/local/lib/python3.10/dist-packages/task2/task2_s__rosidl_typesupport_introspection_c.cpython-310-x86_64-linux-gnu.so
[3.330s] -- Set non-toolchain portion of runtime path of "/root/ros2_ws/install/task2/local/lib/python3.10/dist-packages/task2/task2_s__rosidl_typesupport_introspection_c.cpython-310-x86_64-linux-gnu.so" to ""
[3.331s] -- Installing: /root/ros2_ws/install/task2/local/lib/python3.10/dist-packages/task2/task2_s__rosidl_typesupport_c.cpython-310-x86_64-linux-gnu.so
[3.331s] -- Set non-toolchain portion of runtime path of "/root/ros2_ws/install/task2/local/lib/python3.10/dist-packages/task2/task2_s__rosidl_typesupport_c.cpython-310-x86_64-linux-gnu.so" to ""
[3.331s] -- Installing: /root/ros2_ws/install/task2/lib/libtask2__rosidl_generator_py.so
[3.331s] -- Set non-toolchain portion of runtime path of "/root/ros2_ws/install/task2/lib/libtask2__rosidl_generator_py.so" to ""
[3.331s] -- Up-to-date: /root/ros2_ws/install/task2/share/ament_index/resource_index/rust_packages/task2
[3.331s] -- Up-to-date: /root/ros2_ws/install/task2/share/task2/rust
[3.331s] -- Installing: /root/ros2_ws/install/task2/share/task2/rust/Cargo.toml
[3.331s] -- Up-to-date: /root/ros2_ws/install/task2/share/task2/rust/src
[3.331s] -- Up-to-date: /root/ros2_ws/install/task2/share/task2/rust/src/msg
[3.331s] -- Installing: /root/ros2_ws/install/task2/share/task2/rust/src/msg/rmw.rs
[3.331s] -- Installing: /root/ros2_ws/install/task2/share/task2/rust/src/msg.rs
[3.331s] -- Installing: /root/ros2_ws/install/task2/share/task2/rust/src/lib.rs
[3.331s] -- Installing: /root/ros2_ws/install/task2/share/task2/rust/build.rs
[3.331s] -- Installing: /root/ros2_ws/install/task2/share/task2/msg/RoboStatus.idl
[3.331s] -- Installing: /root/ros2_ws/install/task2/share/task2/msg/RoboStatus.msg
[3.332s] -- Up-to-date: /root/ros2_ws/install/task2/share/ament_index/resource_index/package_run_dependencies/task2
[3.332s] -- Installing: /root/ros2_ws/install/task2/share/ament_index/resource_index/parent_prefix_path/task2
[3.332s] -- Up-to-date: /root/ros2_ws/install/task2/share/task2/environment/ament_prefix_path.sh
[3.332s] -- Installing: /root/ros2_ws/install/task2/share/task2/environment/ament_prefix_path.dsv
[3.332s] -- Up-to-date: /root/ros2_ws/install/task2/share/task2/environment/path.sh
[3.332s] -- Installing: /root/ros2_ws/install/task2/share/task2/environment/path.dsv
[3.332s] -- Up-to-date: /root/ros2_ws/install/task2/share/task2/local_setup.bash
[3.332s] -- Up-to-date: /root/ros2_ws/install/task2/share/task2/local_setup.sh
[3.332s] -- Up-to-date: /root/ros2_ws/install/task2/share/task2/local_setup.zsh
[3.332s] -- Installing: /root/ros2_ws/install/task2/share/task2/local_setup.dsv
[3.332s] -- Installing: /root/ros2_ws/install/task2/share/task2/package.dsv
[3.332s] -- Up-to-date: /root/ros2_ws/install/task2/share/ament_index/resource_index/packages/task2
[3.332s] -- Up-to-date: /root/ros2_ws/install/task2/share/task2/cmake/export_task2__rosidl_generator_cExport.cmake
[3.332s] -- Up-to-date: /root/ros2_ws/install/task2/share/task2/cmake/export_task2__rosidl_generator_cExport-noconfig.cmake
[3.332s] -- Up-to-date: /root/ros2_ws/install/task2/share/task2/cmake/export_task2__rosidl_typesupport_fastrtps_cExport.cmake
[3.332s] -- Up-to-date: /root/ros2_ws/install/task2/share/task2/cmake/export_task2__rosidl_typesupport_fastrtps_cExport-noconfig.cmake
[3.332s] -- Up-to-date: /root/ros2_ws/install/task2/share/task2/cmake/task2__rosidl_typesupport_introspection_cExport.cmake
[3.332s] -- Up-to-date: /root/ros2_ws/install/task2/share/task2/cmake/task2__rosidl_typesupport_introspection_cExport-noconfig.cmake
[3.332s] -- Up-to-date: /root/ros2_ws/install/task2/share/task2/cmake/task2__rosidl_typesupport_cExport.cmake
[3.332s] -- Up-to-date: /root/ros2_ws/install/task2/share/task2/cmake/task2__rosidl_typesupport_cExport-noconfig.cmake
[3.332s] -- Up-to-date: /root/ros2_ws/install/task2/share/task2/cmake/export_task2__rosidl_generator_cppExport.cmake
[3.332s] -- Up-to-date: /root/ros2_ws/install/task2/share/task2/cmake/export_task2__rosidl_typesupport_fastrtps_cppExport.cmake
[3.332s] -- Up-to-date: /root/ros2_ws/install/task2/share/task2/cmake/export_task2__rosidl_typesupport_fastrtps_cppExport-noconfig.cmake
[3.333s] -- Up-to-date: /root/ros2_ws/install/task2/share/task2/cmake/task2__rosidl_typesupport_introspection_cppExport.cmake
[3.333s] -- Up-to-date: /root/ros2_ws/install/task2/share/task2/cmake/task2__rosidl_typesupport_introspection_cppExport-noconfig.cmake
[3.333s] -- Up-to-date: /root/ros2_ws/install/task2/share/task2/cmake/task2__rosidl_typesupport_cppExport.cmake
[3.333s] -- Up-to-date: /root/ros2_ws/install/task2/share/task2/cmake/task2__rosidl_typesupport_cppExport-noconfig.cmake
[3.333s] -- Up-to-date: /root/ros2_ws/install/task2/share/task2/cmake/export_task2__rosidl_generator_pyExport.cmake
[3.333s] -- Up-to-date: /root/ros2_ws/install/task2/share/task2/cmake/export_task2__rosidl_generator_pyExport-noconfig.cmake
[3.333s] -- Installing: /root/ros2_ws/install/task2/share/task2/cmake/rosidl_cmake-extras.cmake
[3.333s] -- Up-to-date: /root/ros2_ws/install/task2/share/task2/cmake/ament_cmake_export_include_directories-extras.cmake
[3.333s] -- Up-to-date: /root/ros2_ws/install/task2/share/task2/cmake/ament_cmake_export_libraries-extras.cmake
[3.333s] -- Up-to-date: /root/ros2_ws/install/task2/share/task2/cmake/ament_cmake_export_targets-extras.cmake
[3.333s] -- Up-to-date: /root/ros2_ws/install/task2/share/task2/cmake/rosidl_cmake_export_typesupport_targets-extras.cmake
[3.333s] -- Up-to-date: /root/ros2_ws/install/task2/share/task2/cmake/ament_cmake_export_dependencies-extras.cmake
[3.333s] -- Up-to-date: /root/ros2_ws/install/task2/share/task2/cmake/rosidl_cmake_export_typesupport_libraries-extras.cmake
[3.333s] -- Up-to-date: /root/ros2_ws/install/task2/share/task2/cmake/task2Config.cmake
[3.333s] -- Up-to-date: /root/ros2_ws/install/task2/share/task2/cmake/task2Config-version.cmake
[3.333s] -- Up-to-date: /root/ros2_ws/install/task2/share/task2/package.xml
[3.335s] Invoked command in '/root/ros2_ws/build/task2' returned '0': CMAKE_PREFIX_PATH=${CMAKE_PREFIX_PATH}:/root/ros2_ws/install/task2_tester:/root/ros2_ws/install/task1:/root/ros2_ws/install/py_srvcli:/root/ros2_ws/install/py_pubsub:/root/ros2_ws/install/my_action_pkg:/root/ros2_ws/install/launch_testing_examples:/root/ros2_ws/install/examples_rclpy_pointcloud_publisher:/root/ros2_ws/install/examples_rclpy_minimal_subscriber:/root/ros2_ws/install/examples_rclpy_minimal_service:/root/ros2_ws/install/examples_rclpy_minimal_publisher:/root/ros2_ws/install/examples_rclpy_minimal_client:/root/ros2_ws/install/examples_rclpy_minimal_action_server:/root/ros2_ws/install/examples_rclpy_minimal_action_client:/root/ros2_ws/install/examples_rclpy_guard_conditions:/root/ros2_ws/install/examples_rclpy_executors:/opt/ros/humble /usr/bin/cmake --install /root/ros2_ws/build/task2
